Component: Arm Compiler for Embedded 6.19 Tool: armlink [5e73cb00]

==============================================================================

Section Cross References

    startup_stm32g431xx.o(STACK) refers (Special) to heapauxi.o(.text) for __use_two_region_memory
    startup_stm32g431xx.o(HEAP) refers (Special) to heapauxi.o(.text) for __use_two_region_memory
    startup_stm32g431xx.o(RESET) refers (Special) to heapauxi.o(.text) for __use_two_region_memory
    startup_stm32g431xx.o(RESET) refers to startup_stm32g431xx.o(STACK) for __initial_sp
    startup_stm32g431xx.o(RESET) refers to startup_stm32g431xx.o(.text) for Reset_Handler
    startup_stm32g431xx.o(RESET) refers to stm32g4xx_it.o(.text.NMI_Handler) for NMI_Handler
    startup_stm32g431xx.o(RESET) refers to stm32g4xx_it.o(.text.HardFault_Handler) for HardFault_Handler
    startup_stm32g431xx.o(RESET) refers to stm32g4xx_it.o(.text.MemManage_Handler) for MemManage_Handler
    startup_stm32g431xx.o(RESET) refers to stm32g4xx_it.o(.text.BusFault_Handler) for BusFault_Handler
    startup_stm32g431xx.o(RESET) refers to stm32g4xx_it.o(.text.UsageFault_Handler) for UsageFault_Handler
    startup_stm32g431xx.o(RESET) refers to stm32g4xx_it.o(.text.SVC_Handler) for SVC_Handler
    startup_stm32g431xx.o(RESET) refers to stm32g4xx_it.o(.text.DebugMon_Handler) for DebugMon_Handler
    startup_stm32g431xx.o(RESET) refers to stm32g4xx_it.o(.text.PendSV_Handler) for PendSV_Handler
    startup_stm32g431xx.o(RESET) refers to stm32g4xx_it.o(.text.SysTick_Handler) for SysTick_Handler
    startup_stm32g431xx.o(RESET) refers to stm32g4xx_it.o(.text.DMA1_Channel1_IRQHandler) for DMA1_Channel1_IRQHandler
    startup_stm32g431xx.o(RESET) refers to stm32g4xx_it.o(.text.USB_LP_IRQHandler) for USB_LP_IRQHandler
    startup_stm32g431xx.o(RESET) refers to stm32g4xx_it.o(.text.TIM1_UP_TIM16_IRQHandler) for TIM1_UP_TIM16_IRQHandler
    startup_stm32g431xx.o(RESET) refers to stm32g4xx_it.o(.text.TIM3_IRQHandler) for TIM3_IRQHandler
    startup_stm32g431xx.o(.text) refers (Special) to heapauxi.o(.text) for __use_two_region_memory
    startup_stm32g431xx.o(.text) refers to system_stm32g4xx.o(.text.SystemInit) for SystemInit
    startup_stm32g431xx.o(.text) refers to __main.o(!!!main) for __main
    startup_stm32g431xx.o(.text) refers to startup_stm32g431xx.o(HEAP) for Heap_Mem
    startup_stm32g431xx.o(.text) refers to startup_stm32g431xx.o(STACK) for Stack_Mem
    as5600.o(.text.AS5600_Init) refers to as5600.o(.text.AS_read_reg_u16) for AS_read_reg_u16
    as5600.o(.text.AS5600_Init) refers to as5600.o(.text.AS_write_reg_u16) for AS_write_reg_u16
    as5600.o(.text.AS5600_Init) refers to stm32g4xx_hal.o(.text.HAL_Delay) for HAL_Delay
    as5600.o(.text.AS5600_Init) refers to as5600.o(.text.AS_write_reg_u8) for AS_write_reg_u8
    as5600.o(.ARM.exidx.text.AS5600_Init) refers to as5600.o(.text.AS5600_Init) for [Anonymous Symbol]
    as5600.o(.text.AS_read_reg_u16) refers to as5600.o(.text.I2C_strat) for I2C_strat
    as5600.o(.text.AS_read_reg_u16) refers to as5600.o(.text.I2C_write_data_u8) for I2C_write_data_u8
    as5600.o(.text.AS_read_reg_u16) refers to as5600.o(.text.I2C_wait_ACK) for I2C_wait_ACK
    as5600.o(.text.AS_read_reg_u16) refers to as5600.o(.text.I2C_read_data_u16) for I2C_read_data_u16
    as5600.o(.text.AS_read_reg_u16) refers to as5600.o(.text.I2C_NACK) for I2C_NACK
    as5600.o(.text.AS_read_reg_u16) refers to as5600.o(.text.I2C_end) for I2C_end
    as5600.o(.ARM.exidx.text.AS_read_reg_u16) refers to as5600.o(.text.AS_read_reg_u16) for [Anonymous Symbol]
    as5600.o(.text.AS_write_reg_u16) refers to as5600.o(.text.I2C_strat) for I2C_strat
    as5600.o(.text.AS_write_reg_u16) refers to as5600.o(.text.I2C_write_data_u8) for I2C_write_data_u8
    as5600.o(.text.AS_write_reg_u16) refers to as5600.o(.text.I2C_wait_ACK) for I2C_wait_ACK
    as5600.o(.text.AS_write_reg_u16) refers to as5600.o(.text.I2C_write_data_u16) for I2C_write_data_u16
    as5600.o(.text.AS_write_reg_u16) refers to as5600.o(.text.I2C_end) for I2C_end
    as5600.o(.ARM.exidx.text.AS_write_reg_u16) refers to as5600.o(.text.AS_write_reg_u16) for [Anonymous Symbol]
    as5600.o(.text.AS_write_reg_u8) refers to as5600.o(.text.I2C_strat) for I2C_strat
    as5600.o(.text.AS_write_reg_u8) refers to as5600.o(.text.I2C_write_data_u8) for I2C_write_data_u8
    as5600.o(.text.AS_write_reg_u8) refers to as5600.o(.text.I2C_wait_ACK) for I2C_wait_ACK
    as5600.o(.text.AS_write_reg_u8) refers to as5600.o(.text.I2C_end) for I2C_end
    as5600.o(.ARM.exidx.text.AS_write_reg_u8) refers to as5600.o(.text.AS_write_reg_u8) for [Anonymous Symbol]
    as5600.o(.text.I2c_delay) refers to delay.o(.text.delay_us) for delay_us
    as5600.o(.ARM.exidx.text.I2c_delay) refers to as5600.o(.text.I2c_delay) for [Anonymous Symbol]
    as5600.o(.text.I2C_strat) refers to as5600.o(.text.LL_GPIO_SetOutputPin) for LL_GPIO_SetOutputPin
    as5600.o(.text.I2C_strat) refers to as5600.o(.text.I2c_delay) for I2c_delay
[...]
    USB_DisableGlobalInt                     0x0800acc9   Thumb Code    30  stm32g4xx_ll_usb.o(.text.USB_DisableGlobalInt)
    USB_EPClearStall                         0x0800ace9   Thumb Code   328  stm32g4xx_ll_usb.o(.text.USB_EPClearStall)
    USB_EPSetStall                           0x0800ae31   Thumb Code   136  stm32g4xx_ll_usb.o(.text.USB_EPSetStall)
    USB_EPStartXfer                          0x0800aeb9   Thumb Code  3540  stm32g4xx_ll_usb.o(.text.USB_EPStartXfer)
    USB_EnableGlobalInt                      0x0800bc8d   Thumb Code    30  stm32g4xx_ll_usb.o(.text.USB_EnableGlobalInt)
    USB_LP_IRQHandler                        0x0800bcad   Thumb Code    16  stm32g4xx_it.o(.text.USB_LP_IRQHandler)
    USB_ReadInterrupts                       0x0800bcbd   Thumb Code    18  stm32g4xx_ll_usb.o(.text.USB_ReadInterrupts)
    USB_ReadPMA                              0x0800bcd1   Thumb Code   132  stm32g4xx_ll_usb.o(.text.USB_ReadPMA)
    USB_SetDevAddress                        0x0800bd55   Thumb Code    32  stm32g4xx_ll_usb.o(.text.USB_SetDevAddress)
    USB_WritePMA                             0x0800bd75   Thumb Code   116  stm32g4xx_ll_usb.o(.text.USB_WritePMA)
    UsageFault_Handler                       0x0800bde9   Thumb Code     4  stm32g4xx_it.o(.text.UsageFault_Handler)
    _cos                                     0x0800bfb9   Thumb Code   184  foc.o(.text._cos)
    _sin                                     0x0800c071   Thumb Code  1144  foc.o(.text._sin)
    delay_init                               0x0800c4e9   Thumb Code    24  delay.o(.text.delay_init)
    delay_us                                 0x0800c501   Thumb Code   138  delay.o(.text.delay_us)
    main                                     0x0800c58d   Thumb Code   478  main.o(.text.main)
    _btod_d2e                                0x0800c76b   Thumb Code    62  btod.o(CL$$btod_d2e)
    _d2e_denorm_low                          0x0800c7a9   Thumb Code    70  btod.o(CL$$btod_d2e_denorm_low)
    _d2e_norm_op1                            0x0800c7ef   Thumb Code    96  btod.o(CL$$btod_d2e_norm_op1)
    __btod_div_common                        0x0800c851   Thumb Code   696  btod.o(CL$$btod_div_common)
    _e2e                                     0x0800cb89   Thumb Code   220  btod.o(CL$$btod_e2e)
    _btod_ediv                               0x0800cc65   Thumb Code    42  btod.o(CL$$btod_ediv)
    _btod_emul                               0x0800cc8f   Thumb Code    42  btod.o(CL$$btod_emul)
    __btod_mult_common                       0x0800ccb9   Thumb Code   580  btod.o(CL$$btod_mult_common)
    __ARM_fpclassify                         0x0800cefd   Thumb Code    48  fpclassify.o(i.__ARM_fpclassify)
    _is_digit                                0x0800cf2d   Thumb Code    14  __printf_wp.o(i._is_digit)
    _get_lc_numeric                          0x0800cf3d   Thumb Code    44  lc_numeric_c.o(locale$$code)
    _get_lc_ctype                            0x0800cf69   Thumb Code    44  lc_ctype_c.o(locale$$code)
    __aeabi_d2f                              0x0800cf95   Thumb Code     0  d2f.o(x$fpl$d2f)
    _d2f                                     0x0800cf95   Thumb Code    98  d2f.o(x$fpl$d2f)
    __aeabi_dadd                             0x0800cff9   Thumb Code     0  daddsub_clz.o(x$fpl$dadd)
    _dadd                                    0x0800cff9   Thumb Code   332  daddsub_clz.o(x$fpl$dadd)
    __fpl_dcmp_Inf                           0x0800d149   Thumb Code    24  dcmpi.o(x$fpl$dcmpinf)
    __aeabi_ddiv                             0x0800d161   Thumb Code     0  ddiv.o(x$fpl$ddiv)
    _ddiv                                    0x0800d161   Thumb Code   556  ddiv.o(x$fpl$ddiv)
    __aeabi_cdcmpeq                          0x0800d415   Thumb Code     0  deqf.o(x$fpl$deqf)
    _dcmpeq                                  0x0800d415   Thumb Code   120  deqf.o(x$fpl$deqf)
    __aeabi_d2iz                             0x0800d48d   Thumb Code     0  dfix.o(x$fpl$dfix)
    _dfix                                    0x0800d48d   Thumb Code    94  dfix.o(x$fpl$dfix)
    __aeabi_i2d                              0x0800d4eb   Thumb Code     0  dflt_clz.o(x$fpl$dflt)
    _dflt                                    0x0800d4eb   Thumb Code    46  dflt_clz.o(x$fpl$dflt)
    __aeabi_cdcmpge                          0x0800d519   Thumb Code     0  dgeqf.o(x$fpl$dgeqf)
    _dcmpge                                  0x0800d519   Thumb Code   120  dgeqf.o(x$fpl$dgeqf)
    __aeabi_cdcmple                          0x0800d591   Thumb Code     0  dleqf.o(x$fpl$dleqf)
    _dcmple                                  0x0800d591   Thumb Code   120  dleqf.o(x$fpl$dleqf)
    __fpl_dcmple_InfNaN                      0x0800d5f3   Thumb Code     0  dleqf.o(x$fpl$dleqf)
    __aeabi_dmul                             0x0800d609   Thumb Code     0  dmul.o(x$fpl$dmul)
    _dmul                                    0x0800d609   Thumb Code   332  dmul.o(x$fpl$dmul)
    __fpl_dnaninf                            0x0800d75d   Thumb Code   156  dnaninf.o(x$fpl$dnaninf)
    __fpl_dretinf                            0x0800d7f9   Thumb Code    12  dretinf.o(x$fpl$dretinf)
    __aeabi_dsub                             0x0800d805   Thumb Code     0  daddsub_clz.o(x$fpl$dsub)
    _dsub                                    0x0800d805   Thumb Code   472  daddsub_clz.o(x$fpl$dsub)
    __aeabi_f2d                              0x0800d9e1   Thumb Code     0  f2d.o(x$fpl$f2d)
    _f2d                                     0x0800d9e1   Thumb Code    86  f2d.o(x$fpl$f2d)
    __aeabi_dcmpeq                           0x0800da37   Thumb Code     0  dcmp.o(x$fpl$fcmp)
    _deq                                     0x0800da37   Thumb Code    14  dcmp.o(x$fpl$fcmp)
    _dneq                                    0x0800da45   Thumb Code    14  dcmp.o(x$fpl$fcmp)
    __aeabi_dcmpgt                           0x0800da53   Thumb Code     0  dcmp.o(x$fpl$fcmp)
    _dgr                                     0x0800da53   Thumb Code    14  dcmp.o(x$fpl$fcmp)
    __aeabi_dcmpge                           0x0800da61   Thumb Code     0  dcmp.o(x$fpl$fcmp)
    _dgeq                                    0x0800da61   Thumb Code    14  dcmp.o(x$fpl$fcmp)
    __aeabi_dcmple                           0x0800da6f   Thumb Code     0  dcmp.o(x$fpl$fcmp)
    _dleq                                    0x0800da6f   Thumb Code    14  dcmp.o(x$fpl$fcmp)
    __aeabi_dcmplt                           0x0800da7d   Thumb Code     0  dcmp.o(x$fpl$fcmp)
    _dls                                     0x0800da7d   Thumb Code    14  dcmp.o(x$fpl$fcmp)
    __fpl_fnaninf                            0x0800da8b   Thumb Code   140  fnaninf.o(x$fpl$fnaninf)
    _fp_init                                 0x0800db17   Thumb Code    26  fpinit.o(x$fpl$fpinit)
    __fplib_config_fpu_vfp                   0x0800db2f   Thumb Code     0  fpinit.o(x$fpl$fpinit)
    __fplib_config_pureend_doubles           0x0800db2f   Thumb Code     0  fpinit.o(x$fpl$fpinit)
    __fpl_fretinf                            0x0800db31   Thumb Code    10  fretinf.o(x$fpl$fretinf)
    _printf_fp_dec                           0x0800db3b   Thumb Code     4  printf1.o(x$fpl$printf1)
    _printf_fp_hex                           0x0800db3f   Thumb Code     4  printf2.o(x$fpl$printf2)
    __I$use$fp                               0x0800db42   Number         0  usenofp.o(x$fpl$usenofp)
    Region$$Table$$Base                      0x0800dcdc   Number         0  anon$$obj.o(Region$$Table)
    Region$$Table$$Limit                     0x0800dcfc   Number         0  anon$$obj.o(Region$$Table)
    __ctype                                  0x0800dd25   Data           0  lc_ctype_c.o(locale$$data)
    CDC_Desc                                 0x20000000   Data          32  usbd_desc.o(.data.CDC_Desc)
    FOC_MOTOR                                0x20000020   Data           4  foc.o(.data.FOC_MOTOR)
    SystemCoreClock                          0x20000024   Data           4  system_stm32g4xx.o(.data.SystemCoreClock)
    USBD_CDC                                 0x20000028   Data          56  usbd_cdc.o(.data.USBD_CDC)
    USBD_CDC_DeviceDesc                      0x200000e8   Data          18  usbd_desc.o(.data.USBD_CDC_DeviceDesc)
    USBD_Interface_fops_FS                   0x2000014c   Data          20  usbd_cdc_if.o(.data.USBD_Interface_fops_FS)
    USBD_LangIDDesc                          0x20000160   Data           4  usbd_desc.o(.data.USBD_LangIDDesc)
    USBD_StringSerial                        0x20000164   Data          26  usbd_desc.o(.data.USBD_StringSerial)
    sine_array                               0x2000017e   Data         400  foc.o(.data.sine_array)
    uwTickFreq                               0x20000310   Data           4  stm32g4xx_hal.o(.data.uwTickFreq)
    uwTickPrio                               0x20000314   Data           4  stm32g4xx_hal.o(.data.uwTickPrio)
    __libspace_start                         0x20000318   Data          96  libspace.o(.bss)
    ADC_ConvertedValue                       0x20000378   Data           6  dma.o(.bss.ADC_ConvertedValue)
    __temporary_stack_top$libspace           0x20000378   Data           0  libspace.o(.bss)
    DA                                       0x20000398   Data           4  foc.o(.bss.DA)
    DB                                       0x2000039c   Data           4  foc.o(.bss.DB)
    DC                                       0x200003a0   Data           4  foc.o(.bss.DC)
    FOC_MOTOR__                              0x200003a4   Data          72  foc.o(.bss.FOC_MOTOR__)
    USBD_StrDesc                             0x200003f0   Data         512  usbd_desc.o(.bss.USBD_StrDesc)
    U_bias                                   0x20000810   Data           6  foc.o(.bss.U_bias)
    UserRxBufferFS                           0x20000816   Data        1024  usbd_cdc_if.o(.bss.UserRxBufferFS)
    UserTxBufferFS                           0x20000c16   Data        1024  usbd_cdc_if.o(.bss.UserTxBufferFS)
    angle                                    0x20001016   Data           6  as5600.o(.bss.angle)
    d1                                       0x2000101c   Data           4  foc.o(.bss.d1)
    d2                                       0x20001020   Data           4  foc.o(.bss.d2)
    d3                                       0x20001024   Data           4  foc.o(.bss.d3)
    d4                                       0x20001028   Data           4  foc.o(.bss.d4)
    d5                                       0x2000102c   Data           4  foc.o(.bss.d5)
    d6                                       0x20001030   Data           4  foc.o(.bss.d6)
    d7                                       0x20001034   Data           4  foc.o(.bss.d7)
    hUsbDeviceFS                             0x2000103c   Data         720  usb_device.o(.bss.hUsbDeviceFS)
    hfdcan1                                  0x2000130c   Data         100  fdcan.o(.bss.hfdcan1)
    hpcd_USB_FS                              0x20001370   Data         756  usbd_conf.o(.bss.hpcd_USB_FS)
    uwTick                                   0x20001664   Data           4  stm32g4xx_hal.o(.bss.uwTick)



==============================================================================

Memory Map of the image

  Image Entry point : 0x080001d9

  Load Region LR_IROM1 (Base: 0x08000000, Size: 0x0000e140, Max: 0x00020000, ABSOLUTE, COMPRESSED[0x0000e088])

    Execution Region ER_IROM1 (Exec base: 0x08000000, Load base: 0x08000000, Size: 0x0000de28, Max: 0x00020000, ABSOLUTE)

    Exec Addr    Load Addr    Size         Type   Attr      Idx    E Section Name        Object

    0x08000000   0x08000000   0x000001d8   Data   RO            3    RESET               startup_stm32g431xx.o
    0x080001d8   0x080001d8   0x00000008   Code   RO         2154  * !!!main             c_w.l(__main.o)
    0x080001e0   0x080001e0   0x00000034   Code   RO         2616    !!!scatter          c_w.l(__scatter.o)
    0x08000214   0x08000214   0x0000005a   Code   RO         2614    !!dczerorl2         c_w.l(__dczerorl2.o)
    0x0800026e   0x0800026e   0x00000002   PAD
    0x08000270   0x08000270   0x0000001c   Code   RO         2618    !!handler_zi        c_w.l(__scatter_zi.o)
    0x0800028c   0x0800028c   0x00000000   Code   RO         2286    .ARM.Collect$$_printf_percent$$00000000  c_w.l(_printf_percent.o)
    0x0800028c   0x0800028c   0x00000006   Code   RO         2275    .ARM.Collect$$_printf_percent$$00000001  c_w.l(_printf_n.o)
    0x08000292   0x08000292   0x00000006   Code   RO         2277    .ARM.Collect$$_printf_percent$$00000002  c_w.l(_printf_p.o)
    0x08000298   0x08000298   0x00000006   Code   RO         2282    .ARM.Collect$$_printf_percent$$00000003  c_w.l(_printf_f.o)
    0x0800029e   0x0800029e   0x00000006   Code   RO         2283    .ARM.Collect$$_printf_percent$$00000004  c_w.l(_printf_e.o)
    0x080002a4   0x080002a4   0x00000006   Code   RO         2284    .ARM.Collect$$_printf_percent$$00000005  c_w.l(_printf_g.o)
    0x080002aa   0x080002aa   0x00000006   Code   RO         2285    .ARM.Collect$$_printf_percent$$00000006  c_w.l(_printf_a.o)
    0x080002b0   0x080002b0   0x0000000a   Code   RO         2290    .ARM.Collect$$_printf_percent$$00000007  c_w.l(_printf_ll.o)
    0x080002ba   0x080002ba   0x00000006   Code   RO         2279    .ARM.Collect$$_printf_percent$$00000008  c_w.l(_printf_i.o)
    0x080002c0   0x080002c0   0x00000006   Code   RO         2280    .ARM.Collect$$_printf_percent$$00000009  c_w.l(_printf_d.o)
    0x080002c6   0x080002c6   0x00000006   Code   RO         2281    .ARM.Collect$$_printf_percent$$0000000A  c_w.l(_printf_u.o)
    0x080002cc   0x080002cc   0x00000006   Code   RO         2278    .ARM.Collect$$_printf_percent$$0000000B  c_w.l(_printf_o.o)
    0x080002d2   0x080002d2   0x00000006   Code   RO         2276    .ARM.Collect$$_printf_percent$$0000000C  c_w.l(_printf_x.o)
    0x080002d8   0x080002d8   0x00000006   Code   RO         2287    .ARM.Collect$$_printf_percent$$0000000D  c_w.l(_printf_lli.o)
    0x080002de   0x080002de   0x00000006   Code   RO         2288    .ARM.Collect$$_printf_percent$$0000000E  c_w.l(_printf_lld.o)
    0x080002e4   0x080002e4   0x00000006   Code   RO         2289    .ARM.Collect$$_printf_percent$$0000000F  c_w.l(_printf_llu.o)
    0x080002ea   0x080002ea   0x00000006   Code   RO         2294    .ARM.Collect$$_printf_percent$$00000010  c_w.l(_printf_llo.o)
    0x080002f0   0x080002f0   0x00000006   Code   RO         2295    .ARM.Collect$$_printf_percent$$00000011  c_w.l(_printf_llx.o)
    0x080002f6   0x080002f6   0x0000000a   Code   RO         2291    .ARM.Collect$$_printf_percent$$00000012  c_w.l(_printf_l.o)
    0x08000300   0x08000300   0x00000006   Code   RO         2273    .ARM.Collect$$_printf_percent$$00000013  c_w.l(_printf_c.o)
    0x08000306   0x08000306   0x00000006   Code   RO         2274    .ARM.Collect$$_printf_percent$$00000014  c_w.l(_printf_s.o)
    0x0800030c   0x0800030c   0x00000006   Code   RO         2292    .ARM.Collect$$_printf_percent$$00000015  c_w.l(_printf_lc.o)
    0x08000312   0x08000312   0x00000006   Code   RO         2293    .ARM.Collect$$_printf_percent$$00000016  c_w.l(_printf_ls.o)
    0x08000318   0x08000318   0x00000004   Code   RO         2402    .ARM.Collect$$_printf_percent$$00000017  c_w.l(_printf_percent_end.o)
    0x0800031c   0x0800031c   0x00000002   Code   RO         2468    .ARM.Collect$$libinit$$00000000  c_w.l(libinit.o)
    0x0800031e   0x0800031e   0x00000004   Code   RO         2480    .ARM.Collect$$libinit$$00000001  c_w.l(libinit2.o)
    0x08000322   0x08000322   0x00000000   Code   RO         2483    .ARM.Collect$$libinit$$00000004  c_w.l(libinit2.o)
    0x08000322   0x08000322   0x00000000   Code   RO         2485    .ARM.Collect$$libinit$$00000006  c_w.l(libinit2.o)
    0x08000322   0x08000322   0x00000000   Code   RO         2488    .ARM.Collect$$libinit$$0000000C  c_w.l(libinit2.o)
    0x08000322   0x08000322   0x00000000   Code   RO         2490    .ARM.Collect$$libinit$$0000000E  c_w.l(libinit2.o)
    0x08000322   0x08000322   0x00000000   Code   RO         2492    .ARM.Collect$$libinit$$00000010  c_w.l(libinit2.o)
    0x08000322   0x08000322   0x00000006   Code   RO         2493    .ARM.Collect$$libinit$$00000011  c_w.l(libinit2.o)
    0x08000328   0x08000328   0x00000000   Code   RO         2495    .ARM.Collect$$libinit$$00000013  c_w.l(libinit2.o)
    0x08000328   0x08000328   0x0000000c   Code   RO         2496    .ARM.Collect$$libinit$$00000014  c_w.l(libinit2.o)
    0x08000334   0x08000334   0x00000000   Code   RO         2497    .ARM.Collect$$libinit$$00000015  c_w.l(libinit2.o)
    0x08000334   0x08000334   0x00000000   Code   RO         2499    .ARM.Collect$$libinit$$00000017  c_w.l(libinit2.o)
    0x08000334   0x08000334   0x0000000a   Code   RO         2500    .ARM.Collect$$libinit$$00000018  c_w.l(libinit2.o)
    0x0800033e   0x0800033e   0x00000000   Code   RO         2501    .ARM.Collect$$libinit$$00000019  c_w.l(libinit2.o)
    0x0800033e   0x0800033e   0x00000000   Code   RO         2503    .ARM.Collect$$libinit$$0000001B  c_w.l(libinit2.o)
    0x0800033e   0x0800033e   0x00000000   Code   RO         2505    .ARM.Collect$$libinit$$0000001D  c_w.l(libinit2.o)
    0x0800033e   0x0800033e   0x00000000   Code   RO         2507    .ARM.Collect$$libinit$$0000001F  c_w.l(libinit2.o)
    0x0800033e   0x0800033e   0x00000000   Code   RO         2509    .ARM.Collect$$libinit$$00000021  c_w.l(libinit2.o)
    0x0800033e   0x0800033e   0x00000000   Code   RO         2511    .ARM.Collect$$libinit$$00000023  c_w.l(libinit2.o)
    0x0800033e   0x0800033e   0x00000000   Code   RO         2513    .ARM.Collect$$libinit$$00000025  c_w.l(libinit2.o)
    0x0800033e   0x0800033e   0x00000000   Code   RO         2515    .ARM.Collect$$libinit$$00000027  c_w.l(libinit2.o)
    0x0800033e   0x0800033e   0x00000000   Code   RO         2519    .ARM.Collect$$libinit$$0000002E  c_w.l(libinit2.o)
    0x0800033e   0x0800033e   0x00000000   Code   RO         2521    .ARM.Collect$$libinit$$00000030  c_w.l(libinit2.o)
    0x0800033e   0x0800033e   0x00000000   Code   RO         2523    .ARM.Collect$$libinit$$00000032  c_w.l(libinit2.o)
    0x0800033e   0x0800033e   0x00000000   Code   RO         2525    .ARM.Collect$$libinit$$00000034  c_w.l(libinit2.o)
    0x0800033e   0x0800033e   0x00000002   Code   RO         2526    .ARM.Collect$$libinit$$00000035  c_w.l(libinit2.o)
    0x08000340   0x08000340   0x00000002   Code   RO         2550    .ARM.Collect$$libshutdown$$00000000  c_w.l(libshutdown.o)
    0x08000342   0x08000342   0x00000000   Code   RO         2565    .ARM.Collect$$libshutdown$$00000002  c_w.l(libshutdown2.o)
    0x08000342   0x08000342   0x00000000   Code   RO         2567    .ARM.Collect$$libshutdown$$00000004  c_w.l(libshutdown2.o)
    0x08000342   0x08000342   0x00000000   Code   RO         2570    .ARM.Collect$$libshutdown$$00000007  c_w.l(libshutdown2.o)
    0x08000342   0x08000342   0x00000000   Code   RO         2573    .ARM.Collect$$libshutdown$$0000000A  c_w.l(libshutdown2.o)
    0x08000342   0x08000342   0x00000000   Code   RO         2575    .ARM.Collect$$libshutdown$$0000000C  c_w.l(libshutdown2.o)
    0x08000342   0x08000342   0x00000000   Code   RO         2578    .ARM.Collect$$libshutdown$$0000000F  c_w.l(libshutdown2.o)
    0x08000342   0x08000342   0x00000002   Code   RO         2579    .ARM.Collect$$libshutdown$$00000010  c_w.l(libshutdown2.o)
    0x08000344   0x08000344   0x00000000   Code   RO         2202    .ARM.Collect$$rtentry$$00000000  c_w.l(__rtentry.o)
    0x08000344   0x08000344   0x00000000   Code   RO         2366    .ARM.Collect$$rtentry$$00000002  c_w.l(__rtentry2.o)
    0x08000344   0x08000344   0x00000006   Code   RO         2378    .ARM.Collect$$rtentry$$00000004  c_w.l(__rtentry4.o)
    0x0800034a   0x0800034a   0x00000000   Code   RO         2368    .ARM.Collect$$rtentry$$00000009  c_w.l(__rtentry2.o)
    0x0800034a   0x0800034a   0x00000004   Code   RO         2369    .ARM.Collect$$rtentry$$0000000A  c_w.l(__rtentry2.o)
    0x0800034e   0x0800034e   0x00000000   Code   RO         2371    .ARM.Collect$$rtentry$$0000000C  c_w.l(__rtentry2.o)
    0x0800034e   0x0800034e   0x00000008   Code   RO         2372    .ARM.Collect$$rtentry$$0000000D  c_w.l(__rtentry2.o)
    0x08000356   0x08000356   0x00000002   Code   RO         2471    .ARM.Collect$$rtexit$$00000000  c_w.l(rtexit.o)
    0x08000358   0x08000358   0x00000000   Code   RO         2528    .ARM.Collect$$rtexit$$00000002  c_w.l(rtexit2.o)
    0x08000358   0x08000358   0x00000004   Code   RO         2529    .ARM.Collect$$rtexit$$00000003  c_w.l(rtexit2.o)
    0x0800035c   0x0800035c   0x00000006   Code   RO         2530    .ARM.Collect$$rtexit$$00000004  c_w.l(rtexit2.o)
    0x08000362   0x08000362   0x00000002   PAD
    0x08000364   0x08000364   0x00000040   Code   RO            4    .text               startup_stm32g431xx.o
    0x080003a4   0x080003a4   0x0000003c   Code   RO         2146    .text               c_w.l(vsnprintf.o)
    0x080003e0   0x080003e0   0x00000044   Code   RO         2148    .text               c_w.l(rt_memclr.o)
    0x08000424   0x08000424   0x0000004e   Code   RO         2150    .text               c_w.l(rt_memclr_w.o)
    0x08000472   0x08000472   0x00000006   Code   RO         2152    .text               c_w.l(heapauxi.o)
    0x08000478   0x08000478   0x0000004e   Code   RO         2207    .text               c_w.l(_printf_pad.o)
    0x080004c6   0x080004c6   0x00000024   Code   RO         2209    .text               c_w.l(_printf_truncate.o)
    0x080004ea   0x080004ea   0x00000052   Code   RO         2211    .text               c_w.l(_printf_str.o)
    0x0800053c   0x0800053c   0x00000078   Code   RO         2213    .text               c_w.l(_printf_dec.o)
    0x080005b4   0x080005b4   0x00000028   Code   RO         2215    .text               c_w.l(_printf_charcount.o)
    0x080005dc   0x080005dc   0x00000030   Code   RO         2217    .text               c_w.l(_printf_char_common.o)
    0x0800060c   0x0800060c   0x00000010   Code   RO         2219    .text               c_w.l(_snputc.o)
    0x0800061c   0x0800061c   0x000000bc   Code   RO         2221    .text               c_w.l(_printf_wctomb.o)
    0x080006d8   0x080006d8   0x0000007c   Code   RO         2224    .text               c_w.l(_printf_longlong_dec.o)
    0x08000754   0x08000754   0x00000070   Code   RO         2230    .text               c_w.l(_printf_oct_int_ll.o)
    0x080007c4   0x080007c4   0x00000094   Code   RO         2250    .text               c_w.l(_printf_hex_int_ll_ptr.o)
    0x08000858   0x08000858   0x00000188   Code   RO         2270    .text               c_w.l(__printf_flags_ss_wp.o)
    0x080009e0   0x080009e0   0x0000008a   Code   RO         2385    .text               c_w.l(lludiv10.o)
    0x08000a6a   0x08000a6a   0x000000b2   Code   RO         2387    .text               c_w.l(_printf_intcommon.o)
    0x08000b1c   0x08000b1c   0x0000041c   Code   RO         2389    .text               c_w.l(_printf_fp_dec.o)
    0x08000f38   0x08000f38   0x000002fc   Code   RO         2393    .text               c_w.l(_printf_fp_hex.o)
    0x08001234   0x08001234   0x0000002c   Code   RO         2398    .text               c_w.l(_printf_char.o)
    0x08001260   0x08001260   0x0000002c   Code   RO         2400    .text               c_w.l(_printf_wchar.o)
    0x0800128c   0x0800128c   0x00000048   Code   RO         2403    .text               c_w.l(_c16rtomb.o)
    0x080012d4   0x080012d4   0x00000008   Code   RO         2417    .text               c_w.l(libspace.o)
    0x080012dc   0x080012dc   0x0000004a   Code   RO         2420    .text               c_w.l(sys_stackheap_outer.o)
    0x08001326   0x08001326   0x00000002   PAD
    0x08001328   0x08001328   0x00000010   Code   RO         2422    .text               c_w.l(rt_ctype_table.o)
    0x08001338   0x08001338   0x00000008   Code   RO         2427    .text               c_w.l(rt_locale_intlibspace.o)
    0x08001340   0x08001340   0x00000080   Code   RO         2429    .text               c_w.l(_printf_fp_infnan.o)
    0x080013c0   0x080013c0   0x000000e4   Code   RO         2431    .text               c_w.l(bigflt0.o)
    0x080014a4   0x080014a4   0x00000012   Code   RO         2461    .text               c_w.l(exit.o)
    0x080014b6   0x080014b6   0x00000002   PAD
    0x080014b8   0x080014b8   0x0000007c   Code   RO         2478    .text               c_w.l(strcmpv7em.o)
    0x08001534   0x08001534   0x0000000c   Code   RO         2540    .text               c_w.l(sys_exit.o)
    0x08001540   0x08001540   0x00000002   Code   RO         2555    .text               c_w.l(use_no_semi.o)
    0x08001542   0x08001542   0x00000000   Code   RO         2557    .text               c_w.l(indicate_semi.o)
    0x08001542   0x08001542   0x00000002   PAD
    0x08001544   0x08001544   0x0000003e   Code   RO           51    .text.AS_angle_read  as5600.o
    0x08001582   0x08001582   0x00000006   PAD
    0x08001588   0x08001588   0x000001e0   Code   RO           53    .text.AS_angle_read_filter  as5600.o
    0x08001768   0x08001768   0x00000048   Code   RO           49    .text.AS_read_reg_u8  as5600.o
    0x080017b0   0x080017b0   0x00000004   Code   RO          436    .text.BusFault_Handler  stm32g4xx_it.o
    0x080017b4   0x080017b4   0x0000005c   Code   RO          596    .text.CDC_Control_FS  usbd_cdc_if.o
    0x08001810   0x08001810   0x00000004   Code   RO          594    .text.CDC_DeInit_FS  usbd_cdc_if.o
    0x08001814   0x08001814   0x00000032   Code   RO          592    .text.CDC_Init_FS   usbd_cdc_if.o
    0x08001846   0x08001846   0x00000002   PAD
    0x08001848   0x08001848   0x00000024   Code   RO          598    .text.CDC_Receive_FS  usbd_cdc_if.o
    0x0800186c   0x0800186c   0x00000018   Code   RO          600    .text.CDC_TransmitCplt_FS  usbd_cdc_if.o
    0x08001884   0x08001884   0x00000060   Code   RO          602    .text.CDC_Transmit_FS  usbd_cdc_if.o
    0x080018e4   0x080018e4   0x00000004   PAD
    0x080018e8   0x080018e8   0x00000860   Code   RO           84    .text.Current_get   foc.o
    0x08002148   0x08002148   0x00000120   Code   RO           82    .text.Current_get_init  foc.o
    0x08002268   0x08002268   0x00000002   Code   RO          448    .text.DMA1_Channel1_IRQHandler  stm32g4xx_it.o
    0x0800226a   0x0800226a   0x00000002   PAD
    0x0800226c   0x0800226c   0x00000002   Code   RO          442    .text.DebugMon_Handler  stm32g4xx_it.o
    0x0800226e   0x0800226e   0x00000002   PAD
    0x08002270   0x08002270   0x0000000e   Code   RO          204    .text.Error_Handler  main.o
    0x0800227e   0x0800227e   0x00000002   PAD
    0x08002280   0x08002280   0x0000009e   Code   RO         1665    .text.FDCAN_CalcultateRamBlockAddresses  stm32g4xx_hal_fdcan.o
    0x0800231e   0x0800231e   0x00000002   PAD
    0x08002320   0x08002320   0x00000016   Code   RO           88    .text.FOC_init      foc.o
    0x08002336   0x08002336   0x00000002   PAD
    0x08002338   0x08002338   0x0000005c   Code   RO          575    .text.Get_SerialNum  usbd_desc.o
    0x08002394   0x08002394   0x000002cc   Code   RO         1661    .text.HAL_FDCAN_Init  stm32g4xx_hal_fdcan.o
    0x08002660   0x08002660   0x00000090   Code   RO          296    .text.HAL_FDCAN_MspInit  fdcan.o
    0x080026f0   0x080026f0   0x00000368   Code   RO         1271    .text.HAL_GPIO_Init  stm32g4xx_hal_gpio.o
    0x08002a58   0x08002a58   0x0000000c   Code   RO         1021    .text.HAL_GetTick   stm32g4xx_hal.o
    0x08002a64   0x08002a64   0x0000001a   Code   RO         1019    .text.HAL_IncTick   stm32g4xx_hal.o
    0x08002a7e   0x08002a7e   0x00000002   PAD
    0x08002a80   0x08002a80   0x00000030   Code   RO         1009    .text.HAL_Init      stm32g4xx_hal.o
    0x08002ab0   0x08002ab0   0x00000088   Code   RO         1011    .text.HAL_InitTick  stm32g4xx_hal.o
    0x08002b38   0x08002b38   0x00000058   Code   RO          467    .text.HAL_MspInit   stm32g4xx_hal_msp.o
    0x08002b90   0x08002b90   0x00000014   Code   RO         1505    .text.HAL_NVIC_EnableIRQ  stm32g4xx_hal_cortex.o
    0x08002ba4   0x08002ba4   0x0000002e   Code   RO         1497    .text.HAL_NVIC_SetPriority  stm32g4xx_hal_cortex.o
    0x08002bd2   0x08002bd2   0x00000002   PAD
    0x08002bd4   0x08002bd4   0x00000010   Code   RO         1493    .text.HAL_NVIC_SetPriorityGrouping  stm32g4xx_hal_cortex.o
    0x08002be4   0x08002be4   0x0000003a   Code   RO          951    .text.HAL_PCDEx_ActivateLPM  stm32g4xx_hal_pcd_ex.o
    0x08002c1e   0x08002c1e   0x00000002   PAD
    0x08002c20   0x08002c20   0x00000072   Code   RO          535    .text.HAL_PCDEx_LPM_Callback  usbd_conf.o
    0x08002c92   0x08002c92   0x00000002   PAD
    0x08002c94   0x08002c94   0x0000007a   Code   RO          941    .text.HAL_PCDEx_PMAConfig  stm32g4xx_hal_pcd_ex.o
    0x08002d0e   0x08002d0e   0x00000002   PAD
    0x08002d10   0x08002d10   0x00000026   Code   RO          485    .text.HAL_PCD_DataInStageCallback  usbd_conf.o
    0x08002d36   0x08002d36   0x00000002   PAD
    0x08002d38   0x08002d38   0x00000028   Code   RO          483    .text.HAL_PCD_DataOutStageCallback  usbd_conf.o
    0x08002d60   0x08002d60   0x000000a8   Code   RO          910    .text.HAL_PCD_EP_Close  stm32g4xx_hal_pcd.o
    0x08002e08   0x08002e08   0x000000c8   Code   RO          920    .text.HAL_PCD_EP_ClrStall  stm32g4xx_hal_pcd.o
    0x08002ed0   0x08002ed0   0x000001f8   Code   RO          930    .text.HAL_PCD_EP_DB_Receive  stm32g4xx_hal_pcd.o
    0x080030c8   0x080030c8   0x0000073c   Code   RO          932    .text.HAL_PCD_EP_DB_Transmit  stm32g4xx_hal_pcd.o
    0x08003804   0x08003804   0x00000022   Code   RO          914    .text.HAL_PCD_EP_GetRxCount  stm32g4xx_hal_pcd.o
    0x08003826   0x08003826   0x00000002   PAD
    0x08003828   0x08003828   0x000000ea   Code   RO          908    .text.HAL_PCD_EP_Open  stm32g4xx_hal_pcd.o
    0x08003912   0x08003912   0x00000002   PAD
    0x08003914   0x08003914   0x00000070   Code   RO          912    .text.HAL_PCD_EP_Receive  stm32g4xx_hal_pcd.o
    0x08003984   0x08003984   0x000000c4   Code   RO          918    .text.HAL_PCD_EP_SetStall  stm32g4xx_hal_pcd.o
    0x08003a48   0x08003a48   0x0000007c   Code   RO          916    .text.HAL_PCD_EP_Transmit  stm32g4xx_hal_pcd.o
    0x08003ac4   0x08003ac4   0x000001e8   Code   RO          876    .text.HAL_PCD_IRQHandler  stm32g4xx_hal_pcd.o
    0x08003cac   0x08003cac   0x000001e6   Code   RO          864    .text.HAL_PCD_Init  stm32g4xx_hal_pcd.o
    0x08003e92   0x08003e92   0x00000002   PAD
    0x08003e94   0x08003e94   0x00000054   Code   RO          475    .text.HAL_PCD_MspInit  usbd_conf.o
    0x08003ee8   0x08003ee8   0x00000038   Code   RO          489    .text.HAL_PCD_ResetCallback  usbd_conf.o
    0x08003f20   0x08003f20   0x00000032   Code   RO          493    .text.HAL_PCD_ResumeCallback  usbd_conf.o
    0x08003f52   0x08003f52   0x00000002   PAD
    0x08003f54   0x08003f54   0x00000014   Code   RO          487    .text.HAL_PCD_SOFCallback  usbd_conf.o
    0x08003f68   0x08003f68   0x0000005e   Code   RO          882    .text.HAL_PCD_SetAddress  stm32g4xx_hal_pcd.o
    0x08003fc6   0x08003fc6   0x00000002   PAD
    0x08003fc8   0x08003fc8   0x00000018   Code   RO          481    .text.HAL_PCD_SetupStageCallback  usbd_conf.o
    0x08003fe0   0x08003fe0   0x00000054   Code   RO          872    .text.HAL_PCD_Start  stm32g4xx_hal_pcd.o
    0x08004034   0x08004034   0x0000002e   Code   RO          491    .text.HAL_PCD_SuspendCallback  usbd_conf.o
    0x08004062   0x08004062   0x00000002   PAD
    0x08004064   0x08004064   0x00000012   Code   RO         1484    .text.HAL_PWREx_DisableUCPDDeadBattery  stm32g4xx_hal_pwr_ex.o
    0x08004076   0x08004076   0x00000002   PAD
    0x08004078   0x08004078   0x00000052   Code   RO         1065    .text.HAL_SYSCFG_EnableVREFBUF  stm32g4xx_hal.o
    0x080040ca   0x080040ca   0x00000002   PAD
    0x080040cc   0x080040cc   0x0000001a   Code   RO         1061    .text.HAL_SYSCFG_VREFBUF_HighImpedanceConfig  stm32g4xx_hal.o
    0x080040e6   0x080040e6   0x00000002   PAD
    0x080040e8   0x080040e8   0x0000001a   Code   RO         1059    .text.HAL_SYSCFG_VREFBUF_VoltageScalingConfig  stm32g4xx_hal.o
    0x08004102   0x08004102   0x00000002   PAD
    0x08004104   0x08004104   0x00000010   Code   RO         1517    .text.HAL_SYSTICK_Config  stm32g4xx_hal_cortex.o
    0x08004114   0x08004114   0x00000004   Code   RO          432    .text.HardFault_Handler  stm32g4xx_it.o
    0x08004118   0x08004118   0x0000004c   Code   RO           33    .text.I2C_ACK       as5600.o
    0x08004164   0x08004164   0x0000004c   Code   RO           35    .text.I2C_NACK      as5600.o
    0x080041b0   0x080041b0   0x00000036   Code   RO           27    .text.I2C_end       as5600.o
    0x080041e6   0x080041e6   0x00000002   PAD
    0x080041e8   0x080041e8   0x00000086   Code   RO           43    .text.I2C_read_bus  as5600.o
    0x0800426e   0x0800426e   0x00000002   PAD
    0x08004270   0x08004270   0x00000008   Code   RO           45    .text.I2C_read_data_u8  as5600.o
    0x08004278   0x08004278   0x00000048   Code   RO           21    .text.I2C_strat     as5600.o
    0x080042c0   0x080042c0   0x0000009c   Code   RO           29    .text.I2C_wait_ACK  as5600.o
    0x0800435c   0x0800435c   0x0000008a   Code   RO           37    .text.I2C_write_bus  as5600.o
    0x080043e6   0x080043e6   0x00000002   PAD
    0x080043e8   0x080043e8   0x00000014   Code   RO           39    .text.I2C_write_data_u8  as5600.o
    0x080043fc   0x080043fc   0x0000000a   Code   RO           19    .text.I2c_delay     as5600.o
    0x08004406   0x08004406   0x00000002   PAD
    0x08004408   0x08004408   0x0000007a   Code   RO          577    .text.IntToUnicode  usbd_desc.o
    0x08004482   0x08004482   0x00000002   PAD
    0x08004484   0x08004484   0x00000096   Code   RO         1570    .text.LL_ADC_CommonInit  stm32g4xx_ll_adc.o
    0x0800451a   0x0800451a   0x00000002   PAD
    0x0800451c   0x0800451c   0x00000026   Code   RO          148    .text.LL_ADC_DMA_GetRegAddr  main.o
    0x08004542   0x08004542   0x00000002   PAD
    0x08004544   0x08004544   0x00000018   Code   RO          256    .text.LL_ADC_DisableDeepPowerDown  adc.o
    0x0800455c   0x0800455c   0x0000001c   Code   RO          160    .text.LL_ADC_Enable  main.o
    0x08004578   0x08004578   0x0000001e   Code   RO          258    .text.LL_ADC_EnableInternalRegulator  adc.o
    0x08004596   0x08004596   0x00000002   PAD
    0x08004598   0x08004598   0x00000046   Code   RO         1600    .text.LL_ADC_Init   stm32g4xx_ll_adc.o
    0x080045de   0x080045de   0x00000002   PAD
    0x080045e0   0x080045e0   0x00000010   Code   RO          162    .text.LL_ADC_IsActiveFlag_ADRDY  main.o
    0x080045f0   0x080045f0   0x0000000e   Code   RO          158    .text.LL_ADC_IsCalibrationOnGoing  main.o
    0x080045fe   0x080045fe   0x00000002   PAD
    0x08004600   0x08004600   0x00000010   Code   RO         1572    .text.LL_ADC_IsEnabled  stm32g4xx_ll_adc.o
    0x08004610   0x08004610   0x000000a2   Code   RO         1604    .text.LL_ADC_REG_Init  stm32g4xx_ll_adc.o
    0x080046b2   0x080046b2   0x00000002   PAD
    0x080046b4   0x080046b4   0x0000001a   Code   RO          154    .text.LL_ADC_REG_SetDMATransfer  main.o
    0x080046ce   0x080046ce   0x00000002   PAD
    0x080046d0   0x080046d0   0x0000001a   Code   RO         1606    .text.LL_ADC_REG_SetSequencerLength  stm32g4xx_ll_adc.o
    0x080046ea   0x080046ea   0x00000002   PAD
    0x080046ec   0x080046ec   0x0000003a   Code   RO          260    .text.LL_ADC_REG_SetSequencerRanks  adc.o
    0x08004726   0x08004726   0x00000002   PAD
    0x08004728   0x08004728   0x0000001c   Code   RO          164    .text.LL_ADC_REG_StartConversion  main.o
    0x08004744   0x08004744   0x00000036   Code   RO          262    .text.LL_ADC_SetChannelSamplingTime  adc.o
    0x0800477a   0x0800477a   0x00000002   PAD
    0x0800477c   0x0800477c   0x00000048   Code   RO          264    .text.LL_ADC_SetChannelSingleDiff  adc.o
    0x080047c4   0x080047c4   0x00000038   Code   RO          252    .text.LL_ADC_SetGainCompensation  adc.o
    0x080047fc   0x080047fc   0x0000001c   Code   RO          254    .text.LL_ADC_SetOverSamplingScope  adc.o
    0x08004818   0x08004818   0x00000028   Code   RO          156    .text.LL_ADC_StartCalibration  main.o
    0x08004840   0x08004840   0x00000022   Code   RO          276    .text.LL_AHB1_GRP1_EnableClock  dma.o
    0x08004862   0x08004862   0x00000002   PAD
    0x08004864   0x08004864   0x00000022   Code   RO          140    .text.LL_AHB2_GRP1_EnableClock  main.o
    0x08004886   0x08004886   0x00000002   PAD
    0x08004888   0x08004888   0x00000022   Code   RO          219    .text.LL_AHB2_GRP1_EnableClock  gpio.o
    0x080048aa   0x080048aa   0x00000002   PAD
    0x080048ac   0x080048ac   0x00000022   Code   RO          234    .text.LL_AHB2_GRP1_EnableClock  adc.o
    0x080048ce   0x080048ce   0x00000002   PAD
    0x080048d0   0x080048d0   0x00000022   Code   RO          314    .text.LL_AHB2_GRP1_EnableClock  i2c.o
    0x080048f2   0x080048f2   0x00000002   PAD
    0x080048f4   0x080048f4   0x00000022   Code   RO          341    .text.LL_AHB2_GRP1_EnableClock  lptim.o
    0x08004916   0x08004916   0x00000002   PAD
    0x08004918   0x08004918   0x00000022   Code   RO          370    .text.LL_AHB2_GRP1_EnableClock  spi.o
    0x0800493a   0x0800493a   0x00000002   PAD
    0x0800493c   0x0800493c   0x00000022   Code   RO          413    .text.LL_AHB2_GRP1_EnableClock  tim.o
    0x0800495e   0x0800495e   0x00000002   PAD
    0x08004960   0x08004960   0x00000022   Code   RO          316    .text.LL_APB1_GRP1_EnableClock  i2c.o
    0x08004982   0x08004982   0x00000002   PAD
    0x08004984   0x08004984   0x00000022   Code   RO          339    .text.LL_APB1_GRP1_EnableClock  lptim.o
    0x080049a6   0x080049a6   0x00000002   PAD
    0x080049a8   0x080049a8   0x00000022   Code   RO          378    .text.LL_APB1_GRP1_EnableClock  spi.o
    0x080049ca   0x080049ca   0x00000002   PAD
    0x080049cc   0x080049cc   0x00000022   Code   RO          417    .text.LL_APB1_GRP1_EnableClock  tim.o
    0x080049ee   0x080049ee   0x00000002   PAD
    0x080049f0   0x080049f0   0x00000022   Code   RO          368    .text.LL_APB2_GRP1_EnableClock  spi.o
    0x08004a12   0x08004a12   0x00000002   PAD
    0x08004a14   0x08004a14   0x00000022   Code   RO          389    .text.LL_APB2_GRP1_EnableClock  tim.o
    0x08004a36   0x08004a36   0x00000002   PAD
    0x08004a38   0x08004a38   0x00000062   Code   RO          146    .text.LL_DMA_ConfigAddresses  main.o
    0x08004a9a   0x08004a9a   0x00000002   PAD
    0x08004a9c   0x08004a9c   0x00000024   Code   RO          152    .text.LL_DMA_EnableChannel  main.o
    0x08004ac0   0x08004ac0   0x00000030   Code   RO          240    .text.LL_DMA_SetChannelPriorityLevel  adc.o
    0x08004af0   0x08004af0   0x00000036   Code   RO          150    .text.LL_DMA_SetDataLength  main.o
    0x08004b26   0x08004b26   0x00000002   PAD
    0x08004b28   0x08004b28   0x00000032   Code   RO          238    .text.LL_DMA_SetDataTransferDirection  adc.o
    0x08004b5a   0x08004b5a   0x00000002   PAD
    0x08004b5c   0x08004b5c   0x00000030   Code   RO          246    .text.LL_DMA_SetMemoryIncMode  adc.o
    0x08004b8c   0x08004b8c   0x00000030   Code   RO          250    .text.LL_DMA_SetMemorySize  adc.o
    0x08004bbc   0x08004bbc   0x00000030   Code   RO          242    .text.LL_DMA_SetMode  adc.o
    0x08004bec   0x08004bec   0x00000030   Code   RO          244    .text.LL_DMA_SetPeriphIncMode  adc.o
    0x08004c1c   0x08004c1c   0x00000048   Code   RO          236    .text.LL_DMA_SetPeriphRequest  adc.o
    0x08004c64   0x08004c64   0x00000030   Code   RO          248    .text.LL_DMA_SetPeriphSize  adc.o
    0x08004c94   0x08004c94   0x00000010   Code   RO          174    .text.LL_FLASH_GetLatency  main.o
    0x08004ca4   0x08004ca4   0x0000001c   Code   RO          172    .text.LL_FLASH_SetLatency  main.o
    0x08004cc0   0x08004cc0   0x000000dc   Code   RO          841    .text.LL_GPIO_Init  stm32g4xx_ll_gpio.o
    0x08004d9c   0x08004d9c   0x0000001a   Code   RO           31    .text.LL_GPIO_IsInputPinSet  as5600.o
    0x08004db6   0x08004db6   0x00000002   PAD
    0x08004db8   0x08004db8   0x00000010   Code   RO           25    .text.LL_GPIO_ResetOutputPin  as5600.o
    0x08004dc8   0x08004dc8   0x00000010   Code   RO          142    .text.LL_GPIO_ResetOutputPin  main.o
    0x08004dd8   0x08004dd8   0x00000010   Code   RO          221    .text.LL_GPIO_ResetOutputPin  gpio.o
    0x08004de8   0x08004de8   0x0000007c   Code   RO          849    .text.LL_GPIO_SetAFPin_0_7  stm32g4xx_ll_gpio.o
    0x08004e64   0x08004e64   0x00000080   Code   RO          851    .text.LL_GPIO_SetAFPin_8_15  stm32g4xx_ll_gpio.o
    0x08004ee4   0x08004ee4   0x00000010   Code   RO           23    .text.LL_GPIO_SetOutputPin  as5600.o
    0x08004ef4   0x08004ef4   0x0000007c   Code   RO          853    .text.LL_GPIO_SetPinMode  stm32g4xx_ll_gpio.o
    0x08004f70   0x08004f70   0x0000001e   Code   RO          845    .text.LL_GPIO_SetPinOutputType  stm32g4xx_ll_gpio.o
    0x08004f8e   0x08004f8e   0x00000002   PAD
    0x08004f90   0x08004f90   0x0000007c   Code   RO          847    .text.LL_GPIO_SetPinPull  stm32g4xx_ll_gpio.o
    0x0800500c   0x0800500c   0x0000007c   Code   RO          843    .text.LL_GPIO_SetPinSpeed  stm32g4xx_ll_gpio.o
    0x08005088   0x08005088   0x0000001a   Code   RO         1817    .text.LL_I2C_AcknowledgeNextData  stm32g4xx_ll_i2c.o
    0x080050a2   0x080050a2   0x00000002   PAD
    0x080050a4   0x080050a4   0x00000022   Code   RO         1803    .text.LL_I2C_ConfigFilters  stm32g4xx_ll_i2c.o
    0x080050c6   0x080050c6   0x00000002   PAD
    0x080050c8   0x080050c8   0x00000012   Code   RO         1801    .text.LL_I2C_Disable  stm32g4xx_ll_i2c.o
    0x080050da   0x080050da   0x00000002   PAD
    0x080050dc   0x080050dc   0x00000012   Code   RO          324    .text.LL_I2C_DisableGeneralCall  i2c.o
    0x080050ee   0x080050ee   0x00000002   PAD
    0x080050f0   0x080050f0   0x00000012   Code   RO         1809    .text.LL_I2C_DisableOwnAddress1  stm32g4xx_ll_i2c.o
    0x08005102   0x08005102   0x00000002   PAD
    0x08005104   0x08005104   0x00000012   Code   RO          322    .text.LL_I2C_DisableOwnAddress2  i2c.o
    0x08005116   0x08005116   0x00000002   PAD
    0x08005118   0x08005118   0x00000012   Code   RO         1807    .text.LL_I2C_Enable  stm32g4xx_ll_i2c.o
    0x0800512a   0x0800512a   0x00000002   PAD
    0x0800512c   0x0800512c   0x00000012   Code   RO          318    .text.LL_I2C_EnableAutoEndMode  i2c.o
    0x0800513e   0x0800513e   0x00000002   PAD
    0x08005140   0x08005140   0x00000012   Code   RO          326    .text.LL_I2C_EnableClockStretching  i2c.o
    0x08005152   0x08005152   0x00000002   PAD
    0x08005154   0x08005154   0x00000012   Code   RO         1813    .text.LL_I2C_EnableOwnAddress1  stm32g4xx_ll_i2c.o
    0x08005166   0x08005166   0x00000002   PAD
    0x08005168   0x08005168   0x00000066   Code   RO         1799    .text.LL_I2C_Init   stm32g4xx_ll_i2c.o
    0x080051ce   0x080051ce   0x00000002   PAD
    0x080051d0   0x080051d0   0x0000001a   Code   RO         1815    .text.LL_I2C_SetMode  stm32g4xx_ll_i2c.o
    0x080051ea   0x080051ea   0x00000002   PAD
    0x080051ec   0x080051ec   0x00000022   Code   RO         1811    .text.LL_I2C_SetOwnAddress1  stm32g4xx_ll_i2c.o
    0x0800520e   0x0800520e   0x00000002   PAD
    0x08005210   0x08005210   0x00000022   Code   RO          320    .text.LL_I2C_SetOwnAddress2  i2c.o
    0x08005232   0x08005232   0x00000002   PAD
    0x08005234   0x08005234   0x00000010   Code   RO         1805    .text.LL_I2C_SetTiming  stm32g4xx_ll_i2c.o
    0x08005244   0x08005244   0x0000001a   Code   RO          343    .text.LL_LPTIM_SetClockSource  lptim.o
    0x0800525e   0x0800525e   0x00000002   PAD
    0x08005260   0x08005260   0x0000001a   Code   RO          351    .text.LL_LPTIM_SetCounterMode  lptim.o
    0x0800527a   0x0800527a   0x00000002   PAD
    0x0800527c   0x0800527c   0x0000001a   Code   RO          355    .text.LL_LPTIM_SetInput1Src  lptim.o
    0x08005296   0x08005296   0x00000002   PAD
    0x08005298   0x08005298   0x0000001a   Code   RO          357    .text.LL_LPTIM_SetInput2Src  lptim.o
    0x080052b2   0x080052b2   0x00000002   PAD
    0x080052b4   0x080052b4   0x0000001a   Code   RO          347    .text.LL_LPTIM_SetPolarity  lptim.o
    0x080052ce   0x080052ce   0x00000002   PAD
    0x080052d0   0x080052d0   0x0000001a   Code   RO          345    .text.LL_LPTIM_SetPrescaler  lptim.o
    0x080052ea   0x080052ea   0x00000002   PAD
    0x080052ec   0x080052ec   0x0000001a   Code   RO          349    .text.LL_LPTIM_SetUpdateMode  lptim.o
    0x08005306   0x08005306   0x00000002   PAD
    0x08005308   0x08005308   0x00000012   Code   RO          353    .text.LL_LPTIM_TrigSw  lptim.o
    0x0800531a   0x0800531a   0x00000002   PAD
    0x0800531c   0x0800531c   0x00000012   Code   RO          176    .text.LL_PWR_EnableRange1BoostMode  main.o
    0x0800532e   0x0800532e   0x00000002   PAD
    0x08005330   0x08005330   0x00000010   Code   RO          198    .text.LL_RCC_GetSysClkSource  main.o
    0x08005340   0x08005340   0x00000012   Code   RO          178    .text.LL_RCC_HSE_Enable  main.o
    0x08005352   0x08005352   0x00000002   PAD
    0x08005354   0x08005354   0x00000010   Code   RO          180    .text.LL_RCC_HSE_IsReady  main.o
    0x08005364   0x08005364   0x00000012   Code   RO          182    .text.LL_RCC_HSI48_Enable  main.o
    0x08005376   0x08005376   0x00000002   PAD
    0x08005378   0x08005378   0x00000010   Code   RO          184    .text.LL_RCC_HSI48_IsReady  main.o
    0x08005388   0x08005388   0x00000036   Code   RO          186    .text.LL_RCC_PLL_ConfigDomain_SYS  main.o
    0x080053be   0x080053be   0x00000002   PAD
    0x080053c0   0x080053c0   0x00000012   Code   RO          190    .text.LL_RCC_PLL_Enable  main.o
    0x080053d2   0x080053d2   0x00000002   PAD
    0x080053d4   0x080053d4   0x00000012   Code   RO          188    .text.LL_RCC_PLL_EnableDomain_SYS  main.o
    0x080053e6   0x080053e6   0x00000002   PAD
    0x080053e8   0x080053e8   0x00000010   Code   RO          192    .text.LL_RCC_PLL_IsReady  main.o
    0x080053f8   0x080053f8   0x0000002c   Code   RO          232    .text.LL_RCC_SetADCClockSource  adc.o
    0x08005424   0x08005424   0x0000001c   Code   RO          196    .text.LL_RCC_SetAHBPrescaler  main.o
    0x08005440   0x08005440   0x0000001c   Code   RO          200    .text.LL_RCC_SetAPB1Prescaler  main.o
    0x0800545c   0x0800545c   0x0000001c   Code   RO          202    .text.LL_RCC_SetAPB2Prescaler  main.o
    0x08005478   0x08005478   0x0000001c   Code   RO          298    .text.LL_RCC_SetFDCANClockSource  fdcan.o
    0x08005494   0x08005494   0x00000032   Code   RO          312    .text.LL_RCC_SetI2CClockSource  i2c.o
    0x080054c6   0x080054c6   0x00000002   PAD
    0x080054c8   0x080054c8   0x0000001c   Code   RO          337    .text.LL_RCC_SetLPTIMClockSource  lptim.o
    0x080054e4   0x080054e4   0x0000001c   Code   RO          194    .text.LL_RCC_SetSysClkSource  main.o
    0x08005500   0x08005500   0x0000001c   Code   RO          477    .text.LL_RCC_SetUSBClockSource  usbd_conf.o
    0x0800551c   0x0800551c   0x00000012   Code   RO          374    .text.LL_SPI_EnableNSSPulseMgt  spi.o
    0x0800552e   0x0800552e   0x00000002   PAD
    0x08005530   0x08005530   0x000000b8   Code   RO         1871    .text.LL_SPI_Init   stm32g4xx_ll_spi.o
    0x080055e8   0x080055e8   0x00000010   Code   RO         1873    .text.LL_SPI_IsEnabled  stm32g4xx_ll_spi.o
    0x080055f8   0x080055f8   0x00000012   Code   RO         1877    .text.LL_SPI_SetCRCPolynomial  stm32g4xx_ll_spi.o
    0x0800560a   0x0800560a   0x00000002   PAD
    0x0800560c   0x0800560c   0x0000001a   Code   RO         1875    .text.LL_SPI_SetRxFIFOThreshold  stm32g4xx_ll_spi.o
    0x08005626   0x08005626   0x00000002   PAD
    0x08005628   0x08005628   0x0000001a   Code   RO          372    .text.LL_SPI_SetStandard  spi.o
    0x08005642   0x08005642   0x00000002   PAD
    0x08005644   0x08005644   0x00000014   Code   RO          733    .text.LL_SetSystemCoreClock  stm32g4xx_ll_utils.o
    0x08005658   0x08005658   0x00000118   Code   RO         1964    .text.LL_TIM_BDTR_Init  stm32g4xx_ll_tim.o
    0x08005770   0x08005770   0x00000014   Code   RO          102    .text.LL_TIM_CC_EnableChannel  foc.o
    0x08005784   0x08005784   0x00000010   Code   RO          166    .text.LL_TIM_ClearFlag_UPDATE  main.o
    0x08005794   0x08005794   0x00000010   Code   RO          456    .text.LL_TIM_ClearFlag_UPDATE  stm32g4xx_it.o
    0x080057a4   0x080057a4   0x00000012   Code   RO          419    .text.LL_TIM_DisableARRPreload  tim.o
    0x080057b6   0x080057b6   0x00000002   PAD
    0x080057b8   0x080057b8   0x00000012   Code   RO          411    .text.LL_TIM_DisableMasterSlaveMode  tim.o
    0x080057ca   0x080057ca   0x00000002   PAD
    0x080057cc   0x080057cc   0x00000012   Code   RO          399    .text.LL_TIM_EnableARRPreload  tim.o
    0x080057de   0x080057de   0x00000002   PAD
    0x080057e0   0x080057e0   0x00000012   Code   RO           98    .text.LL_TIM_EnableAllOutputs  foc.o
    0x080057f2   0x080057f2   0x00000002   PAD
    0x080057f4   0x080057f4   0x00000012   Code   RO          100    .text.LL_TIM_EnableCounter  foc.o
    0x08005806   0x08005806   0x00000002   PAD
    0x08005808   0x08005808   0x00000012   Code   RO          170    .text.LL_TIM_EnableCounter  main.o
    0x0800581a   0x0800581a   0x00000002   PAD
    0x0800581c   0x0800581c   0x00000012   Code   RO          168    .text.LL_TIM_EnableIT_UPDATE  main.o
    0x0800582e   0x0800582e   0x00000002   PAD
    0x08005830   0x08005830   0x00000012   Code   RO         1920    .text.LL_TIM_GenerateEvent_UPDATE  stm32g4xx_ll_tim.o
    0x08005842   0x08005842   0x00000002   PAD
    0x08005844   0x08005844   0x00000174   Code   RO         1912    .text.LL_TIM_Init   stm32g4xx_ll_tim.o
    0x080059b8   0x080059b8   0x00000010   Code   RO          454    .text.LL_TIM_IsActiveFlag_UPDATE  stm32g4xx_it.o
    0x080059c8   0x080059c8   0x000000f4   Code   RO          405    .text.LL_TIM_OC_DisableFast  tim.o
    0x08005abc   0x08005abc   0x000000f4   Code   RO          403    .text.LL_TIM_OC_EnablePreload  tim.o
    0x08005bb0   0x08005bb0   0x000000a8   Code   RO         1924    .text.LL_TIM_OC_Init  stm32g4xx_ll_tim.o
    0x08005c58   0x08005c58   0x00000010   Code   RO         1966    .text.LL_TIM_OC_SetCompareCH1  stm32g4xx_ll_tim.o
    0x08005c68   0x08005c68   0x00000010   Code   RO         1960    .text.LL_TIM_OC_SetCompareCH2  stm32g4xx_ll_tim.o
    0x08005c78   0x08005c78   0x00000010   Code   RO         1968    .text.LL_TIM_OC_SetCompareCH3  stm32g4xx_ll_tim.o
    0x08005c88   0x08005c88   0x00000010   Code   RO         1970    .text.LL_TIM_OC_SetCompareCH4  stm32g4xx_ll_tim.o
    0x08005c98   0x08005c98   0x00000014   Code   RO         1972    .text.LL_TIM_OC_SetCompareCH5  stm32g4xx_ll_tim.o
    0x08005cac   0x08005cac   0x00000010   Code   RO         1974    .text.LL_TIM_OC_SetCompareCH6  stm32g4xx_ll_tim.o
    0x08005cbc   0x08005cbc   0x00000010   Code   RO         1914    .text.LL_TIM_SetAutoReload  stm32g4xx_ll_tim.o
    0x08005ccc   0x08005ccc   0x00000020   Code   RO          401    .text.LL_TIM_SetClockSource  tim.o
    0x08005cec   0x08005cec   0x00000010   Code   RO         1916    .text.LL_TIM_SetPrescaler  stm32g4xx_ll_tim.o
    0x08005cfc   0x08005cfc   0x00000010   Code   RO         1918    .text.LL_TIM_SetRepetitionCounter  stm32g4xx_ll_tim.o
    0x08005d0c   0x08005d0c   0x00000020   Code   RO          407    .text.LL_TIM_SetTriggerOutput  tim.o
    0x08005d2c   0x08005d2c   0x0000001a   Code   RO          409    .text.LL_TIM_SetTriggerOutput2  tim.o
    0x08005d46   0x08005d46   0x00000002   PAD
    0x08005d48   0x08005d48   0x0000004e   Code   RO          731    .text.LL_mDelay     stm32g4xx_ll_utils.o
    0x08005d96   0x08005d96   0x00000002   PAD
    0x08005d98   0x08005d98   0x00000214   Code   RO          230    .text.MX_ADC1_Init  adc.o
    0x08005fac   0x08005fac   0x00000030   Code   RO          274    .text.MX_DMA_Init   dma.o
    0x08005fdc   0x08005fdc   0x00000056   Code   RO          294    .text.MX_FDCAN1_Init  fdcan.o
    0x08006032   0x08006032   0x00000002   PAD
    0x08006034   0x08006034   0x000000de   Code   RO          217    .text.MX_GPIO_Init  gpio.o
    0x08006112   0x08006112   0x00000002   PAD
    0x08006114   0x08006114   0x000000e2   Code   RO          310    .text.MX_I2C1_Init  i2c.o
    0x080061f6   0x080061f6   0x00000002   PAD
    0x080061f8   0x080061f8   0x00000094   Code   RO          335    .text.MX_LPTIM1_Init  lptim.o
    0x0800628c   0x0800628c   0x000000e2   Code   RO          366    .text.MX_SPI1_Init  spi.o
    0x0800636e   0x0800636e   0x00000002   PAD
    0x08006370   0x08006370   0x000000ce   Code   RO          376    .text.MX_SPI3_Init  spi.o
    0x0800643e   0x0800643e   0x00000002   PAD
    0x08006440   0x08006440   0x00000236   Code   RO          387    .text.MX_TIM1_Init  tim.o
    0x08006676   0x08006676   0x00000002   PAD
    0x08006678   0x08006678   0x00000076   Code   RO          415    .text.MX_TIM3_Init  tim.o
    0x080066ee   0x080066ee   0x00000002   PAD
    0x080066f0   0x080066f0   0x00000076   Code   RO          552    .text.MX_USB_Device_Init  usb_device.o
    0x08006766   0x08006766   0x00000002   PAD
    0x08006768   0x08006768   0x00000004   Code   RO          434    .text.MemManage_Handler  stm32g4xx_it.o
    0x0800676c   0x0800676c   0x00000004   Code   RO          430    .text.NMI_Handler   stm32g4xx_it.o
    0x08006770   0x08006770   0x0000006c   Code   RO          280    .text.NVIC_EncodePriority  dma.o
    0x080067dc   0x080067dc   0x0000006c   Code   RO          393    .text.NVIC_EncodePriority  tim.o
    0x08006848   0x08006848   0x0000006c   Code   RO         1503    .text.NVIC_EncodePriority  stm32g4xx_hal_cortex.o
    0x080068b4   0x080068b4   0x0000010e   Code   RO         1926    .text.OC1Config     stm32g4xx_ll_tim.o
    0x080069c2   0x080069c2   0x00000002   PAD
    0x080069c4   0x080069c4   0x00000116   Code   RO         1928    .text.OC2Config     stm32g4xx_ll_tim.o
    0x08006ada   0x08006ada   0x00000002   PAD
    0x08006adc   0x08006adc   0x00000114   Code   RO         1930    .text.OC3Config     stm32g4xx_ll_tim.o
    0x08006bf0   0x08006bf0   0x00000116   Code   RO         1932    .text.OC4Config     stm32g4xx_ll_tim.o
    0x08006d06   0x08006d06   0x00000002   PAD
    0x08006d08   0x08006d08   0x000000d4   Code   RO         1934    .text.OC5Config     stm32g4xx_ll_tim.o
    0x08006ddc   0x08006ddc   0x000000d6   Code   RO         1936    .text.OC6Config     stm32g4xx_ll_tim.o
    0x08006eb2   0x08006eb2   0x00000002   PAD
    0x08006eb4   0x08006eb4   0x000006e6   Code   RO          878    .text.PCD_EP_ISR_Handler  stm32g4xx_hal_pcd.o
    0x0800759a   0x0800759a   0x00000002   PAD
    0x0800759c   0x0800759c   0x000000a2   Code   RO           96    .text.ParkAnti_transfrom  foc.o
    0x0800763e   0x0800763e   0x00000002   PAD
    0x08007640   0x08007640   0x00000002   Code   RO          444    .text.PendSV_Handler  stm32g4xx_it.o
    0x08007642   0x08007642   0x00000002   PAD
    0x08007644   0x08007644   0x00000064   Code   RO          104    .text.Pwm_change    foc.o
    0x080076a8   0x080076a8   0x00000070   Code   RO           90    .text.Pwm_init      foc.o
    0x08007718   0x08007718   0x00000002   Code   RO          440    .text.SVC_Handler   stm32g4xx_it.o
    0x0800771a   0x0800771a   0x00000002   PAD
    0x0800771c   0x0800771c   0x00000036   Code   RO         2068    .text.SWAPBYTE      usbd_ctlreq.o
    0x08007752   0x08007752   0x00000006   PAD
    0x08007758   0x08007758   0x000009e0   Code   RO          106    .text.Svpwm         foc.o
    0x08008138   0x08008138   0x00000052   Code   RO         1519    .text.SysTick_Config  stm32g4xx_hal_cortex.o
    0x0800818a   0x0800818a   0x00000002   PAD
    0x0800818c   0x0800818c   0x00000008   Code   RO          446    .text.SysTick_Handler  stm32g4xx_it.o
    0x08008194   0x08008194   0x00000008   Code   RO          495    .text.SystemClockConfig_Resume  usbd_conf.o
    0x0800819c   0x0800819c   0x000000c6   Code   RO          144    .text.SystemClock_Config  main.o
    0x08008262   0x08008262   0x00000002   PAD
    0x08008264   0x08008264   0x00000012   Code   RO         1983    .text.SystemInit    system_stm32g4xx.o
    0x08008276   0x08008276   0x00000002   PAD
    0x08008278   0x08008278   0x00000032   Code   RO          452    .text.TIM1_UP_TIM16_IRQHandler  stm32g4xx_it.o
    0x080082aa   0x080082aa   0x00000002   PAD
    0x080082ac   0x080082ac   0x00000078   Code   RO          458    .text.TIM3_IRQHandler  stm32g4xx_it.o
    0x08008324   0x08008324   0x00000004   PAD
    0x08008328   0x08008328   0x00000188   Code   RO           80    .text.Theta_get     foc.o
    0x080084b0   0x080084b0   0x0000004e   Code   RO          571    .text.USBD_CDC_ConfigStrDescriptor  usbd_desc.o
    0x080084fe   0x080084fe   0x00000002   PAD
    0x08008500   0x08008500   0x000000c4   Code   RO         2111    .text.USBD_CDC_DataIn  usbd_cdc.o
    0x080085c4   0x080085c4   0x00000058   Code   RO         2113    .text.USBD_CDC_DataOut  usbd_cdc.o
    0x0800861c   0x0800861c   0x0000006e   Code   RO         2105    .text.USBD_CDC_DeInit  usbd_cdc.o
    0x0800868a   0x0800868a   0x00000002   PAD
    0x0800868c   0x0800868c   0x0000001a   Code   RO          561    .text.USBD_CDC_DeviceDescriptor  usbd_desc.o
    0x080086a6   0x080086a6   0x00000002   PAD
    0x080086a8   0x080086a8   0x00000060   Code   RO         2109    .text.USBD_CDC_EP0_RxReady  usbd_cdc.o
    0x08008708   0x08008708   0x00000016   Code   RO         2121    .text.USBD_CDC_GetDeviceQualifierDescriptor  usbd_cdc.o
    0x0800871e   0x0800871e   0x00000002   PAD
    0x08008720   0x08008720   0x00000016   Code   RO         2117    .text.USBD_CDC_GetFSCfgDesc  usbd_cdc.o
    0x08008736   0x08008736   0x00000002   PAD
    0x08008738   0x08008738   0x00000016   Code   RO         2115    .text.USBD_CDC_GetHSCfgDesc  usbd_cdc.o
    0x0800874e   0x0800874e   0x00000002   PAD
    0x08008750   0x08008750   0x00000016   Code   RO         2119    .text.USBD_CDC_GetOtherSpeedCfgDesc  usbd_cdc.o
    0x08008766   0x08008766   0x00000002   PAD
    0x08008768   0x08008768   0x0000010e   Code   RO         2103    .text.USBD_CDC_Init  usbd_cdc.o
    0x08008876   0x08008876   0x00000002   PAD
    0x08008878   0x08008878   0x0000004e   Code   RO          573    .text.USBD_CDC_InterfaceStrDescriptor  usbd_desc.o
    0x080088c6   0x080088c6   0x00000002   PAD
    0x080088c8   0x080088c8   0x0000001a   Code   RO          563    .text.USBD_CDC_LangIDStrDescriptor  usbd_desc.o
    0x080088e2   0x080088e2   0x00000002   PAD
    0x080088e4   0x080088e4   0x00000028   Code   RO          565    .text.USBD_CDC_ManufacturerStrDescriptor  usbd_desc.o
    0x0800890c   0x0800890c   0x0000004e   Code   RO          567    .text.USBD_CDC_ProductStrDescriptor  usbd_desc.o
    0x0800895a   0x0800895a   0x00000002   PAD
    0x0800895c   0x0800895c   0x0000005e   Code   RO         2131    .text.USBD_CDC_ReceivePacket  usbd_cdc.o
    0x080089ba   0x080089ba   0x00000002   PAD
    0x080089bc   0x080089bc   0x0000002c   Code   RO         2123    .text.USBD_CDC_RegisterInterface  usbd_cdc.o
    0x080089e8   0x080089e8   0x00000020   Code   RO          569    .text.USBD_CDC_SerialStrDescriptor  usbd_desc.o
    0x08008a08   0x08008a08   0x00000034   Code   RO         2127    .text.USBD_CDC_SetRxBuffer  usbd_cdc.o
    0x08008a3c   0x08008a3c   0x0000003e   Code   RO         2125    .text.USBD_CDC_SetTxBuffer  usbd_cdc.o
    0x08008a7a   0x08008a7a   0x00000002   PAD
    0x08008a7c   0x08008a7c   0x0000019c   Code   RO         2107    .text.USBD_CDC_Setup  usbd_cdc.o
    0x08008c18   0x08008c18   0x0000006e   Code   RO         2129    .text.USBD_CDC_TransmitPacket  usbd_cdc.o
    0x08008c86   0x08008c86   0x00000002   PAD
    0x08008c88   0x08008c88   0x0000002a   Code   RO         2011    .text.USBD_ClrClassConfig  usbd_core.o
    0x08008cb2   0x08008cb2   0x00000002   PAD
    0x08008cb4   0x08008cb4   0x00000040   Code   RO         2058    .text.USBD_ClrFeature  usbd_ctlreq.o
    0x08008cf4   0x08008cf4   0x0000001e   Code   RO         2088    .text.USBD_CtlContinueRx  usbd_ioreq.o
    0x08008d12   0x08008d12   0x00000002   PAD
    0x08008d14   0x08008d14   0x0000001e   Code   RO         2084    .text.USBD_CtlContinueSendData  usbd_ioreq.o
    0x08008d32   0x08008d32   0x00000002   PAD
    0x08008d34   0x08008d34   0x0000001c   Code   RO         2060    .text.USBD_CtlError  usbd_ctlreq.o
    0x08008d50   0x08008d50   0x00000036   Code   RO         2086    .text.USBD_CtlPrepareRx  usbd_ioreq.o
    0x08008d86   0x08008d86   0x00000002   PAD
    0x08008d88   0x08008d88   0x00000022   Code   RO         2092    .text.USBD_CtlReceiveStatus  usbd_ioreq.o
    0x08008daa   0x08008daa   0x00000002   PAD
    0x08008dac   0x08008dac   0x00000032   Code   RO         2082    .text.USBD_CtlSendData  usbd_ioreq.o
    0x08008dde   0x08008dde   0x00000002   PAD
    0x08008de0   0x08008de0   0x00000022   Code   RO         2090    .text.USBD_CtlSendStatus  usbd_ioreq.o
    0x08008e02   0x08008e02   0x00000002   PAD
    0x08008e04   0x08008e04   0x00000064   Code   RO         2052    .text.USBD_GetConfig  usbd_ctlreq.o
    0x08008e68   0x08008e68   0x0000031e   Code   RO         2046    .text.USBD_GetDescriptor  usbd_ctlreq.o
    0x08009186   0x08009186   0x00000002   PAD
    0x08009188   0x08009188   0x00000032   Code   RO         2072    .text.USBD_GetLen   usbd_ctlreq.o
    0x080091ba   0x080091ba   0x00000002   PAD
    0x080091bc   0x080091bc   0x00000062   Code   RO         2054    .text.USBD_GetStatus  usbd_ctlreq.o
    0x0800921e   0x0800921e   0x00000002   PAD
    0x08009220   0x08009220   0x00000098   Code   RO         2070    .text.USBD_GetString  usbd_ctlreq.o
    0x080092b8   0x080092b8   0x00000052   Code   RO          509    .text.USBD_Get_USB_Status  usbd_conf.o
    0x0800930a   0x0800930a   0x00000002   PAD
    0x0800930c   0x0800930c   0x0000006a   Code   RO         1997    .text.USBD_Init     usbd_core.o
    0x08009376   0x08009376   0x00000002   PAD
    0x08009378   0x08009378   0x0000003a   Code   RO          523    .text.USBD_LL_ClearStallEP  usbd_conf.o
    0x080093b2   0x080093b2   0x00000002   PAD
    0x080093b4   0x080093b4   0x0000003a   Code   RO          517    .text.USBD_LL_CloseEP  usbd_conf.o
    0x080093ee   0x080093ee   0x00000002   PAD
    0x080093f0   0x080093f0   0x0000014c   Code   RO         2017    .text.USBD_LL_DataInStage  usbd_core.o
    0x0800953c   0x0800953c   0x000000f6   Code   RO         2015    .text.USBD_LL_DataOutStage  usbd_core.o
    0x08009632   0x08009632   0x00000002   PAD
    0x08009634   0x08009634   0x0000001c   Code   RO          533    .text.USBD_LL_GetRxDataSize  usbd_conf.o
    0x08009650   0x08009650   0x000000a4   Code   RO          505    .text.USBD_LL_Init  usbd_conf.o
    0x080096f4   0x080096f4   0x0000005c   Code   RO          525    .text.USBD_LL_IsStallEP  usbd_conf.o
    0x08009750   0x08009750   0x0000004a   Code   RO          515    .text.USBD_LL_OpenEP  usbd_conf.o
    0x0800979a   0x0800979a   0x00000002   PAD
    0x0800979c   0x0800979c   0x00000042   Code   RO          531    .text.USBD_LL_PrepareReceive  usbd_conf.o
    0x080097de   0x080097de   0x00000002   PAD
    0x080097e0   0x080097e0   0x000000a0   Code   RO         2019    .text.USBD_LL_Reset  usbd_core.o
    0x08009880   0x08009880   0x00000024   Code   RO         2025    .text.USBD_LL_Resume  usbd_core.o
    0x080098a4   0x080098a4   0x0000004e   Code   RO         2027    .text.USBD_LL_SOF   usbd_core.o
    0x080098f2   0x080098f2   0x00000002   PAD
    0x080098f4   0x080098f4   0x00000016   Code   RO         2021    .text.USBD_LL_SetSpeed  usbd_core.o
    0x0800990a   0x0800990a   0x00000002   PAD
    0x0800990c   0x0800990c   0x0000003a   Code   RO          527    .text.USBD_LL_SetUSBAddress  usbd_conf.o
    0x08009946   0x08009946   0x00000002   PAD
    0x08009948   0x08009948   0x00000094   Code   RO         2013    .text.USBD_LL_SetupStage  usbd_core.o
    0x080099dc   0x080099dc   0x0000003a   Code   RO          521    .text.USBD_LL_StallEP  usbd_conf.o
    0x08009a16   0x08009a16   0x00000002   PAD
    0x08009a18   0x08009a18   0x00000032   Code   RO          511    .text.USBD_LL_Start  usbd_conf.o
    0x08009a4a   0x08009a4a   0x00000002   PAD
    0x08009a4c   0x08009a4c   0x0000001e   Code   RO         2023    .text.USBD_LL_Suspend  usbd_core.o
    0x08009a6a   0x08009a6a   0x00000002   PAD
    0x08009a6c   0x08009a6c   0x00000042   Code   RO          529    .text.USBD_LL_Transmit  usbd_conf.o
    0x08009aae   0x08009aae   0x00000002   PAD
    0x08009ab0   0x08009ab0   0x00000062   Code   RO         2066    .text.USBD_ParseSetupRequest  usbd_ctlreq.o
    0x08009b12   0x08009b12   0x00000002   PAD
    0x08009b14   0x08009b14   0x00000056   Code   RO         2001    .text.USBD_RegisterClass  usbd_core.o
    0x08009b6a   0x08009b6a   0x00000002   PAD
    0x08009b6c   0x08009b6c   0x0000000a   Code   RO         2007    .text.USBD_RunTestMode  usbd_core.o
    0x08009b76   0x08009b76   0x00000002   PAD
    0x08009b78   0x08009b78   0x0000008c   Code   RO         2048    .text.USBD_SetAddress  usbd_ctlreq.o
    0x08009c04   0x08009c04   0x00000036   Code   RO         2009    .text.USBD_SetClassConfig  usbd_core.o
    0x08009c3a   0x08009c3a   0x00000002   PAD
    0x08009c3c   0x08009c3c   0x00000176   Code   RO         2050    .text.USBD_SetConfig  usbd_ctlreq.o
    0x08009db2   0x08009db2   0x00000002   PAD
    0x08009db4   0x08009db4   0x00000026   Code   RO         2056    .text.USBD_SetFeature  usbd_ctlreq.o
    0x08009dda   0x08009dda   0x00000002   PAD
    0x08009ddc   0x08009ddc   0x00000010   Code   RO         2003    .text.USBD_Start    usbd_core.o
    0x08009dec   0x08009dec   0x000000c4   Code   RO         2044    .text.USBD_StdDevReq  usbd_ctlreq.o
    0x08009eb0   0x08009eb0   0x00000318   Code   RO         2064    .text.USBD_StdEPReq  usbd_ctlreq.o
    0x0800a1c8   0x0800a1c8   0x0000009a   Code   RO         2062    .text.USBD_StdItfReq  usbd_ctlreq.o
    0x0800a262   0x0800a262   0x00000002   PAD
    0x0800a264   0x0800a264   0x00000008   Code   RO          541    .text.USBD_static_free  usbd_conf.o
    0x0800a26c   0x0800a26c   0x00000010   Code   RO          539    .text.USBD_static_malloc  usbd_conf.o
    0x0800a27c   0x0800a27c   0x00000040   Code   RO          604    .text.USBVcom_printf  usbd_cdc_if.o
    0x0800a2bc   0x0800a2bc   0x0000064c   Code   RO          974    .text.USB_ActivateEndpoint  stm32g4xx_ll_usb.o
    0x0800a908   0x0800a908   0x00000360   Code   RO          976    .text.USB_DeactivateEndpoint  stm32g4xx_ll_usb.o
    0x0800ac68   0x0800ac68   0x00000018   Code   RO          990    .text.USB_DevConnect  stm32g4xx_ll_usb.o
    0x0800ac80   0x0800ac80   0x00000048   Code   RO          972    .text.USB_DevInit   stm32g4xx_ll_usb.o
    0x0800acc8   0x0800acc8   0x0000001e   Code   RO          968    .text.USB_DisableGlobalInt  stm32g4xx_ll_usb.o
    0x0800ace6   0x0800ace6   0x00000002   PAD
    0x0800ace8   0x0800ace8   0x00000148   Code   RO          984    .text.USB_EPClearStall  stm32g4xx_ll_usb.o
    0x0800ae30   0x0800ae30   0x00000088   Code   RO          982    .text.USB_EPSetStall  stm32g4xx_ll_usb.o
    0x0800aeb8   0x0800aeb8   0x00000dd4   Code   RO          978    .text.USB_EPStartXfer  stm32g4xx_ll_usb.o
    0x0800bc8c   0x0800bc8c   0x0000001e   Code   RO          966    .text.USB_EnableGlobalInt  stm32g4xx_ll_usb.o
    0x0800bcaa   0x0800bcaa   0x00000002   PAD
    0x0800bcac   0x0800bcac   0x00000010   Code   RO          450    .text.USB_LP_IRQHandler  stm32g4xx_it.o
    0x0800bcbc   0x0800bcbc   0x00000012   Code   RO          994    .text.USB_ReadInterrupts  stm32g4xx_ll_usb.o
    0x0800bcce   0x0800bcce   0x00000002   PAD
    0x0800bcd0   0x0800bcd0   0x00000084   Code   RO         1000    .text.USB_ReadPMA   stm32g4xx_ll_usb.o
    0x0800bd54   0x0800bd54   0x00000020   Code   RO          988    .text.USB_SetDevAddress  stm32g4xx_ll_usb.o
    0x0800bd74   0x0800bd74   0x00000074   Code   RO          980    .text.USB_WritePMA  stm32g4xx_ll_usb.o
    0x0800bde8   0x0800bde8   0x00000004   Code   RO          438    .text.UsageFault_Handler  stm32g4xx_it.o
    0x0800bdec   0x0800bdec   0x00000030   Code   RO          284    .text.__NVIC_EnableIRQ  dma.o
    0x0800be1c   0x0800be1c   0x00000030   Code   RO          397    .text.__NVIC_EnableIRQ  tim.o
    0x0800be4c   0x0800be4c   0x00000030   Code   RO         1507    .text.__NVIC_EnableIRQ  stm32g4xx_hal_cortex.o
    0x0800be7c   0x0800be7c   0x00000010   Code   RO          282    .text.__NVIC_GetPriorityGrouping  dma.o
    0x0800be8c   0x0800be8c   0x00000010   Code   RO          395    .text.__NVIC_GetPriorityGrouping  tim.o
    0x0800be9c   0x0800be9c   0x00000010   Code   RO         1499    .text.__NVIC_GetPriorityGrouping  stm32g4xx_hal_cortex.o
    0x0800beac   0x0800beac   0x00000042   Code   RO          278    .text.__NVIC_SetPriority  dma.o
    0x0800beee   0x0800beee   0x00000002   PAD
    0x0800bef0   0x0800bef0   0x00000042   Code   RO          391    .text.__NVIC_SetPriority  tim.o
    0x0800bf32   0x0800bf32   0x00000002   PAD
    0x0800bf34   0x0800bf34   0x00000042   Code   RO         1501    .text.__NVIC_SetPriority  stm32g4xx_hal_cortex.o
    0x0800bf76   0x0800bf76   0x00000002   PAD
    0x0800bf78   0x0800bf78   0x0000003c   Code   RO         1495    .text.__NVIC_SetPriorityGrouping  stm32g4xx_hal_cortex.o
    0x0800bfb4   0x0800bfb4   0x00000004   PAD
    0x0800bfb8   0x0800bfb8   0x000000b8   Code   RO           78    .text._cos          foc.o
    0x0800c070   0x0800c070   0x00000478   Code   RO           76    .text._sin          foc.o
    0x0800c4e8   0x0800c4e8   0x00000018   Code   RO           64    .text.delay_init    delay.o
    0x0800c500   0x0800c500   0x0000008a   Code   RO           66    .text.delay_us      delay.o
    0x0800c58a   0x0800c58a   0x00000002   PAD
    0x0800c58c   0x0800c58c   0x000001de   Code   RO          138    .text.main          main.o
    0x0800c76a   0x0800c76a   0x0000003e   Code   RO         2434    CL$$btod_d2e        c_w.l(btod.o)
    0x0800c7a8   0x0800c7a8   0x00000046   Code   RO         2436    CL$$btod_d2e_denorm_low  c_w.l(btod.o)
    0x0800c7ee   0x0800c7ee   0x00000060   Code   RO         2435    CL$$btod_d2e_norm_op1  c_w.l(btod.o)
    0x0800c84e   0x0800c84e   0x00000002   PAD
    0x0800c850   0x0800c850   0x00000338   Code   RO         2444    CL$$btod_div_common  c_w.l(btod.o)
    0x0800cb88   0x0800cb88   0x000000dc   Code   RO         2441    CL$$btod_e2e        c_w.l(btod.o)
    0x0800cc64   0x0800cc64   0x0000002a   Code   RO         2438    CL$$btod_ediv       c_w.l(btod.o)
    0x0800cc8e   0x0800cc8e   0x0000002a   Code   RO         2437    CL$$btod_emul       c_w.l(btod.o)
    0x0800ccb8   0x0800ccb8   0x00000244   Code   RO         2443    CL$$btod_mult_common  c_w.l(btod.o)
    0x0800cefc   0x0800cefc   0x00000030   Code   RO         2413    i.__ARM_fpclassify  m_wm.l(fpclassify.o)
    0x0800cf2c   0x0800cf2c   0x0000000e   Code   RO         2263    i._is_digit         c_w.l(__printf_wp.o)
    0x0800cf3a   0x0800cf3a   0x00000002   PAD
    0x0800cf3c   0x0800cf3c   0x0000002c   Code   RO         2459    locale$$code        c_w.l(lc_numeric_c.o)
    0x0800cf68   0x0800cf68   0x0000002c   Code   RO         2476    locale$$code        c_w.l(lc_ctype_c.o)
    0x0800cf94   0x0800cf94   0x00000062   Code   RO         2156    x$fpl$d2f           fz_wm.l(d2f.o)
    0x0800cff6   0x0800cff6   0x00000002   PAD
    0x0800cff8   0x0800cff8   0x00000150   Code   RO         2158    x$fpl$dadd          fz_wm.l(daddsub_clz.o)
    0x0800d148   0x0800d148   0x00000018   Code   RO         2405    x$fpl$dcmpinf       fz_wm.l(dcmpi.o)
    0x0800d160   0x0800d160   0x000002b4   Code   RO         2167    x$fpl$ddiv          fz_wm.l(ddiv.o)
    0x0800d414   0x0800d414   0x00000078   Code   RO         2298    x$fpl$deqf          fz_wm.l(deqf.o)
    0x0800d48c   0x0800d48c   0x0000005e   Code   RO         2170    x$fpl$dfix          fz_wm.l(dfix.o)
    0x0800d4ea   0x0800d4ea   0x0000002e   Code   RO         2175    x$fpl$dflt          fz_wm.l(dflt_clz.o)
    0x0800d518   0x0800d518   0x00000078   Code   RO         2300    x$fpl$dgeqf         fz_wm.l(dgeqf.o)
    0x0800d590   0x0800d590   0x00000078   Code   RO         2302    x$fpl$dleqf         fz_wm.l(dleqf.o)
    0x0800d608   0x0800d608   0x00000154   Code   RO         2180    x$fpl$dmul          fz_wm.l(dmul.o)
    0x0800d75c   0x0800d75c   0x0000009c   Code   RO         2304    x$fpl$dnaninf       fz_wm.l(dnaninf.o)
    0x0800d7f8   0x0800d7f8   0x0000000c   Code   RO         2306    x$fpl$dretinf       fz_wm.l(dretinf.o)
    0x0800d804   0x0800d804   0x000001dc   Code   RO         2160    x$fpl$dsub          fz_wm.l(daddsub_clz.o)
    0x0800d9e0   0x0800d9e0   0x00000056   Code   RO         2182    x$fpl$f2d           fz_wm.l(f2d.o)
    0x0800da36   0x0800da36   0x00000054   Code   RO         2164    x$fpl$fcmp          fz_wm.l(dcmp.o)
    0x0800da8a   0x0800da8a   0x0000008c   Code   RO         2308    x$fpl$fnaninf       fz_wm.l(fnaninf.o)
    0x0800db16   0x0800db16   0x0000001a   Code   RO         2538    x$fpl$fpinit        fz_wm.l(fpinit.o)
    0x0800db30   0x0800db30   0x0000000a   Code   RO         2310    x$fpl$fretinf       fz_wm.l(fretinf.o)
    0x0800db3a   0x0800db3a   0x00000004   Code   RO         2312    x$fpl$printf1       fz_wm.l(printf1.o)
    0x0800db3e   0x0800db3e   0x00000004   Code   RO         2314    x$fpl$printf2       fz_wm.l(printf2.o)
    0x0800db42   0x0800db42   0x00000000   Code   RO         2320    x$fpl$usenofp       fz_wm.l(usenofp.o)
    0x0800db42   0x0800db42   0x00000002   PAD
    0x0800db44   0x0800db44   0x00000008   Data   RO         2222    .constdata          c_w.l(_printf_wctomb.o)
    0x0800db4c   0x0800db4c   0x00000028   Data   RO         2251    .constdata          c_w.l(_printf_hex_int_ll_ptr.o)
    0x0800db74   0x0800db74   0x00000011   Data   RO         2271    .constdata          c_w.l(__printf_flags_ss_wp.o)
    0x0800db85   0x0800db85   0x00000026   Data   RO         2394    .constdata          c_w.l(_printf_fp_hex.o)
    0x0800dbab   0x0800dbab   0x00000001   PAD
    0x0800dbac   0x0800dbac   0x00000094   Data   RO         2432    .constdata          c_w.l(bigflt0.o)
    0x0800dc40   0x0800dc40   0x00000006   Data   RO          208    .rodata.CHANNEL_OFFSET_TAB  main.o
    0x0800dc46   0x0800dc46   0x00000006   Data   RO          266    .rodata.CHANNEL_OFFSET_TAB  adc.o
    0x0800dc4c   0x0800dc4c   0x0000000a   Data   RO          421    .rodata.OFFSET_TAB_CCMRx  tim.o
    0x0800dc56   0x0800dc56   0x0000000a   Data   RO          422    .rodata.SHIFT_TAB_OCxx  tim.o
    0x0800dc60   0x0800dc60   0x00000020   Data   RO          206    .rodata.cst32       main.o
    0x0800dc80   0x0800dc80   0x0000000d   Data   RO           55    .rodata.str1.1      as5600.o
    0x0800dc8d   0x0800dc8d   0x0000000d   Data   RO          207    .rodata.str1.1      main.o
    0x0800dc9a   0x0800dc9a   0x00000042   Data   RO          583    .rodata.str1.1      usbd_desc.o
    0x0800dcdc   0x0800dcdc   0x00000020   Data   RO         2613    Region$$Table       anon$$obj.o
    0x0800dcfc   0x0800dcfc   0x0000001c   Data   RO         2458    locale$$data        c_w.l(lc_numeric_c.o)
    0x0800dd18   0x0800dd18   0x00000110   Data   RO         2475    locale$$data        c_w.l(lc_ctype_c.o)


    Execution Region RW_IRAM1 (Exec base: 0x20000000, Load base: 0x0800de28, Size: 0x00001c68, Max: 0x00008000, ABSOLUTE, COMPRESSED[0x00000260])

    Exec Addr    Load Addr    Size         Type   Attr      Idx    E Section Name        Object

    0x20000000   COMPRESSED   0x00000020   Data   RW          579    .data.CDC_Desc      usbd_desc.o
    0x20000020   COMPRESSED   0x00000004   Data   RW          111    .data.FOC_MOTOR     foc.o
    0x20000024   COMPRESSED   0x00000004   Data   RW         1987    .data.SystemCoreClock  system_stm32g4xx.o
    0x20000028   COMPRESSED   0x00000038   Data   RW         2133    .data.USBD_CDC      usbd_cdc.o
    0x20000060   COMPRESSED   0x00000043   Data   RW         2135    .data.USBD_CDC_CfgFSDesc  usbd_cdc.o
    0x200000a3   COMPRESSED   0x00000001   PAD
    0x200000a4   COMPRESSED   0x00000043   Data   RW         2136    .data.USBD_CDC_CfgHSDesc  usbd_cdc.o
    0x200000e7   COMPRESSED   0x00000001   PAD
    0x200000e8   COMPRESSED   0x00000012   Data   RW          580    .data.USBD_CDC_DeviceDesc  usbd_desc.o
    0x200000fa   COMPRESSED   0x00000002   PAD
    0x200000fc   COMPRESSED   0x0000000a   Data   RW         2134    .data.USBD_CDC_DeviceQualifierDesc  usbd_cdc.o
    0x20000106   COMPRESSED   0x00000002   PAD
    0x20000108   COMPRESSED   0x00000043   Data   RW         2137    .data.USBD_CDC_OtherSpeedCfgDesc  usbd_cdc.o
    0x2000014b   COMPRESSED   0x00000001   PAD
    0x2000014c   COMPRESSED   0x00000014   Data   RW          606    .data.USBD_Interface_fops_FS  usbd_cdc_if.o
    0x20000160   COMPRESSED   0x00000004   Data   RW          581    .data.USBD_LangIDDesc  usbd_desc.o
    0x20000164   COMPRESSED   0x0000001a   Data   RW          582    .data.USBD_StringSerial  usbd_desc.o
    0x2000017e   COMPRESSED   0x00000190   Data   RW          112    .data.sine_array    foc.o
    0x2000030e   COMPRESSED   0x00000002   PAD
    0x20000310   COMPRESSED   0x00000004   Data   RW         1080    .data.uwTickFreq    stm32g4xx_hal.o
    0x20000314   COMPRESSED   0x00000004   Data   RW         1079    .data.uwTickPrio    stm32g4xx_hal.o
    0x20000318        -       0x00000060   Zero   RW         2418    .bss                c_w.l(libspace.o)
    0x20000378        -       0x00000006   Zero   RW          286    .bss.ADC_ConvertedValue  dma.o
    0x2000037e   COMPRESSED   0x00000002   PAD
    0x20000380        -       0x00000004   Zero   RW          114    .bss.Current_get.V_A_last  foc.o
    0x20000384        -       0x00000004   Zero   RW          117    .bss.Current_get.V_A_last_last  foc.o
    0x20000388        -       0x00000004   Zero   RW          115    .bss.Current_get.V_B_last  foc.o
    0x2000038c        -       0x00000004   Zero   RW          118    .bss.Current_get.V_B_last_last  foc.o
    0x20000390        -       0x00000004   Zero   RW          116    .bss.Current_get.V_C_last  foc.o
    0x20000394        -       0x00000004   Zero   RW          119    .bss.Current_get.V_C_last_last  foc.o
    0x20000398        -       0x00000004   Zero   RW          124    .bss.DA             foc.o
    0x2000039c        -       0x00000004   Zero   RW          125    .bss.DB             foc.o
    0x200003a0        -       0x00000004   Zero   RW          126    .bss.DC             foc.o
    0x200003a4        -       0x00000048   Zero   RW          110    .bss.FOC_MOTOR__    foc.o
    0x200003ec        -       0x00000001   Zero   RW         2074    .bss.USBD_SetConfig.cfgidx  usbd_ctlreq.o
    0x200003ed   COMPRESSED   0x00000003   PAD
    0x200003f0        -       0x00000200   Zero   RW          584    .bss.USBD_StrDesc   usbd_desc.o
    0x200005f0        -       0x00000220   Zero   RW          544    .bss.USBD_static_malloc.mem  usbd_conf.o
    0x20000810        -       0x00000006   Zero   RW          113    .bss.U_bias         foc.o
    0x20000816        -       0x00000400   Zero   RW          608    .bss.UserRxBufferFS  usbd_cdc_if.o
    0x20000c16        -       0x00000400   Zero   RW          607    .bss.UserTxBufferFS  usbd_cdc_if.o
    0x20001016        -       0x00000006   Zero   RW           56    .bss.angle          as5600.o
    0x2000101c        -       0x00000004   Zero   RW          129    .bss.d1             foc.o
    0x20001020        -       0x00000004   Zero   RW          127    .bss.d2             foc.o
    0x20001024        -       0x00000004   Zero   RW          128    .bss.d3             foc.o
    0x20001028        -       0x00000004   Zero   RW          121    .bss.d4             foc.o
    0x2000102c        -       0x00000004   Zero   RW          130    .bss.d5             foc.o
    0x20001030        -       0x00000004   Zero   RW          122    .bss.d6             foc.o
    0x20001034        -       0x00000004   Zero   RW          123    .bss.d7             foc.o
    0x20001038        -       0x00000004   Zero   RW           68    .bss.fac_us         delay.o
    0x2000103c        -       0x000002d0   Zero   RW          554    .bss.hUsbDeviceFS   usb_device.o
    0x2000130c        -       0x00000064   Zero   RW          302    .bss.hfdcan1        fdcan.o
    0x20001370        -       0x000002f4   Zero   RW          543    .bss.hpcd_USB_FS    usbd_conf.o
    0x20001664        -       0x00000004   Zero   RW         1081    .bss.uwTick         stm32g4xx_hal.o
    0x20001668        -       0x00000200   Zero   RW            2    HEAP                startup_stm32g431xx.o
    0x20001868        -       0x00000400   Zero   RW            1    STACK               startup_stm32g431xx.o


==============================================================================

Image component sizes


      Code (inc. data)   RO Data    RW Data    ZI Data      Debug   Object Name

      1342          0          6          0          0       7047   adc.o
      1416         24         13          0          6       4562   as5600.o
       162          0          0          0          4       1249   delay.o
       320          0          0          0          6       5606   dma.o
       258          0          0          0        100       5070   fdcan.o
      7132        308          0        404        142       8033   foc.o
       272          0          0          0          0       2639   gpio.o
       450          0          0          0          0       3933   i2c.o
       444          0          0          0          0       3987   lptim.o
      1534          0         51          0          0       9535   main.o
       578          0          0          0          0       3753   spi.o
        64         26        472          0       1536        848   startup_stm32g431xx.o
       356          0          0          8          4       8428   stm32g4xx_hal.o
       478          0          0          0          0       9423   stm32g4xx_hal_cortex.o
       874          0          0          0          0      18603   stm32g4xx_hal_fdcan.o
       872          0          0          0          0       5516   stm32g4xx_hal_gpio.o
        88          0          0          0          0       1696   stm32g4xx_hal_msp.o
      6342          0          0          0          0      13636   stm32g4xx_hal_pcd.o
       180          0          0          0          0       5343   stm32g4xx_hal_pcd_ex.o
        18          0          0          0          0       8063   stm32g4xx_hal_pwr_ex.o
       254          4          0          0          0       2932   stm32g4xx_it.o
       424          0          0          0          0       7406   stm32g4xx_ll_adc.o
       874          0          0          0          0       5389   stm32g4xx_ll_gpio.o
       310          0          0          0          0       4419   stm32g4xx_ll_i2c.o
       244          0          0          0          0       5292   stm32g4xx_ll_spi.o
      2514          0          0          0          0      10922   stm32g4xx_ll_tim.o
      6934          4          0          0          0      10867   stm32g4xx_ll_usb.o
        98          0          0          0          0       8051   stm32g4xx_ll_utils.o
        18          0          0          4          0       2793   system_stm32g4xx.o
      1656          0         20          0          0       9472   tim.o
       118          0          0          0        720       3083   usb_device.o
      1622         12          0        267          0       9998   usbd_cdc.o
       366         36          0         20       2048       3087   usbd_cdc_if.o
      1386          4          0          0       1300      14570   usbd_conf.o
      1366          0          0          0          0       7384   usbd_core.o
      3136         46          0          0          1       8327   usbd_ctlreq.o
       572          0         66         80        512       3345   usbd_desc.o
       232          0          0          0          0       4239   usbd_ioreq.o

    ----------------------------------------------------------------------
     45670        468        660        792       6384     248546   Object Totals
         0          0         32          0          0          0   (incl. Generated)
       366          4          0          9          5          0   (incl. Padding)

    ----------------------------------------------------------------------

      Code (inc. data)   RO Data    RW Data    ZI Data      Debug   Library Member Name

        90          0          0          0          0          0   __dczerorl2.o
         8          0          0          0          0         68   __main.o
       392          4         17          0          0         92   __printf_flags_ss_wp.o
        14          0          0          0          0         68   __printf_wp.o
         0          0          0          0          0          0   __rtentry.o
        12          0          0          0          0          0   __rtentry2.o
         6          0          0          0          0          0   __rtentry4.o
        52          8          0          0          0          0   __scatter.o
        28          0          0          0          0          0   __scatter_zi.o
        72          0          0          0          0         96   _c16rtomb.o
         6          0          0          0          0          0   _printf_a.o
         6          0          0          0          0          0   _printf_c.o
        44          0          0          0          0        108   _printf_char.o
        48          6          0          0          0         96   _printf_char_common.o
        40          0          0          0          0         68   _printf_charcount.o
         6          0          0          0          0          0   _printf_d.o
       120         16          0          0          0         92   _printf_dec.o
         6          0          0          0          0          0   _printf_e.o
         6          0          0          0          0          0   _printf_f.o
      1052          0          0          0          0        148   _printf_fp_dec.o
       764          8         38          0          0        100   _printf_fp_hex.o
       128         16          0          0          0         84   _printf_fp_infnan.o
         6          0          0          0          0          0   _printf_g.o
       148          4         40          0          0        160   _printf_hex_int_ll_ptr.o
         6          0          0          0          0          0   _printf_i.o
       178          0          0          0          0         88   _printf_intcommon.o
        10          0          0          0          0          0   _printf_l.o
         6          0          0          0          0          0   _printf_lc.o
        10          0          0          0          0          0   _printf_ll.o
         6          0          0          0          0          0   _printf_lld.o
         6          0          0          0          0          0   _printf_lli.o
         6          0          0          0          0          0   _printf_llo.o
         6          0          0          0          0          0   _printf_llu.o
         6          0          0          0          0          0   _printf_llx.o
       124         16          0          0          0         92   _printf_longlong_dec.o
         6          0          0          0          0          0   _printf_ls.o
         6          0          0          0          0          0   _printf_n.o
         6          0          0          0          0          0   _printf_o.o
       112          8          0          0          0        124   _printf_oct_int_ll.o
         6          0          0          0          0          0   _printf_p.o
        78          0          0          0          0        108   _printf_pad.o
         0          0          0          0          0          0   _printf_percent.o
         4          0          0          0          0          0   _printf_percent_end.o
         6          0          0          0          0          0   _printf_s.o
        82          0          0          0          0         80   _printf_str.o
        36          0          0          0          0         84   _printf_truncate.o
         6          0          0          0          0          0   _printf_u.o
        44          0          0          0          0        108   _printf_wchar.o
       188          6          8          0          0         92   _printf_wctomb.o
         6          0          0          0          0          0   _printf_x.o
        16          0          0          0          0         68   _snputc.o
       228          4        148          0          0         96   bigflt0.o
      1936        128          0          0          0        668   btod.o
        18          0          0          0          0         80   exit.o
         6          0          0          0          0        152   heapauxi.o
         0          0          0          0          0          0   indicate_semi.o
        44         10        272          0          0         76   lc_ctype_c.o
        44         10         28          0          0         76   lc_numeric_c.o
         2          0          0          0          0          0   libinit.o
        34          0          0          0          0          0   libinit2.o
         2          0          0          0          0          0   libshutdown.o
         2          0          0          0          0          0   libshutdown2.o
         8          4          0          0         96         68   libspace.o
       138          0          0          0          0         80   lludiv10.o
        16          4          0          0          0         76   rt_ctype_table.o
         8          4          0          0          0         68   rt_locale_intlibspace.o
        68          0          0          0          0         68   rt_memclr.o
        78          0          0          0          0         80   rt_memclr_w.o
         2          0          0          0          0          0   rtexit.o
        10          0          0          0          0          0   rtexit2.o
       124          0          0          0          0         88   strcmpv7em.o
        12          4          0          0          0         68   sys_exit.o
        74          0          0          0          0         80   sys_stackheap_outer.o
         2          0          0          0          0         68   use_no_semi.o
        60          4          0          0          0         80   vsnprintf.o
        98          4          0          0          0        140   d2f.o
       812         16          0          0          0        392   daddsub_clz.o
        84          0          0          0          0        244   dcmp.o
        24          0          0          0          0        116   dcmpi.o
       692        140          0          0          0        264   ddiv.o
       120          4          0          0          0        140   deqf.o
        94          4          0          0          0        140   dfix.o
        46          0          0          0          0        116   dflt_clz.o
       120          4          0          0          0        140   dgeqf.o
       120          4          0          0          0        140   dleqf.o
       340         12          0          0          0        152   dmul.o
       156          4          0          0          0        140   dnaninf.o
        12          0          0          0          0        116   dretinf.o
        86          4          0          0          0        132   f2d.o
       140          4          0          0          0        132   fnaninf.o
        26          0          0          0          0        116   fpinit.o
        10          0          0          0          0        116   fretinf.o
         4          0          0          0          0        116   printf1.o
         4          0          0          0          0        116   printf2.o
         0          0          0          0          0          0   usenofp.o
        48          0          0          0          0        124   fpclassify.o

    ----------------------------------------------------------------------
      9990        464        552          0         96       7088   Library Totals
        18          0          1          0          0          0   (incl. Padding)

    ----------------------------------------------------------------------

      Code (inc. data)   RO Data    RW Data    ZI Data      Debug   Library Name

      6936        264        551          0         96       3996   c_w.l
      2988        200          0          0          0       2968   fz_wm.l
        48          0          0          0          0        124   m_wm.l

    ----------------------------------------------------------------------
      9990        464        552          0         96       7088   Library Totals

    ----------------------------------------------------------------------

==============================================================================


      Code (inc. data)   RO Data    RW Data    ZI Data      Debug   

     55660        932       1212        792       6480     250882   Grand Totals
     55660        932       1212        608       6480     250882   ELF Image Totals (compressed)
     55660        932       1212        608          0          0   ROM Totals

==============================================================================

    Total RO  Size (Code + RO Data)                56872 (  55.54kB)
    Total RW  Size (RW Data + ZI Data)              7272 (   7.10kB)
    Total ROM Size (Code + RO Data + RW Data)      57480 (  56.13kB)

==============================================================================

