Component: Arm Compiler for Embedded 6.19 Tool: armlink [5e73cb00]

==============================================================================

Section Cross References

    startup_stm32g431xx.o(STACK) refers (Special) to heapauxi.o(.text) for __use_two_region_memory
    startup_stm32g431xx.o(HEAP) refers (Special) to heapauxi.o(.text) for __use_two_region_memory
    startup_stm32g431xx.o(RESET) refers (Special) to heapauxi.o(.text) for __use_two_region_memory
    startup_stm32g431xx.o(RESET) refers to startup_stm32g431xx.o(STACK) for __initial_sp
    startup_stm32g431xx.o(RESET) refers to startup_stm32g431xx.o(.text) for Reset_Handler
    startup_stm32g431xx.o(RESET) refers to stm32g4xx_it.o(.text.NMI_Handler) for NMI_Handler
    startup_stm32g431xx.o(RESET) refers to stm32g4xx_it.o(.text.HardFault_Handler) for HardFault_Handler
    startup_stm32g431xx.o(RESET) refers to stm32g4xx_it.o(.text.MemManage_Handler) for MemManage_Handler
    startup_stm32g431xx.o(RESET) refers to stm32g4xx_it.o(.text.BusFault_Handler) for BusFault_Handler
    startup_stm32g431xx.o(RESET) refers to stm32g4xx_it.o(.text.UsageFault_Handler) for UsageFault_Handler
    startup_stm32g431xx.o(RESET) refers to stm32g4xx_it.o(.text.SVC_Handler) for SVC_Handler
    startup_stm32g431xx.o(RESET) refers to stm32g4xx_it.o(.text.DebugMon_Handler) for DebugMon_Handler
    startup_stm32g431xx.o(RESET) refers to stm32g4xx_it.o(.text.PendSV_Handler) for PendSV_Handler
    startup_stm32g431xx.o(RESET) refers to stm32g4xx_it.o(.text.SysTick_Handler) for SysTick_Handler
    startup_stm32g431xx.o(RESET) refers to stm32g4xx_it.o(.text.DMA1_Channel1_IRQHandler) for DMA1_Channel1_IRQHandler
    startup_stm32g431xx.o(RESET) refers to stm32g4xx_it.o(.text.USB_LP_IRQHandler) for USB_LP_IRQHandler
    startup_stm32g431xx.o(RESET) refers to stm32g4xx_it.o(.text.TIM1_UP_TIM16_IRQHandler) for TIM1_UP_TIM16_IRQHandler
    startup_stm32g431xx.o(RESET) refers to stm32g4xx_it.o(.text.TIM3_IRQHandler) for TIM3_IRQHandler
    startup_stm32g431xx.o(.text) refers (Special) to heapauxi.o(.text) for __use_two_region_memory
    startup_stm32g431xx.o(.text) refers to system_stm32g4xx.o(.text.SystemInit) for SystemInit
    startup_stm32g431xx.o(.text) refers to __main.o(!!!main) for __main
    startup_stm32g431xx.o(.text) refers to startup_stm32g431xx.o(HEAP) for Heap_Mem
    startup_stm32g431xx.o(.text) refers to startup_stm32g431xx.o(STACK) for Stack_Mem
    delay.o(.text.delay_init) refers to delay.o(.bss.fac_us) for fac_us
    delay.o(.ARM.exidx.text.delay_init) refers to delay.o(.text.delay_init) for [Anonymous Symbol]
    delay.o(.text.delay_us) refers to delay.o(.bss.fac_us) for fac_us
    delay.o(.ARM.exidx.text.delay_us) refers to delay.o(.text.delay_us) for [Anonymous Symbol]
    main.o(.text.main) refers to main.o(.text.LL_AHB2_GRP1_EnableClock) for LL_AHB2_GRP1_EnableClock
    main.o(.text.main) refers to stm32g4xx_ll_gpio.o(.text.LL_GPIO_Init) for LL_GPIO_Init
    main.o(.text.main) refers to main.o(.text.LL_GPIO_ResetOutputPin) for LL_GPIO_ResetOutputPin
    main.o(.text.main) refers to stm32g4xx_hal.o(.text.HAL_Init) for HAL_Init
    main.o(.text.main) refers to main.o(.text.SystemClock_Config) for SystemClock_Config
    main.o(.text.main) refers to gpio.o(.text.MX_GPIO_Init) for MX_GPIO_Init
    main.o(.text.main) refers to dma.o(.text.MX_DMA_Init) for MX_DMA_Init
    main.o(.text.main) refers to adc.o(.text.MX_ADC1_Init) for MX_ADC1_Init
    main.o(.text.main) refers to fdcan.o(.text.MX_FDCAN1_Init) for MX_FDCAN1_Init
    main.o(.text.main) refers to lptim.o(.text.MX_LPTIM1_Init) for MX_LPTIM1_Init
    main.o(.text.main) refers to tim.o(.text.MX_TIM1_Init) for MX_TIM1_Init
    main.o(.text.main) refers to usb_device.o(.text.MX_USB_Device_Init) for MX_USB_Device_Init
    main.o(.text.main) refers to tim.o(.text.MX_TIM3_Init) for MX_TIM3_Init
    main.o(.text.main) refers to i2c.o(.text.MX_I2C1_Init) for MX_I2C1_Init
    main.o(.text.main) refers to spi.o(.text.MX_SPI1_Init) for MX_SPI1_Init
    main.o(.text.main) refers to spi.o(.text.MX_SPI3_Init) for MX_SPI3_Init
    main.o(.text.main) refers to delay.o(.text.delay_init) for delay_init
    main.o(.text.main) refers to main.o(.text.LL_ADC_DMA_GetRegAddr) for LL_ADC_DMA_GetRegAddr
    main.o(.text.main) refers to dma.o(.bss.ADC_ConvertedValue) for ADC_ConvertedValue
    main.o(.text.main) refers to main.o(.text.LL_DMA_ConfigAddresses) for LL_DMA_ConfigAddresses
    main.o(.text.main) refers to main.o(.text.LL_DMA_SetDataLength) for LL_DMA_SetDataLength
    main.o(.text.main) refers to main.o(.text.LL_DMA_EnableChannel) for LL_DMA_EnableChannel
    main.o(.text.main) refers to main.o(.text.LL_ADC_REG_SetDMATransfer) for LL_ADC_REG_SetDMATransfer
    main.o(.text.main) refers to main.o(.text.LL_ADC_StartCalibration) for LL_ADC_StartCalibration
    main.o(.text.main) refers to main.o(.text.LL_ADC_IsCalibrationOnGoing) for LL_ADC_IsCalibrationOnGoing
[...]
    USB_EPClearStall                         0x0800afc9   Thumb Code   328  stm32g4xx_ll_usb.o(.text.USB_EPClearStall)
    USB_EPSetStall                           0x0800b111   Thumb Code   136  stm32g4xx_ll_usb.o(.text.USB_EPSetStall)
    USB_EPStartXfer                          0x0800b199   Thumb Code  3540  stm32g4xx_ll_usb.o(.text.USB_EPStartXfer)
    USB_EnableGlobalInt                      0x0800bf6d   Thumb Code    30  stm32g4xx_ll_usb.o(.text.USB_EnableGlobalInt)
    USB_LP_IRQHandler                        0x0800bf8d   Thumb Code    16  stm32g4xx_it.o(.text.USB_LP_IRQHandler)
    USB_ReadInterrupts                       0x0800bf9d   Thumb Code    18  stm32g4xx_ll_usb.o(.text.USB_ReadInterrupts)
    USB_ReadPMA                              0x0800bfb1   Thumb Code   132  stm32g4xx_ll_usb.o(.text.USB_ReadPMA)
    USB_SetDevAddress                        0x0800c035   Thumb Code    32  stm32g4xx_ll_usb.o(.text.USB_SetDevAddress)
    USB_WritePMA                             0x0800c055   Thumb Code   116  stm32g4xx_ll_usb.o(.text.USB_WritePMA)
    UsageFault_Handler                       0x0800c0c9   Thumb Code     4  stm32g4xx_it.o(.text.UsageFault_Handler)
    _cos                                     0x0800c299   Thumb Code   184  foc.o(.text._cos)
    _sin                                     0x0800c351   Thumb Code  1144  foc.o(.text._sin)
    delay_init                               0x0800c7c9   Thumb Code    24  delay.o(.text.delay_init)
    delay_us                                 0x0800c7e1   Thumb Code   138  delay.o(.text.delay_us)
    main                                     0x0800c86d   Thumb Code   326  main.o(.text.main)
    _btod_d2e                                0x0800c9b3   Thumb Code    62  btod.o(CL$$btod_d2e)
    _d2e_denorm_low                          0x0800c9f1   Thumb Code    70  btod.o(CL$$btod_d2e_denorm_low)
    _d2e_norm_op1                            0x0800ca37   Thumb Code    96  btod.o(CL$$btod_d2e_norm_op1)
    __btod_div_common                        0x0800ca99   Thumb Code   696  btod.o(CL$$btod_div_common)
    _e2e                                     0x0800cdd1   Thumb Code   220  btod.o(CL$$btod_e2e)
    _btod_ediv                               0x0800cead   Thumb Code    42  btod.o(CL$$btod_ediv)
    _btod_emul                               0x0800ced7   Thumb Code    42  btod.o(CL$$btod_emul)
    __btod_mult_common                       0x0800cf01   Thumb Code   580  btod.o(CL$$btod_mult_common)
    __ARM_fpclassify                         0x0800d145   Thumb Code    48  fpclassify.o(i.__ARM_fpclassify)
    _is_digit                                0x0800d175   Thumb Code    14  __printf_wp.o(i._is_digit)
    _get_lc_numeric                          0x0800d185   Thumb Code    44  lc_numeric_c.o(locale$$code)
    _get_lc_ctype                            0x0800d1b1   Thumb Code    44  lc_ctype_c.o(locale$$code)
    __aeabi_d2f                              0x0800d1dd   Thumb Code     0  d2f.o(x$fpl$d2f)
    _d2f                                     0x0800d1dd   Thumb Code    98  d2f.o(x$fpl$d2f)
    __aeabi_dadd                             0x0800d241   Thumb Code     0  daddsub_clz.o(x$fpl$dadd)
    _dadd                                    0x0800d241   Thumb Code   332  daddsub_clz.o(x$fpl$dadd)
    __fpl_dcmp_Inf                           0x0800d391   Thumb Code    24  dcmpi.o(x$fpl$dcmpinf)
    __aeabi_ddiv                             0x0800d3a9   Thumb Code     0  ddiv.o(x$fpl$ddiv)
    _ddiv                                    0x0800d3a9   Thumb Code   556  ddiv.o(x$fpl$ddiv)
    __aeabi_cdcmpeq                          0x0800d65d   Thumb Code     0  deqf.o(x$fpl$deqf)
    _dcmpeq                                  0x0800d65d   Thumb Code   120  deqf.o(x$fpl$deqf)
    __aeabi_d2iz                             0x0800d6d5   Thumb Code     0  dfix.o(x$fpl$dfix)
    _dfix                                    0x0800d6d5   Thumb Code    94  dfix.o(x$fpl$dfix)
    __aeabi_i2d                              0x0800d733   Thumb Code     0  dflt_clz.o(x$fpl$dflt)
    _dflt                                    0x0800d733   Thumb Code    46  dflt_clz.o(x$fpl$dflt)
    __aeabi_cdcmpge                          0x0800d761   Thumb Code     0  dgeqf.o(x$fpl$dgeqf)
    _dcmpge                                  0x0800d761   Thumb Code   120  dgeqf.o(x$fpl$dgeqf)
    __aeabi_cdcmple                          0x0800d7d9   Thumb Code     0  dleqf.o(x$fpl$dleqf)
    _dcmple                                  0x0800d7d9   Thumb Code   120  dleqf.o(x$fpl$dleqf)
    __fpl_dcmple_InfNaN                      0x0800d83b   Thumb Code     0  dleqf.o(x$fpl$dleqf)
    __aeabi_dmul                             0x0800d851   Thumb Code     0  dmul.o(x$fpl$dmul)
    _dmul                                    0x0800d851   Thumb Code   332  dmul.o(x$fpl$dmul)
    __fpl_dnaninf                            0x0800d9a5   Thumb Code   156  dnaninf.o(x$fpl$dnaninf)
    __fpl_dretinf                            0x0800da41   Thumb Code    12  dretinf.o(x$fpl$dretinf)
    __aeabi_dsub                             0x0800da4d   Thumb Code     0  daddsub_clz.o(x$fpl$dsub)
    _dsub                                    0x0800da4d   Thumb Code   472  daddsub_clz.o(x$fpl$dsub)
    __aeabi_f2d                              0x0800dc29   Thumb Code     0  f2d.o(x$fpl$f2d)
    _f2d                                     0x0800dc29   Thumb Code    86  f2d.o(x$fpl$f2d)
    __aeabi_dcmpeq                           0x0800dc7f   Thumb Code     0  dcmp.o(x$fpl$fcmp)
    _deq                                     0x0800dc7f   Thumb Code    14  dcmp.o(x$fpl$fcmp)
    _dneq                                    0x0800dc8d   Thumb Code    14  dcmp.o(x$fpl$fcmp)
    __aeabi_dcmpgt                           0x0800dc9b   Thumb Code     0  dcmp.o(x$fpl$fcmp)
    _dgr                                     0x0800dc9b   Thumb Code    14  dcmp.o(x$fpl$fcmp)
    __aeabi_dcmpge                           0x0800dca9   Thumb Code     0  dcmp.o(x$fpl$fcmp)
    _dgeq                                    0x0800dca9   Thumb Code    14  dcmp.o(x$fpl$fcmp)
    __aeabi_dcmple                           0x0800dcb7   Thumb Code     0  dcmp.o(x$fpl$fcmp)
    _dleq                                    0x0800dcb7   Thumb Code    14  dcmp.o(x$fpl$fcmp)
    __aeabi_dcmplt                           0x0800dcc5   Thumb Code     0  dcmp.o(x$fpl$fcmp)
    _dls                                     0x0800dcc5   Thumb Code    14  dcmp.o(x$fpl$fcmp)
    __fpl_fnaninf                            0x0800dcd3   Thumb Code   140  fnaninf.o(x$fpl$fnaninf)
    _fp_init                                 0x0800dd5f   Thumb Code    26  fpinit.o(x$fpl$fpinit)
    __fplib_config_fpu_vfp                   0x0800dd77   Thumb Code     0  fpinit.o(x$fpl$fpinit)
    __fplib_config_pureend_doubles           0x0800dd77   Thumb Code     0  fpinit.o(x$fpl$fpinit)
    __fpl_fretinf                            0x0800dd79   Thumb Code    10  fretinf.o(x$fpl$fretinf)
    _printf_fp_dec                           0x0800dd83   Thumb Code     4  printf1.o(x$fpl$printf1)
    _printf_fp_hex                           0x0800dd87   Thumb Code     4  printf2.o(x$fpl$printf2)
    __I$use$fp                               0x0800dd8a   Number         0  usenofp.o(x$fpl$usenofp)
    Region$$Table$$Base                      0x0800df00   Number         0  anon$$obj.o(Region$$Table)
    Region$$Table$$Limit                     0x0800df20   Number         0  anon$$obj.o(Region$$Table)
    __ctype                                  0x0800df49   Data           0  lc_ctype_c.o(locale$$data)
    CDC_Desc                                 0x20000000   Data          32  usbd_desc.o(.data.CDC_Desc)
    FOC_MOTOR                                0x20000020   Data           4  foc.o(.data.FOC_MOTOR)
    SystemCoreClock                          0x20000024   Data           4  system_stm32g4xx.o(.data.SystemCoreClock)
    USBD_CDC                                 0x20000028   Data          56  usbd_cdc.o(.data.USBD_CDC)
    USBD_CDC_DeviceDesc                      0x200000e8   Data          18  usbd_desc.o(.data.USBD_CDC_DeviceDesc)
    USBD_Interface_fops_FS                   0x2000014c   Data          20  usbd_cdc_if.o(.data.USBD_Interface_fops_FS)
    USBD_LangIDDesc                          0x20000160   Data           4  usbd_desc.o(.data.USBD_LangIDDesc)
    USBD_StringSerial                        0x20000164   Data          26  usbd_desc.o(.data.USBD_StringSerial)
    foc_pid_iq                               0x20000180   Data           4  foc.o(.data.foc_pid_iq)
    sine_array                               0x20000184   Data         400  foc.o(.data.sine_array)
    uwTickFreq                               0x20000314   Data           4  stm32g4xx_hal.o(.data.uwTickFreq)
    uwTickPrio                               0x20000318   Data           4  stm32g4xx_hal.o(.data.uwTickPrio)
    __libspace_start                         0x20000320   Data          96  libspace.o(.bss)
    ADC_ConvertedValue                       0x20000380   Data          24  dma.o(.bss.ADC_ConvertedValue)
    __temporary_stack_top$libspace           0x20000380   Data           0  libspace.o(.bss)
    DA                                       0x20000398   Data           4  foc.o(.bss.DA)
    DB                                       0x2000039c   Data           4  foc.o(.bss.DB)
    DC                                       0x200003a0   Data           4  foc.o(.bss.DC)
    FOC_MOTOR__                              0x200003a4   Data          76  foc.o(.bss.FOC_MOTOR__)
    USBD_StrDesc                             0x200003f4   Data         512  usbd_desc.o(.bss.USBD_StrDesc)
    U_bias                                   0x20000814   Data          12  foc.o(.bss.U_bias)
    UserRxBufferFS                           0x20000820   Data        1024  usbd_cdc_if.o(.bss.UserRxBufferFS)
    UserTxBufferFS                           0x20000c20   Data        1024  usbd_cdc_if.o(.bss.UserTxBufferFS)
    angle                                    0x20001020   Data           6  as5600.o(.bss.angle)
    current_judge                            0x20001026   Data           1  foc.o(.bss.current_judge)
    d1                                       0x20001028   Data           4  foc.o(.bss.d1)
    d2                                       0x2000102c   Data           4  foc.o(.bss.d2)
    d3                                       0x20001030   Data           4  foc.o(.bss.d3)
    d4                                       0x20001034   Data           4  foc.o(.bss.d4)
    d5                                       0x20001038   Data           4  foc.o(.bss.d5)
    d6                                       0x2000103c   Data           4  foc.o(.bss.d6)
    d7                                       0x20001040   Data           4  foc.o(.bss.d7)
    foc_pid_iq__                             0x20001048   Data          68  foc.o(.bss.foc_pid_iq__)
    hUsbDeviceFS                             0x2000108c   Data         720  usb_device.o(.bss.hUsbDeviceFS)
    hfdcan1                                  0x2000135c   Data         100  fdcan.o(.bss.hfdcan1)
    hpcd_USB_FS                              0x200013c0   Data         756  usbd_conf.o(.bss.hpcd_USB_FS)
    uwTick                                   0x200016b4   Data           4  stm32g4xx_hal.o(.bss.uwTick)



==============================================================================

Memory Map of the image

  Image Entry point : 0x080001d9

  Load Region LR_IROM1 (Base: 0x08000000, Size: 0x0000e370, Max: 0x00020000, ABSOLUTE, COMPRESSED[0x0000e2b0])

    Execution Region ER_IROM1 (Exec base: 0x08000000, Load base: 0x08000000, Size: 0x0000e04c, Max: 0x00020000, ABSOLUTE)

    Exec Addr    Load Addr    Size         Type   Attr      Idx    E Section Name        Object

    0x08000000   0x08000000   0x000001d8   Data   RO            3    RESET               startup_stm32g431xx.o
    0x080001d8   0x080001d8   0x00000008   Code   RO         2172  * !!!main             c_w.l(__main.o)
    0x080001e0   0x080001e0   0x00000034   Code   RO         2587    !!!scatter          c_w.l(__scatter.o)
    0x08000214   0x08000214   0x0000005a   Code   RO         2585    !!dczerorl2         c_w.l(__dczerorl2.o)
    0x0800026e   0x0800026e   0x00000002   PAD
    0x08000270   0x08000270   0x0000001c   Code   RO         2589    !!handler_zi        c_w.l(__scatter_zi.o)
    0x0800028c   0x0800028c   0x00000000   Code   RO         2292    .ARM.Collect$$_printf_percent$$00000000  c_w.l(_printf_percent.o)
    0x0800028c   0x0800028c   0x00000006   Code   RO         2281    .ARM.Collect$$_printf_percent$$00000001  c_w.l(_printf_n.o)
    0x08000292   0x08000292   0x00000006   Code   RO         2283    .ARM.Collect$$_printf_percent$$00000002  c_w.l(_printf_p.o)
    0x08000298   0x08000298   0x00000006   Code   RO         2288    .ARM.Collect$$_printf_percent$$00000003  c_w.l(_printf_f.o)
    0x0800029e   0x0800029e   0x00000006   Code   RO         2289    .ARM.Collect$$_printf_percent$$00000004  c_w.l(_printf_e.o)
    0x080002a4   0x080002a4   0x00000006   Code   RO         2290    .ARM.Collect$$_printf_percent$$00000005  c_w.l(_printf_g.o)
    0x080002aa   0x080002aa   0x00000006   Code   RO         2291    .ARM.Collect$$_printf_percent$$00000006  c_w.l(_printf_a.o)
    0x080002b0   0x080002b0   0x0000000a   Code   RO         2296    .ARM.Collect$$_printf_percent$$00000007  c_w.l(_printf_ll.o)
    0x080002ba   0x080002ba   0x00000006   Code   RO         2285    .ARM.Collect$$_printf_percent$$00000008  c_w.l(_printf_i.o)
    0x080002c0   0x080002c0   0x00000006   Code   RO         2286    .ARM.Collect$$_printf_percent$$00000009  c_w.l(_printf_d.o)
    0x080002c6   0x080002c6   0x00000006   Code   RO         2287    .ARM.Collect$$_printf_percent$$0000000A  c_w.l(_printf_u.o)
    0x080002cc   0x080002cc   0x00000006   Code   RO         2284    .ARM.Collect$$_printf_percent$$0000000B  c_w.l(_printf_o.o)
    0x080002d2   0x080002d2   0x00000006   Code   RO         2282    .ARM.Collect$$_printf_percent$$0000000C  c_w.l(_printf_x.o)
    0x080002d8   0x080002d8   0x00000006   Code   RO         2293    .ARM.Collect$$_printf_percent$$0000000D  c_w.l(_printf_lli.o)
    0x080002de   0x080002de   0x00000006   Code   RO         2294    .ARM.Collect$$_printf_percent$$0000000E  c_w.l(_printf_lld.o)
    0x080002e4   0x080002e4   0x00000006   Code   RO         2295    .ARM.Collect$$_printf_percent$$0000000F  c_w.l(_printf_llu.o)
    0x080002ea   0x080002ea   0x00000006   Code   RO         2300    .ARM.Collect$$_printf_percent$$00000010  c_w.l(_printf_llo.o)
    0x080002f0   0x080002f0   0x00000006   Code   RO         2301    .ARM.Collect$$_printf_percent$$00000011  c_w.l(_printf_llx.o)
    0x080002f6   0x080002f6   0x0000000a   Code   RO         2297    .ARM.Collect$$_printf_percent$$00000012  c_w.l(_printf_l.o)
    0x08000300   0x08000300   0x00000006   Code   RO         2279    .ARM.Collect$$_printf_percent$$00000013  c_w.l(_printf_c.o)
    0x08000306   0x08000306   0x00000006   Code   RO         2280    .ARM.Collect$$_printf_percent$$00000014  c_w.l(_printf_s.o)
    0x0800030c   0x0800030c   0x00000006   Code   RO         2298    .ARM.Collect$$_printf_percent$$00000015  c_w.l(_printf_lc.o)
    0x08000312   0x08000312   0x00000006   Code   RO         2299    .ARM.Collect$$_printf_percent$$00000016  c_w.l(_printf_ls.o)
    0x08000318   0x08000318   0x00000004   Code   RO         2381    .ARM.Collect$$_printf_percent$$00000017  c_w.l(_printf_percent_end.o)
    0x0800031c   0x0800031c   0x00000002   Code   RO         2437    .ARM.Collect$$libinit$$00000000  c_w.l(libinit.o)
    0x0800031e   0x0800031e   0x00000004   Code   RO         2451    .ARM.Collect$$libinit$$00000001  c_w.l(libinit2.o)
    0x08000322   0x08000322   0x00000000   Code   RO         2454    .ARM.Collect$$libinit$$00000004  c_w.l(libinit2.o)
    0x08000322   0x08000322   0x00000000   Code   RO         2456    .ARM.Collect$$libinit$$00000006  c_w.l(libinit2.o)
    0x08000322   0x08000322   0x00000000   Code   RO         2459    .ARM.Collect$$libinit$$0000000C  c_w.l(libinit2.o)
    0x08000322   0x08000322   0x00000000   Code   RO         2461    .ARM.Collect$$libinit$$0000000E  c_w.l(libinit2.o)
    0x08000322   0x08000322   0x00000000   Code   RO         2463    .ARM.Collect$$libinit$$00000010  c_w.l(libinit2.o)
    0x08000322   0x08000322   0x00000006   Code   RO         2464    .ARM.Collect$$libinit$$00000011  c_w.l(libinit2.o)
    0x08000328   0x08000328   0x00000000   Code   RO         2466    .ARM.Collect$$libinit$$00000013  c_w.l(libinit2.o)
    0x08000328   0x08000328   0x0000000c   Code   RO         2467    .ARM.Collect$$libinit$$00000014  c_w.l(libinit2.o)
    0x08000334   0x08000334   0x00000000   Code   RO         2468    .ARM.Collect$$libinit$$00000015  c_w.l(libinit2.o)
    0x08000334   0x08000334   0x00000000   Code   RO         2470    .ARM.Collect$$libinit$$00000017  c_w.l(libinit2.o)
    0x08000334   0x08000334   0x0000000a   Code   RO         2471    .ARM.Collect$$libinit$$00000018  c_w.l(libinit2.o)
    0x0800033e   0x0800033e   0x00000000   Code   RO         2472    .ARM.Collect$$libinit$$00000019  c_w.l(libinit2.o)
    0x0800033e   0x0800033e   0x00000000   Code   RO         2474    .ARM.Collect$$libinit$$0000001B  c_w.l(libinit2.o)
    0x0800033e   0x0800033e   0x00000000   Code   RO         2476    .ARM.Collect$$libinit$$0000001D  c_w.l(libinit2.o)
    0x0800033e   0x0800033e   0x00000000   Code   RO         2478    .ARM.Collect$$libinit$$0000001F  c_w.l(libinit2.o)
    0x0800033e   0x0800033e   0x00000000   Code   RO         2480    .ARM.Collect$$libinit$$00000021  c_w.l(libinit2.o)
    0x0800033e   0x0800033e   0x00000000   Code   RO         2482    .ARM.Collect$$libinit$$00000023  c_w.l(libinit2.o)
    0x0800033e   0x0800033e   0x00000000   Code   RO         2484    .ARM.Collect$$libinit$$00000025  c_w.l(libinit2.o)
    0x0800033e   0x0800033e   0x00000000   Code   RO         2486    .ARM.Collect$$libinit$$00000027  c_w.l(libinit2.o)
    0x0800033e   0x0800033e   0x00000000   Code   RO         2490    .ARM.Collect$$libinit$$0000002E  c_w.l(libinit2.o)
    0x0800033e   0x0800033e   0x00000000   Code   RO         2492    .ARM.Collect$$libinit$$00000030  c_w.l(libinit2.o)
    0x0800033e   0x0800033e   0x00000000   Code   RO         2494    .ARM.Collect$$libinit$$00000032  c_w.l(libinit2.o)
    0x0800033e   0x0800033e   0x00000000   Code   RO         2496    .ARM.Collect$$libinit$$00000034  c_w.l(libinit2.o)
    0x0800033e   0x0800033e   0x00000002   Code   RO         2497    .ARM.Collect$$libinit$$00000035  c_w.l(libinit2.o)
    0x08000340   0x08000340   0x00000002   Code   RO         2521    .ARM.Collect$$libshutdown$$00000000  c_w.l(libshutdown.o)
    0x08000342   0x08000342   0x00000000   Code   RO         2536    .ARM.Collect$$libshutdown$$00000002  c_w.l(libshutdown2.o)
    0x08000342   0x08000342   0x00000000   Code   RO         2538    .ARM.Collect$$libshutdown$$00000004  c_w.l(libshutdown2.o)
    0x08000342   0x08000342   0x00000000   Code   RO         2541    .ARM.Collect$$libshutdown$$00000007  c_w.l(libshutdown2.o)
    0x08000342   0x08000342   0x00000000   Code   RO         2544    .ARM.Collect$$libshutdown$$0000000A  c_w.l(libshutdown2.o)
    0x08000342   0x08000342   0x00000000   Code   RO         2546    .ARM.Collect$$libshutdown$$0000000C  c_w.l(libshutdown2.o)
    0x08000342   0x08000342   0x00000000   Code   RO         2549    .ARM.Collect$$libshutdown$$0000000F  c_w.l(libshutdown2.o)
    0x08000342   0x08000342   0x00000002   Code   RO         2550    .ARM.Collect$$libshutdown$$00000010  c_w.l(libshutdown2.o)
    0x08000344   0x08000344   0x00000000   Code   RO         2208    .ARM.Collect$$rtentry$$00000000  c_w.l(__rtentry.o)
    0x08000344   0x08000344   0x00000000   Code   RO         2345    .ARM.Collect$$rtentry$$00000002  c_w.l(__rtentry2.o)
    0x08000344   0x08000344   0x00000006   Code   RO         2357    .ARM.Collect$$rtentry$$00000004  c_w.l(__rtentry4.o)
    0x0800034a   0x0800034a   0x00000000   Code   RO         2347    .ARM.Collect$$rtentry$$00000009  c_w.l(__rtentry2.o)
    0x0800034a   0x0800034a   0x00000004   Code   RO         2348    .ARM.Collect$$rtentry$$0000000A  c_w.l(__rtentry2.o)
    0x0800034e   0x0800034e   0x00000000   Code   RO         2350    .ARM.Collect$$rtentry$$0000000C  c_w.l(__rtentry2.o)
    0x0800034e   0x0800034e   0x00000008   Code   RO         2351    .ARM.Collect$$rtentry$$0000000D  c_w.l(__rtentry2.o)
    0x08000356   0x08000356   0x00000002   Code   RO         2442    .ARM.Collect$$rtexit$$00000000  c_w.l(rtexit.o)
    0x08000358   0x08000358   0x00000000   Code   RO         2499    .ARM.Collect$$rtexit$$00000002  c_w.l(rtexit2.o)
    0x08000358   0x08000358   0x00000004   Code   RO         2500    .ARM.Collect$$rtexit$$00000003  c_w.l(rtexit2.o)
    0x0800035c   0x0800035c   0x00000006   Code   RO         2501    .ARM.Collect$$rtexit$$00000004  c_w.l(rtexit2.o)
    0x08000362   0x08000362   0x00000002   PAD
    0x08000364   0x08000364   0x00000040   Code   RO            4    .text               startup_stm32g431xx.o
    0x080003a4   0x080003a4   0x0000003c   Code   RO         2166    .text               c_w.l(vsnprintf.o)
    0x080003e0   0x080003e0   0x0000004e   Code   RO         2168    .text               c_w.l(rt_memclr_w.o)
    0x0800042e   0x0800042e   0x00000006   Code   RO         2170    .text               c_w.l(heapauxi.o)
    0x08000434   0x08000434   0x0000004e   Code   RO         2213    .text               c_w.l(_printf_pad.o)
    0x08000482   0x08000482   0x00000024   Code   RO         2215    .text               c_w.l(_printf_truncate.o)
    0x080004a6   0x080004a6   0x00000052   Code   RO         2217    .text               c_w.l(_printf_str.o)
    0x080004f8   0x080004f8   0x00000078   Code   RO         2219    .text               c_w.l(_printf_dec.o)
    0x08000570   0x08000570   0x00000028   Code   RO         2221    .text               c_w.l(_printf_charcount.o)
    0x08000598   0x08000598   0x00000030   Code   RO         2223    .text               c_w.l(_printf_char_common.o)
    0x080005c8   0x080005c8   0x00000010   Code   RO         2225    .text               c_w.l(_snputc.o)
    0x080005d8   0x080005d8   0x000000bc   Code   RO         2227    .text               c_w.l(_printf_wctomb.o)
    0x08000694   0x08000694   0x0000007c   Code   RO         2230    .text               c_w.l(_printf_longlong_dec.o)
    0x08000710   0x08000710   0x00000070   Code   RO         2236    .text               c_w.l(_printf_oct_int_ll.o)
    0x08000780   0x08000780   0x00000094   Code   RO         2256    .text               c_w.l(_printf_hex_int_ll_ptr.o)
    0x08000814   0x08000814   0x00000188   Code   RO         2276    .text               c_w.l(__printf_flags_ss_wp.o)
    0x0800099c   0x0800099c   0x0000008a   Code   RO         2364    .text               c_w.l(lludiv10.o)
    0x08000a26   0x08000a26   0x000000b2   Code   RO         2366    .text               c_w.l(_printf_intcommon.o)
    0x08000ad8   0x08000ad8   0x0000041c   Code   RO         2368    .text               c_w.l(_printf_fp_dec.o)
    0x08000ef4   0x08000ef4   0x000002fc   Code   RO         2372    .text               c_w.l(_printf_fp_hex.o)
    0x080011f0   0x080011f0   0x0000002c   Code   RO         2377    .text               c_w.l(_printf_char.o)
    0x0800121c   0x0800121c   0x0000002c   Code   RO         2379    .text               c_w.l(_printf_wchar.o)
    0x08001248   0x08001248   0x00000048   Code   RO         2382    .text               c_w.l(_c16rtomb.o)
    0x08001290   0x08001290   0x00000008   Code   RO         2386    .text               c_w.l(libspace.o)
    0x08001298   0x08001298   0x0000004a   Code   RO         2389    .text               c_w.l(sys_stackheap_outer.o)
    0x080012e2   0x080012e2   0x00000002   PAD
    0x080012e4   0x080012e4   0x00000010   Code   RO         2391    .text               c_w.l(rt_ctype_table.o)
    0x080012f4   0x080012f4   0x00000008   Code   RO         2396    .text               c_w.l(rt_locale_intlibspace.o)
    0x080012fc   0x080012fc   0x00000080   Code   RO         2398    .text               c_w.l(_printf_fp_infnan.o)
    0x0800137c   0x0800137c   0x000000e4   Code   RO         2400    .text               c_w.l(bigflt0.o)
    0x08001460   0x08001460   0x00000012   Code   RO         2430    .text               c_w.l(exit.o)
    0x08001472   0x08001472   0x00000006   PAD
    0x08001478   0x08001478   0x0000007c   Code   RO         2449    .text               c_w.l(strcmpv7em.o)
    0x080014f4   0x080014f4   0x0000000c   Code   RO         2511    .text               c_w.l(sys_exit.o)
    0x08001500   0x08001500   0x00000002   Code   RO         2526    .text               c_w.l(use_no_semi.o)
    0x08001502   0x08001502   0x00000000   Code   RO         2528    .text               c_w.l(indicate_semi.o)
    0x08001502   0x08001502   0x00000002   PAD
    0x08001504   0x08001504   0x0000003e   Code   RO         2070    .text.AS_angle_read  as5600.o
    0x08001542   0x08001542   0x00000006   PAD
    0x08001548   0x08001548   0x000001e0   Code   RO         2072    .text.AS_angle_read_filter  as5600.o
    0x08001728   0x08001728   0x00000048   Code   RO         2068    .text.AS_read_reg_u8  as5600.o
    0x08001770   0x08001770   0x00000004   Code   RO          319    .text.BusFault_Handler  stm32g4xx_it.o
    0x08001774   0x08001774   0x0000005c   Code   RO          481    .text.CDC_Control_FS  usbd_cdc_if.o
    0x080017d0   0x080017d0   0x00000004   Code   RO          479    .text.CDC_DeInit_FS  usbd_cdc_if.o
    0x080017d4   0x080017d4   0x00000032   Code   RO          477    .text.CDC_Init_FS   usbd_cdc_if.o
    0x08001806   0x08001806   0x00000002   PAD
    0x08001808   0x08001808   0x00000024   Code   RO          483    .text.CDC_Receive_FS  usbd_cdc_if.o
    0x0800182c   0x0800182c   0x00000018   Code   RO          485    .text.CDC_TransmitCplt_FS  usbd_cdc_if.o
    0x08001844   0x08001844   0x00000060   Code   RO          487    .text.CDC_Transmit_FS  usbd_cdc_if.o
    0x080018a4   0x080018a4   0x00000004   PAD
    0x080018a8   0x080018a8   0x000000a8   Code   RO         2112    .text.Clarke_transfrom  foc.o
    0x08001950   0x08001950   0x00000738   Code   RO         2102    .text.Current_get   foc.o
    0x08002088   0x08002088   0x00000278   Code   RO         2100    .text.Current_get_init  foc.o
    0x08002300   0x08002300   0x00000002   Code   RO          331    .text.DMA1_Channel1_IRQHandler  stm32g4xx_it.o
    0x08002302   0x08002302   0x00000002   PAD
    0x08002304   0x08002304   0x00000002   Code   RO          325    .text.DebugMon_Handler  stm32g4xx_it.o
    0x08002306   0x08002306   0x00000002   PAD
    0x08002308   0x08002308   0x0000000e   Code   RO           89    .text.Error_Handler  main.o
    0x08002316   0x08002316   0x00000002   PAD
    0x08002318   0x08002318   0x0000009e   Code   RO         1550    .text.FDCAN_CalcultateRamBlockAddresses  stm32g4xx_hal_fdcan.o
    0x080023b6   0x080023b6   0x00000002   PAD
    0x080023b8   0x080023b8   0x00000078   Code   RO         2108    .text.FOC_init      foc.o
    0x08002430   0x08002430   0x0000005c   Code   RO          460    .text.Get_SerialNum  usbd_desc.o
    0x0800248c   0x0800248c   0x000002cc   Code   RO         1546    .text.HAL_FDCAN_Init  stm32g4xx_hal_fdcan.o
    0x08002758   0x08002758   0x00000090   Code   RO          179    .text.HAL_FDCAN_MspInit  fdcan.o
    0x080027e8   0x080027e8   0x00000368   Code   RO         1156    .text.HAL_GPIO_Init  stm32g4xx_hal_gpio.o
    0x08002b50   0x08002b50   0x0000000c   Code   RO          906    .text.HAL_GetTick   stm32g4xx_hal.o
    0x08002b5c   0x08002b5c   0x0000001a   Code   RO          904    .text.HAL_IncTick   stm32g4xx_hal.o
    0x08002b76   0x08002b76   0x00000002   PAD
    0x08002b78   0x08002b78   0x00000030   Code   RO          894    .text.HAL_Init      stm32g4xx_hal.o
    0x08002ba8   0x08002ba8   0x00000088   Code   RO          896    .text.HAL_InitTick  stm32g4xx_hal.o
    0x08002c30   0x08002c30   0x00000058   Code   RO          352    .text.HAL_MspInit   stm32g4xx_hal_msp.o
    0x08002c88   0x08002c88   0x00000014   Code   RO         1390    .text.HAL_NVIC_EnableIRQ  stm32g4xx_hal_cortex.o
    0x08002c9c   0x08002c9c   0x0000002e   Code   RO         1382    .text.HAL_NVIC_SetPriority  stm32g4xx_hal_cortex.o
    0x08002cca   0x08002cca   0x00000002   PAD
    0x08002ccc   0x08002ccc   0x00000010   Code   RO         1378    .text.HAL_NVIC_SetPriorityGrouping  stm32g4xx_hal_cortex.o
    0x08002cdc   0x08002cdc   0x0000003a   Code   RO          836    .text.HAL_PCDEx_ActivateLPM  stm32g4xx_hal_pcd_ex.o
    0x08002d16   0x08002d16   0x00000002   PAD
    0x08002d18   0x08002d18   0x00000072   Code   RO          420    .text.HAL_PCDEx_LPM_Callback  usbd_conf.o
    0x08002d8a   0x08002d8a   0x00000002   PAD
    0x08002d8c   0x08002d8c   0x0000007a   Code   RO          826    .text.HAL_PCDEx_PMAConfig  stm32g4xx_hal_pcd_ex.o
    0x08002e06   0x08002e06   0x00000002   PAD
    0x08002e08   0x08002e08   0x00000026   Code   RO          370    .text.HAL_PCD_DataInStageCallback  usbd_conf.o
    0x08002e2e   0x08002e2e   0x00000002   PAD
    0x08002e30   0x08002e30   0x00000028   Code   RO          368    .text.HAL_PCD_DataOutStageCallback  usbd_conf.o
    0x08002e58   0x08002e58   0x000000a8   Code   RO          795    .text.HAL_PCD_EP_Close  stm32g4xx_hal_pcd.o
    0x08002f00   0x08002f00   0x000000c8   Code   RO          805    .text.HAL_PCD_EP_ClrStall  stm32g4xx_hal_pcd.o
    0x08002fc8   0x08002fc8   0x000001f8   Code   RO          815    .text.HAL_PCD_EP_DB_Receive  stm32g4xx_hal_pcd.o
    0x080031c0   0x080031c0   0x0000073c   Code   RO          817    .text.HAL_PCD_EP_DB_Transmit  stm32g4xx_hal_pcd.o
    0x080038fc   0x080038fc   0x00000022   Code   RO          799    .text.HAL_PCD_EP_GetRxCount  stm32g4xx_hal_pcd.o
    0x0800391e   0x0800391e   0x00000002   PAD
    0x08003920   0x08003920   0x000000ea   Code   RO          793    .text.HAL_PCD_EP_Open  stm32g4xx_hal_pcd.o
    0x08003a0a   0x08003a0a   0x00000002   PAD
    0x08003a0c   0x08003a0c   0x00000070   Code   RO          797    .text.HAL_PCD_EP_Receive  stm32g4xx_hal_pcd.o
    0x08003a7c   0x08003a7c   0x000000c4   Code   RO          803    .text.HAL_PCD_EP_SetStall  stm32g4xx_hal_pcd.o
    0x08003b40   0x08003b40   0x0000007c   Code   RO          801    .text.HAL_PCD_EP_Transmit  stm32g4xx_hal_pcd.o
    0x08003bbc   0x08003bbc   0x000001e8   Code   RO          761    .text.HAL_PCD_IRQHandler  stm32g4xx_hal_pcd.o
    0x08003da4   0x08003da4   0x000001e6   Code   RO          749    .text.HAL_PCD_Init  stm32g4xx_hal_pcd.o
    0x08003f8a   0x08003f8a   0x00000002   PAD
    0x08003f8c   0x08003f8c   0x00000054   Code   RO          360    .text.HAL_PCD_MspInit  usbd_conf.o
    0x08003fe0   0x08003fe0   0x00000038   Code   RO          374    .text.HAL_PCD_ResetCallback  usbd_conf.o
    0x08004018   0x08004018   0x00000032   Code   RO          378    .text.HAL_PCD_ResumeCallback  usbd_conf.o
    0x0800404a   0x0800404a   0x00000002   PAD
    0x0800404c   0x0800404c   0x00000014   Code   RO          372    .text.HAL_PCD_SOFCallback  usbd_conf.o
    0x08004060   0x08004060   0x0000005e   Code   RO          767    .text.HAL_PCD_SetAddress  stm32g4xx_hal_pcd.o
    0x080040be   0x080040be   0x00000002   PAD
    0x080040c0   0x080040c0   0x00000018   Code   RO          366    .text.HAL_PCD_SetupStageCallback  usbd_conf.o
    0x080040d8   0x080040d8   0x00000054   Code   RO          757    .text.HAL_PCD_Start  stm32g4xx_hal_pcd.o
    0x0800412c   0x0800412c   0x0000002e   Code   RO          376    .text.HAL_PCD_SuspendCallback  usbd_conf.o
    0x0800415a   0x0800415a   0x00000002   PAD
    0x0800415c   0x0800415c   0x00000012   Code   RO         1369    .text.HAL_PWREx_DisableUCPDDeadBattery  stm32g4xx_hal_pwr_ex.o
    0x0800416e   0x0800416e   0x00000002   PAD
    0x08004170   0x08004170   0x00000052   Code   RO          950    .text.HAL_SYSCFG_EnableVREFBUF  stm32g4xx_hal.o
    0x080041c2   0x080041c2   0x00000002   PAD
    0x080041c4   0x080041c4   0x0000001a   Code   RO          946    .text.HAL_SYSCFG_VREFBUF_HighImpedanceConfig  stm32g4xx_hal.o
    0x080041de   0x080041de   0x00000002   PAD
    0x080041e0   0x080041e0   0x0000001a   Code   RO          944    .text.HAL_SYSCFG_VREFBUF_VoltageScalingConfig  stm32g4xx_hal.o
    0x080041fa   0x080041fa   0x00000002   PAD
    0x080041fc   0x080041fc   0x00000010   Code   RO         1402    .text.HAL_SYSTICK_Config  stm32g4xx_hal_cortex.o
    0x0800420c   0x0800420c   0x00000004   Code   RO          315    .text.HardFault_Handler  stm32g4xx_it.o
    0x08004210   0x08004210   0x0000004c   Code   RO         2052    .text.I2C_ACK       as5600.o
    0x0800425c   0x0800425c   0x0000004c   Code   RO         2054    .text.I2C_NACK      as5600.o
    0x080042a8   0x080042a8   0x00000036   Code   RO         2046    .text.I2C_end       as5600.o
    0x080042de   0x080042de   0x00000002   PAD
    0x080042e0   0x080042e0   0x00000086   Code   RO         2062    .text.I2C_read_bus  as5600.o
    0x08004366   0x08004366   0x00000002   PAD
    0x08004368   0x08004368   0x00000008   Code   RO         2064    .text.I2C_read_data_u8  as5600.o
    0x08004370   0x08004370   0x00000048   Code   RO         2040    .text.I2C_strat     as5600.o
    0x080043b8   0x080043b8   0x0000009c   Code   RO         2048    .text.I2C_wait_ACK  as5600.o
    0x08004454   0x08004454   0x0000008a   Code   RO         2056    .text.I2C_write_bus  as5600.o
    0x080044de   0x080044de   0x00000002   PAD
    0x080044e0   0x080044e0   0x00000014   Code   RO         2058    .text.I2C_write_data_u8  as5600.o
    0x080044f4   0x080044f4   0x0000000a   Code   RO         2038    .text.I2c_delay     as5600.o
    0x080044fe   0x080044fe   0x00000002   PAD
    0x08004500   0x08004500   0x0000007a   Code   RO          462    .text.IntToUnicode  usbd_desc.o
    0x0800457a   0x0800457a   0x00000002   PAD
    0x0800457c   0x0800457c   0x00000096   Code   RO         1455    .text.LL_ADC_CommonInit  stm32g4xx_ll_adc.o
    0x08004612   0x08004612   0x00000002   PAD
    0x08004614   0x08004614   0x00000026   Code   RO           33    .text.LL_ADC_DMA_GetRegAddr  main.o
    0x0800463a   0x0800463a   0x00000002   PAD
    0x0800463c   0x0800463c   0x00000018   Code   RO          139    .text.LL_ADC_DisableDeepPowerDown  adc.o
    0x08004654   0x08004654   0x0000001c   Code   RO           45    .text.LL_ADC_Enable  main.o
    0x08004670   0x08004670   0x0000001e   Code   RO          141    .text.LL_ADC_EnableInternalRegulator  adc.o
    0x0800468e   0x0800468e   0x00000002   PAD
    0x08004690   0x08004690   0x00000046   Code   RO         1485    .text.LL_ADC_Init   stm32g4xx_ll_adc.o
    0x080046d6   0x080046d6   0x00000002   PAD
    0x080046d8   0x080046d8   0x00000010   Code   RO           47    .text.LL_ADC_IsActiveFlag_ADRDY  main.o
    0x080046e8   0x080046e8   0x0000000e   Code   RO           43    .text.LL_ADC_IsCalibrationOnGoing  main.o
    0x080046f6   0x080046f6   0x00000002   PAD
    0x080046f8   0x080046f8   0x00000010   Code   RO         1457    .text.LL_ADC_IsEnabled  stm32g4xx_ll_adc.o
    0x08004708   0x08004708   0x000000a2   Code   RO         1489    .text.LL_ADC_REG_Init  stm32g4xx_ll_adc.o
    0x080047aa   0x080047aa   0x00000002   PAD
    0x080047ac   0x080047ac   0x0000001a   Code   RO           39    .text.LL_ADC_REG_SetDMATransfer  main.o
    0x080047c6   0x080047c6   0x00000002   PAD
    0x080047c8   0x080047c8   0x0000001a   Code   RO         1491    .text.LL_ADC_REG_SetSequencerLength  stm32g4xx_ll_adc.o
    0x080047e2   0x080047e2   0x00000002   PAD
    0x080047e4   0x080047e4   0x0000003a   Code   RO          143    .text.LL_ADC_REG_SetSequencerRanks  adc.o
    0x0800481e   0x0800481e   0x00000002   PAD
    0x08004820   0x08004820   0x0000001c   Code   RO           49    .text.LL_ADC_REG_StartConversion  main.o
    0x0800483c   0x0800483c   0x00000036   Code   RO          145    .text.LL_ADC_SetChannelSamplingTime  adc.o
    0x08004872   0x08004872   0x00000002   PAD
    0x08004874   0x08004874   0x00000048   Code   RO          147    .text.LL_ADC_SetChannelSingleDiff  adc.o
    0x080048bc   0x080048bc   0x00000038   Code   RO          135    .text.LL_ADC_SetGainCompensation  adc.o
    0x080048f4   0x080048f4   0x0000001c   Code   RO          137    .text.LL_ADC_SetOverSamplingScope  adc.o
    0x08004910   0x08004910   0x00000028   Code   RO           41    .text.LL_ADC_StartCalibration  main.o
    0x08004938   0x08004938   0x00000022   Code   RO          159    .text.LL_AHB1_GRP1_EnableClock  dma.o
    0x0800495a   0x0800495a   0x00000002   PAD
    0x0800495c   0x0800495c   0x00000022   Code   RO           25    .text.LL_AHB2_GRP1_EnableClock  main.o
    0x0800497e   0x0800497e   0x00000002   PAD
    0x08004980   0x08004980   0x00000022   Code   RO          102    .text.LL_AHB2_GRP1_EnableClock  gpio.o
    0x080049a2   0x080049a2   0x00000002   PAD
    0x080049a4   0x080049a4   0x00000022   Code   RO          117    .text.LL_AHB2_GRP1_EnableClock  adc.o
    0x080049c6   0x080049c6   0x00000002   PAD
    0x080049c8   0x080049c8   0x00000022   Code   RO          197    .text.LL_AHB2_GRP1_EnableClock  i2c.o
    0x080049ea   0x080049ea   0x00000002   PAD
    0x080049ec   0x080049ec   0x00000022   Code   RO          224    .text.LL_AHB2_GRP1_EnableClock  lptim.o
    0x08004a0e   0x08004a0e   0x00000002   PAD
    0x08004a10   0x08004a10   0x00000022   Code   RO          253    .text.LL_AHB2_GRP1_EnableClock  spi.o
    0x08004a32   0x08004a32   0x00000002   PAD
    0x08004a34   0x08004a34   0x00000022   Code   RO          296    .text.LL_AHB2_GRP1_EnableClock  tim.o
    0x08004a56   0x08004a56   0x00000002   PAD
    0x08004a58   0x08004a58   0x00000022   Code   RO          199    .text.LL_APB1_GRP1_EnableClock  i2c.o
    0x08004a7a   0x08004a7a   0x00000002   PAD
    0x08004a7c   0x08004a7c   0x00000022   Code   RO          222    .text.LL_APB1_GRP1_EnableClock  lptim.o
    0x08004a9e   0x08004a9e   0x00000002   PAD
    0x08004aa0   0x08004aa0   0x00000022   Code   RO          261    .text.LL_APB1_GRP1_EnableClock  spi.o
    0x08004ac2   0x08004ac2   0x00000002   PAD
    0x08004ac4   0x08004ac4   0x00000022   Code   RO          300    .text.LL_APB1_GRP1_EnableClock  tim.o
    0x08004ae6   0x08004ae6   0x00000002   PAD
    0x08004ae8   0x08004ae8   0x00000022   Code   RO          251    .text.LL_APB2_GRP1_EnableClock  spi.o
    0x08004b0a   0x08004b0a   0x00000002   PAD
    0x08004b0c   0x08004b0c   0x00000022   Code   RO          272    .text.LL_APB2_GRP1_EnableClock  tim.o
    0x08004b2e   0x08004b2e   0x00000002   PAD
    0x08004b30   0x08004b30   0x00000062   Code   RO           31    .text.LL_DMA_ConfigAddresses  main.o
    0x08004b92   0x08004b92   0x00000002   PAD
    0x08004b94   0x08004b94   0x00000024   Code   RO           37    .text.LL_DMA_EnableChannel  main.o
    0x08004bb8   0x08004bb8   0x00000030   Code   RO          123    .text.LL_DMA_SetChannelPriorityLevel  adc.o
    0x08004be8   0x08004be8   0x00000036   Code   RO           35    .text.LL_DMA_SetDataLength  main.o
    0x08004c1e   0x08004c1e   0x00000002   PAD
    0x08004c20   0x08004c20   0x00000032   Code   RO          121    .text.LL_DMA_SetDataTransferDirection  adc.o
    0x08004c52   0x08004c52   0x00000002   PAD
    0x08004c54   0x08004c54   0x00000030   Code   RO          129    .text.LL_DMA_SetMemoryIncMode  adc.o
    0x08004c84   0x08004c84   0x00000030   Code   RO          133    .text.LL_DMA_SetMemorySize  adc.o
    0x08004cb4   0x08004cb4   0x00000030   Code   RO          125    .text.LL_DMA_SetMode  adc.o
    0x08004ce4   0x08004ce4   0x00000030   Code   RO          127    .text.LL_DMA_SetPeriphIncMode  adc.o
    0x08004d14   0x08004d14   0x00000048   Code   RO          119    .text.LL_DMA_SetPeriphRequest  adc.o
    0x08004d5c   0x08004d5c   0x00000030   Code   RO          131    .text.LL_DMA_SetPeriphSize  adc.o
    0x08004d8c   0x08004d8c   0x00000010   Code   RO           59    .text.LL_FLASH_GetLatency  main.o
    0x08004d9c   0x08004d9c   0x0000001c   Code   RO           57    .text.LL_FLASH_SetLatency  main.o
    0x08004db8   0x08004db8   0x000000dc   Code   RO          726    .text.LL_GPIO_Init  stm32g4xx_ll_gpio.o
    0x08004e94   0x08004e94   0x0000001a   Code   RO         2050    .text.LL_GPIO_IsInputPinSet  as5600.o
    0x08004eae   0x08004eae   0x00000002   PAD
    0x08004eb0   0x08004eb0   0x00000010   Code   RO           27    .text.LL_GPIO_ResetOutputPin  main.o
    0x08004ec0   0x08004ec0   0x00000010   Code   RO          104    .text.LL_GPIO_ResetOutputPin  gpio.o
    0x08004ed0   0x08004ed0   0x00000010   Code   RO         2044    .text.LL_GPIO_ResetOutputPin  as5600.o
    0x08004ee0   0x08004ee0   0x0000007c   Code   RO          734    .text.LL_GPIO_SetAFPin_0_7  stm32g4xx_ll_gpio.o
    0x08004f5c   0x08004f5c   0x00000080   Code   RO          736    .text.LL_GPIO_SetAFPin_8_15  stm32g4xx_ll_gpio.o
    0x08004fdc   0x08004fdc   0x00000010   Code   RO         2042    .text.LL_GPIO_SetOutputPin  as5600.o
    0x08004fec   0x08004fec   0x0000007c   Code   RO          738    .text.LL_GPIO_SetPinMode  stm32g4xx_ll_gpio.o
    0x08005068   0x08005068   0x0000001e   Code   RO          730    .text.LL_GPIO_SetPinOutputType  stm32g4xx_ll_gpio.o
    0x08005086   0x08005086   0x00000002   PAD
    0x08005088   0x08005088   0x0000007c   Code   RO          732    .text.LL_GPIO_SetPinPull  stm32g4xx_ll_gpio.o
    0x08005104   0x08005104   0x0000007c   Code   RO          728    .text.LL_GPIO_SetPinSpeed  stm32g4xx_ll_gpio.o
    0x08005180   0x08005180   0x0000001a   Code   RO         1702    .text.LL_I2C_AcknowledgeNextData  stm32g4xx_ll_i2c.o
    0x0800519a   0x0800519a   0x00000002   PAD
    0x0800519c   0x0800519c   0x00000022   Code   RO         1688    .text.LL_I2C_ConfigFilters  stm32g4xx_ll_i2c.o
    0x080051be   0x080051be   0x00000002   PAD
    0x080051c0   0x080051c0   0x00000012   Code   RO         1686    .text.LL_I2C_Disable  stm32g4xx_ll_i2c.o
    0x080051d2   0x080051d2   0x00000002   PAD
    0x080051d4   0x080051d4   0x00000012   Code   RO          207    .text.LL_I2C_DisableGeneralCall  i2c.o
    0x080051e6   0x080051e6   0x00000002   PAD
    0x080051e8   0x080051e8   0x00000012   Code   RO         1694    .text.LL_I2C_DisableOwnAddress1  stm32g4xx_ll_i2c.o
    0x080051fa   0x080051fa   0x00000002   PAD
    0x080051fc   0x080051fc   0x00000012   Code   RO          205    .text.LL_I2C_DisableOwnAddress2  i2c.o
    0x0800520e   0x0800520e   0x00000002   PAD
    0x08005210   0x08005210   0x00000012   Code   RO         1692    .text.LL_I2C_Enable  stm32g4xx_ll_i2c.o
    0x08005222   0x08005222   0x00000002   PAD
    0x08005224   0x08005224   0x00000012   Code   RO          201    .text.LL_I2C_EnableAutoEndMode  i2c.o
    0x08005236   0x08005236   0x00000002   PAD
    0x08005238   0x08005238   0x00000012   Code   RO          209    .text.LL_I2C_EnableClockStretching  i2c.o
    0x0800524a   0x0800524a   0x00000002   PAD
    0x0800524c   0x0800524c   0x00000012   Code   RO         1698    .text.LL_I2C_EnableOwnAddress1  stm32g4xx_ll_i2c.o
    0x0800525e   0x0800525e   0x00000002   PAD
    0x08005260   0x08005260   0x00000066   Code   RO         1684    .text.LL_I2C_Init   stm32g4xx_ll_i2c.o
    0x080052c6   0x080052c6   0x00000002   PAD
    0x080052c8   0x080052c8   0x0000001a   Code   RO         1700    .text.LL_I2C_SetMode  stm32g4xx_ll_i2c.o
    0x080052e2   0x080052e2   0x00000002   PAD
    0x080052e4   0x080052e4   0x00000022   Code   RO         1696    .text.LL_I2C_SetOwnAddress1  stm32g4xx_ll_i2c.o
    0x08005306   0x08005306   0x00000002   PAD
    0x08005308   0x08005308   0x00000022   Code   RO          203    .text.LL_I2C_SetOwnAddress2  i2c.o
    0x0800532a   0x0800532a   0x00000002   PAD
    0x0800532c   0x0800532c   0x00000010   Code   RO         1690    .text.LL_I2C_SetTiming  stm32g4xx_ll_i2c.o
    0x0800533c   0x0800533c   0x0000001a   Code   RO          226    .text.LL_LPTIM_SetClockSource  lptim.o
    0x08005356   0x08005356   0x00000002   PAD
    0x08005358   0x08005358   0x0000001a   Code   RO          234    .text.LL_LPTIM_SetCounterMode  lptim.o
    0x08005372   0x08005372   0x00000002   PAD
    0x08005374   0x08005374   0x0000001a   Code   RO          238    .text.LL_LPTIM_SetInput1Src  lptim.o
    0x0800538e   0x0800538e   0x00000002   PAD
    0x08005390   0x08005390   0x0000001a   Code   RO          240    .text.LL_LPTIM_SetInput2Src  lptim.o
    0x080053aa   0x080053aa   0x00000002   PAD
    0x080053ac   0x080053ac   0x0000001a   Code   RO          230    .text.LL_LPTIM_SetPolarity  lptim.o
    0x080053c6   0x080053c6   0x00000002   PAD
    0x080053c8   0x080053c8   0x0000001a   Code   RO          228    .text.LL_LPTIM_SetPrescaler  lptim.o
    0x080053e2   0x080053e2   0x00000002   PAD
    0x080053e4   0x080053e4   0x0000001a   Code   RO          232    .text.LL_LPTIM_SetUpdateMode  lptim.o
    0x080053fe   0x080053fe   0x00000002   PAD
    0x08005400   0x08005400   0x00000012   Code   RO          236    .text.LL_LPTIM_TrigSw  lptim.o
    0x08005412   0x08005412   0x00000002   PAD
    0x08005414   0x08005414   0x00000012   Code   RO           61    .text.LL_PWR_EnableRange1BoostMode  main.o
    0x08005426   0x08005426   0x00000002   PAD
    0x08005428   0x08005428   0x00000010   Code   RO           83    .text.LL_RCC_GetSysClkSource  main.o
    0x08005438   0x08005438   0x00000012   Code   RO           63    .text.LL_RCC_HSE_Enable  main.o
    0x0800544a   0x0800544a   0x00000002   PAD
    0x0800544c   0x0800544c   0x00000010   Code   RO           65    .text.LL_RCC_HSE_IsReady  main.o
    0x0800545c   0x0800545c   0x00000012   Code   RO           67    .text.LL_RCC_HSI48_Enable  main.o
    0x0800546e   0x0800546e   0x00000002   PAD
    0x08005470   0x08005470   0x00000010   Code   RO           69    .text.LL_RCC_HSI48_IsReady  main.o
    0x08005480   0x08005480   0x00000036   Code   RO           71    .text.LL_RCC_PLL_ConfigDomain_SYS  main.o
    0x080054b6   0x080054b6   0x00000002   PAD
    0x080054b8   0x080054b8   0x00000012   Code   RO           75    .text.LL_RCC_PLL_Enable  main.o
    0x080054ca   0x080054ca   0x00000002   PAD
    0x080054cc   0x080054cc   0x00000012   Code   RO           73    .text.LL_RCC_PLL_EnableDomain_SYS  main.o
    0x080054de   0x080054de   0x00000002   PAD
    0x080054e0   0x080054e0   0x00000010   Code   RO           77    .text.LL_RCC_PLL_IsReady  main.o
    0x080054f0   0x080054f0   0x0000002c   Code   RO          115    .text.LL_RCC_SetADCClockSource  adc.o
    0x0800551c   0x0800551c   0x0000001c   Code   RO           81    .text.LL_RCC_SetAHBPrescaler  main.o
    0x08005538   0x08005538   0x0000001c   Code   RO           85    .text.LL_RCC_SetAPB1Prescaler  main.o
    0x08005554   0x08005554   0x0000001c   Code   RO           87    .text.LL_RCC_SetAPB2Prescaler  main.o
    0x08005570   0x08005570   0x0000001c   Code   RO          181    .text.LL_RCC_SetFDCANClockSource  fdcan.o
    0x0800558c   0x0800558c   0x00000032   Code   RO          195    .text.LL_RCC_SetI2CClockSource  i2c.o
    0x080055be   0x080055be   0x00000002   PAD
    0x080055c0   0x080055c0   0x0000001c   Code   RO          220    .text.LL_RCC_SetLPTIMClockSource  lptim.o
    0x080055dc   0x080055dc   0x0000001c   Code   RO           79    .text.LL_RCC_SetSysClkSource  main.o
    0x080055f8   0x080055f8   0x0000001c   Code   RO          362    .text.LL_RCC_SetUSBClockSource  usbd_conf.o
    0x08005614   0x08005614   0x00000012   Code   RO          257    .text.LL_SPI_EnableNSSPulseMgt  spi.o
    0x08005626   0x08005626   0x00000002   PAD
    0x08005628   0x08005628   0x000000b8   Code   RO         1756    .text.LL_SPI_Init   stm32g4xx_ll_spi.o
    0x080056e0   0x080056e0   0x00000010   Code   RO         1758    .text.LL_SPI_IsEnabled  stm32g4xx_ll_spi.o
    0x080056f0   0x080056f0   0x00000012   Code   RO         1762    .text.LL_SPI_SetCRCPolynomial  stm32g4xx_ll_spi.o
    0x08005702   0x08005702   0x00000002   PAD
    0x08005704   0x08005704   0x0000001a   Code   RO         1760    .text.LL_SPI_SetRxFIFOThreshold  stm32g4xx_ll_spi.o
    0x0800571e   0x0800571e   0x00000002   PAD
    0x08005720   0x08005720   0x0000001a   Code   RO          255    .text.LL_SPI_SetStandard  spi.o
    0x0800573a   0x0800573a   0x00000002   PAD
    0x0800573c   0x0800573c   0x00000014   Code   RO          618    .text.LL_SetSystemCoreClock  stm32g4xx_ll_utils.o
    0x08005750   0x08005750   0x00000118   Code   RO         1849    .text.LL_TIM_BDTR_Init  stm32g4xx_ll_tim.o
    0x08005868   0x08005868   0x00000014   Code   RO         2122    .text.LL_TIM_CC_EnableChannel  foc.o
    0x0800587c   0x0800587c   0x00000010   Code   RO           51    .text.LL_TIM_ClearFlag_UPDATE  main.o
    0x0800588c   0x0800588c   0x00000010   Code   RO          339    .text.LL_TIM_ClearFlag_UPDATE  stm32g4xx_it.o
    0x0800589c   0x0800589c   0x00000012   Code   RO          302    .text.LL_TIM_DisableARRPreload  tim.o
    0x080058ae   0x080058ae   0x00000002   PAD
    0x080058b0   0x080058b0   0x00000012   Code   RO          294    .text.LL_TIM_DisableMasterSlaveMode  tim.o
    0x080058c2   0x080058c2   0x00000002   PAD
    0x080058c4   0x080058c4   0x00000012   Code   RO          282    .text.LL_TIM_EnableARRPreload  tim.o
    0x080058d6   0x080058d6   0x00000002   PAD
    0x080058d8   0x080058d8   0x00000012   Code   RO         2118    .text.LL_TIM_EnableAllOutputs  foc.o
    0x080058ea   0x080058ea   0x00000002   PAD
    0x080058ec   0x080058ec   0x00000012   Code   RO           55    .text.LL_TIM_EnableCounter  main.o
    0x080058fe   0x080058fe   0x00000002   PAD
    0x08005900   0x08005900   0x00000012   Code   RO         2120    .text.LL_TIM_EnableCounter  foc.o
    0x08005912   0x08005912   0x00000002   PAD
    0x08005914   0x08005914   0x00000012   Code   RO           53    .text.LL_TIM_EnableIT_UPDATE  main.o
    0x08005926   0x08005926   0x00000002   PAD
    0x08005928   0x08005928   0x00000012   Code   RO         1805    .text.LL_TIM_GenerateEvent_UPDATE  stm32g4xx_ll_tim.o
    0x0800593a   0x0800593a   0x00000002   PAD
    0x0800593c   0x0800593c   0x0000000c   Code   RO         2104    .text.LL_TIM_GetCounter  foc.o
    0x08005948   0x08005948   0x00000174   Code   RO         1797    .text.LL_TIM_Init   stm32g4xx_ll_tim.o
    0x08005abc   0x08005abc   0x00000010   Code   RO          337    .text.LL_TIM_IsActiveFlag_UPDATE  stm32g4xx_it.o
    0x08005acc   0x08005acc   0x000000f4   Code   RO          288    .text.LL_TIM_OC_DisableFast  tim.o
    0x08005bc0   0x08005bc0   0x000000f4   Code   RO          286    .text.LL_TIM_OC_EnablePreload  tim.o
    0x08005cb4   0x08005cb4   0x000000a8   Code   RO         1809    .text.LL_TIM_OC_Init  stm32g4xx_ll_tim.o
    0x08005d5c   0x08005d5c   0x00000010   Code   RO         1851    .text.LL_TIM_OC_SetCompareCH1  stm32g4xx_ll_tim.o
    0x08005d6c   0x08005d6c   0x00000010   Code   RO         1845    .text.LL_TIM_OC_SetCompareCH2  stm32g4xx_ll_tim.o
    0x08005d7c   0x08005d7c   0x00000010   Code   RO         1853    .text.LL_TIM_OC_SetCompareCH3  stm32g4xx_ll_tim.o
    0x08005d8c   0x08005d8c   0x00000010   Code   RO         1855    .text.LL_TIM_OC_SetCompareCH4  stm32g4xx_ll_tim.o
    0x08005d9c   0x08005d9c   0x00000014   Code   RO         1857    .text.LL_TIM_OC_SetCompareCH5  stm32g4xx_ll_tim.o
    0x08005db0   0x08005db0   0x00000010   Code   RO         1859    .text.LL_TIM_OC_SetCompareCH6  stm32g4xx_ll_tim.o
    0x08005dc0   0x08005dc0   0x00000010   Code   RO         1799    .text.LL_TIM_SetAutoReload  stm32g4xx_ll_tim.o
    0x08005dd0   0x08005dd0   0x00000020   Code   RO          284    .text.LL_TIM_SetClockSource  tim.o
    0x08005df0   0x08005df0   0x00000010   Code   RO         1801    .text.LL_TIM_SetPrescaler  stm32g4xx_ll_tim.o
    0x08005e00   0x08005e00   0x00000010   Code   RO         1803    .text.LL_TIM_SetRepetitionCounter  stm32g4xx_ll_tim.o
    0x08005e10   0x08005e10   0x00000020   Code   RO          290    .text.LL_TIM_SetTriggerOutput  tim.o
    0x08005e30   0x08005e30   0x0000001a   Code   RO          292    .text.LL_TIM_SetTriggerOutput2  tim.o
    0x08005e4a   0x08005e4a   0x00000002   PAD
    0x08005e4c   0x08005e4c   0x0000004e   Code   RO          616    .text.LL_mDelay     stm32g4xx_ll_utils.o
    0x08005e9a   0x08005e9a   0x00000002   PAD
    0x08005e9c   0x08005e9c   0x00000214   Code   RO          113    .text.MX_ADC1_Init  adc.o
    0x080060b0   0x080060b0   0x00000030   Code   RO          157    .text.MX_DMA_Init   dma.o
    0x080060e0   0x080060e0   0x00000056   Code   RO          177    .text.MX_FDCAN1_Init  fdcan.o
    0x08006136   0x08006136   0x00000002   PAD
    0x08006138   0x08006138   0x000000de   Code   RO          100    .text.MX_GPIO_Init  gpio.o
    0x08006216   0x08006216   0x00000002   PAD
    0x08006218   0x08006218   0x000000e2   Code   RO          193    .text.MX_I2C1_Init  i2c.o
    0x080062fa   0x080062fa   0x00000002   PAD
    0x080062fc   0x080062fc   0x00000094   Code   RO          218    .text.MX_LPTIM1_Init  lptim.o
    0x08006390   0x08006390   0x000000e2   Code   RO          249    .text.MX_SPI1_Init  spi.o
    0x08006472   0x08006472   0x00000002   PAD
    0x08006474   0x08006474   0x000000ce   Code   RO          259    .text.MX_SPI3_Init  spi.o
    0x08006542   0x08006542   0x00000002   PAD
    0x08006544   0x08006544   0x00000236   Code   RO          270    .text.MX_TIM1_Init  tim.o
    0x0800677a   0x0800677a   0x00000002   PAD
    0x0800677c   0x0800677c   0x00000076   Code   RO          298    .text.MX_TIM3_Init  tim.o
    0x080067f2   0x080067f2   0x00000002   PAD
    0x080067f4   0x080067f4   0x00000076   Code   RO          437    .text.MX_USB_Device_Init  usb_device.o
    0x0800686a   0x0800686a   0x00000002   PAD
    0x0800686c   0x0800686c   0x00000004   Code   RO          317    .text.MemManage_Handler  stm32g4xx_it.o
    0x08006870   0x08006870   0x00000004   Code   RO          313    .text.NMI_Handler   stm32g4xx_it.o
    0x08006874   0x08006874   0x0000006c   Code   RO          163    .text.NVIC_EncodePriority  dma.o
    0x080068e0   0x080068e0   0x0000006c   Code   RO          276    .text.NVIC_EncodePriority  tim.o
    0x0800694c   0x0800694c   0x0000006c   Code   RO         1388    .text.NVIC_EncodePriority  stm32g4xx_hal_cortex.o
    0x080069b8   0x080069b8   0x0000010e   Code   RO         1811    .text.OC1Config     stm32g4xx_ll_tim.o
    0x08006ac6   0x08006ac6   0x00000002   PAD
    0x08006ac8   0x08006ac8   0x00000116   Code   RO         1813    .text.OC2Config     stm32g4xx_ll_tim.o
    0x08006bde   0x08006bde   0x00000002   PAD
    0x08006be0   0x08006be0   0x00000114   Code   RO         1815    .text.OC3Config     stm32g4xx_ll_tim.o
    0x08006cf4   0x08006cf4   0x00000116   Code   RO         1817    .text.OC4Config     stm32g4xx_ll_tim.o
    0x08006e0a   0x08006e0a   0x00000002   PAD
    0x08006e0c   0x08006e0c   0x000000d4   Code   RO         1819    .text.OC5Config     stm32g4xx_ll_tim.o
    0x08006ee0   0x08006ee0   0x000000d6   Code   RO         1821    .text.OC6Config     stm32g4xx_ll_tim.o
    0x08006fb6   0x08006fb6   0x00000002   PAD
    0x08006fb8   0x08006fb8   0x000006e6   Code   RO          763    .text.PCD_EP_ISR_Handler  stm32g4xx_hal_pcd.o
    0x0800769e   0x0800769e   0x00000002   PAD
    0x080076a0   0x080076a0   0x00000044   Code   RO         2083    .text.PID_Init      pid.o
    0x080076e4   0x080076e4   0x000000a2   Code   RO         2116    .text.ParkAnti_transfrom  foc.o
    0x08007786   0x08007786   0x00000002   PAD
    0x08007788   0x08007788   0x0000014c   Code   RO         2114    .text.Park_transfrom  foc.o
    0x080078d4   0x080078d4   0x00000002   Code   RO          327    .text.PendSV_Handler  stm32g4xx_it.o
    0x080078d6   0x080078d6   0x00000002   PAD
    0x080078d8   0x080078d8   0x00000064   Code   RO         2124    .text.Pwm_change    foc.o
    0x0800793c   0x0800793c   0x00000070   Code   RO         2110    .text.Pwm_init      foc.o
    0x080079ac   0x080079ac   0x00000002   Code   RO          323    .text.SVC_Handler   stm32g4xx_it.o
    0x080079ae   0x080079ae   0x00000002   PAD
    0x080079b0   0x080079b0   0x00000036   Code   RO         1953    .text.SWAPBYTE      usbd_ctlreq.o
    0x080079e6   0x080079e6   0x00000002   PAD
    0x080079e8   0x080079e8   0x000009e0   Code   RO         2128    .text.Svpwm         foc.o
    0x080083c8   0x080083c8   0x00000052   Code   RO         1404    .text.SysTick_Config  stm32g4xx_hal_cortex.o
    0x0800841a   0x0800841a   0x00000002   PAD
    0x0800841c   0x0800841c   0x00000008   Code   RO          329    .text.SysTick_Handler  stm32g4xx_it.o
    0x08008424   0x08008424   0x00000008   Code   RO          380    .text.SystemClockConfig_Resume  usbd_conf.o
    0x0800842c   0x0800842c   0x000000c6   Code   RO           29    .text.SystemClock_Config  main.o
    0x080084f2   0x080084f2   0x00000002   PAD
    0x080084f4   0x080084f4   0x00000012   Code   RO         1868    .text.SystemInit    system_stm32g4xx.o
    0x08008506   0x08008506   0x00000002   PAD
    0x08008508   0x08008508   0x00000032   Code   RO          335    .text.TIM1_UP_TIM16_IRQHandler  stm32g4xx_it.o
    0x0800853a   0x0800853a   0x00000002   PAD
    0x0800853c   0x0800853c   0x000000cc   Code   RO          341    .text.TIM3_IRQHandler  stm32g4xx_it.o
    0x08008608   0x08008608   0x00000188   Code   RO         2098    .text.Theta_get     foc.o
    0x08008790   0x08008790   0x0000004e   Code   RO          456    .text.USBD_CDC_ConfigStrDescriptor  usbd_desc.o
    0x080087de   0x080087de   0x00000002   PAD
    0x080087e0   0x080087e0   0x000000c4   Code   RO         1996    .text.USBD_CDC_DataIn  usbd_cdc.o
    0x080088a4   0x080088a4   0x00000058   Code   RO         1998    .text.USBD_CDC_DataOut  usbd_cdc.o
    0x080088fc   0x080088fc   0x0000006e   Code   RO         1990    .text.USBD_CDC_DeInit  usbd_cdc.o
    0x0800896a   0x0800896a   0x00000002   PAD
    0x0800896c   0x0800896c   0x0000001a   Code   RO          446    .text.USBD_CDC_DeviceDescriptor  usbd_desc.o
    0x08008986   0x08008986   0x00000002   PAD
    0x08008988   0x08008988   0x00000060   Code   RO         1994    .text.USBD_CDC_EP0_RxReady  usbd_cdc.o
    0x080089e8   0x080089e8   0x00000016   Code   RO         2006    .text.USBD_CDC_GetDeviceQualifierDescriptor  usbd_cdc.o
    0x080089fe   0x080089fe   0x00000002   PAD
    0x08008a00   0x08008a00   0x00000016   Code   RO         2002    .text.USBD_CDC_GetFSCfgDesc  usbd_cdc.o
    0x08008a16   0x08008a16   0x00000002   PAD
    0x08008a18   0x08008a18   0x00000016   Code   RO         2000    .text.USBD_CDC_GetHSCfgDesc  usbd_cdc.o
    0x08008a2e   0x08008a2e   0x00000002   PAD
    0x08008a30   0x08008a30   0x00000016   Code   RO         2004    .text.USBD_CDC_GetOtherSpeedCfgDesc  usbd_cdc.o
    0x08008a46   0x08008a46   0x00000002   PAD
    0x08008a48   0x08008a48   0x0000010e   Code   RO         1988    .text.USBD_CDC_Init  usbd_cdc.o
    0x08008b56   0x08008b56   0x00000002   PAD
    0x08008b58   0x08008b58   0x0000004e   Code   RO          458    .text.USBD_CDC_InterfaceStrDescriptor  usbd_desc.o
    0x08008ba6   0x08008ba6   0x00000002   PAD
    0x08008ba8   0x08008ba8   0x0000001a   Code   RO          448    .text.USBD_CDC_LangIDStrDescriptor  usbd_desc.o
    0x08008bc2   0x08008bc2   0x00000002   PAD
    0x08008bc4   0x08008bc4   0x00000028   Code   RO          450    .text.USBD_CDC_ManufacturerStrDescriptor  usbd_desc.o
    0x08008bec   0x08008bec   0x0000004e   Code   RO          452    .text.USBD_CDC_ProductStrDescriptor  usbd_desc.o
    0x08008c3a   0x08008c3a   0x00000002   PAD
    0x08008c3c   0x08008c3c   0x0000005e   Code   RO         2016    .text.USBD_CDC_ReceivePacket  usbd_cdc.o
    0x08008c9a   0x08008c9a   0x00000002   PAD
    0x08008c9c   0x08008c9c   0x0000002c   Code   RO         2008    .text.USBD_CDC_RegisterInterface  usbd_cdc.o
    0x08008cc8   0x08008cc8   0x00000020   Code   RO          454    .text.USBD_CDC_SerialStrDescriptor  usbd_desc.o
    0x08008ce8   0x08008ce8   0x00000034   Code   RO         2012    .text.USBD_CDC_SetRxBuffer  usbd_cdc.o
    0x08008d1c   0x08008d1c   0x0000003e   Code   RO         2010    .text.USBD_CDC_SetTxBuffer  usbd_cdc.o
    0x08008d5a   0x08008d5a   0x00000002   PAD
    0x08008d5c   0x08008d5c   0x0000019c   Code   RO         1992    .text.USBD_CDC_Setup  usbd_cdc.o
    0x08008ef8   0x08008ef8   0x0000006e   Code   RO         2014    .text.USBD_CDC_TransmitPacket  usbd_cdc.o
    0x08008f66   0x08008f66   0x00000002   PAD
    0x08008f68   0x08008f68   0x0000002a   Code   RO         1896    .text.USBD_ClrClassConfig  usbd_core.o
    0x08008f92   0x08008f92   0x00000002   PAD
    0x08008f94   0x08008f94   0x00000040   Code   RO         1943    .text.USBD_ClrFeature  usbd_ctlreq.o
    0x08008fd4   0x08008fd4   0x0000001e   Code   RO         1973    .text.USBD_CtlContinueRx  usbd_ioreq.o
    0x08008ff2   0x08008ff2   0x00000002   PAD
    0x08008ff4   0x08008ff4   0x0000001e   Code   RO         1969    .text.USBD_CtlContinueSendData  usbd_ioreq.o
    0x08009012   0x08009012   0x00000002   PAD
    0x08009014   0x08009014   0x0000001c   Code   RO         1945    .text.USBD_CtlError  usbd_ctlreq.o
    0x08009030   0x08009030   0x00000036   Code   RO         1971    .text.USBD_CtlPrepareRx  usbd_ioreq.o
    0x08009066   0x08009066   0x00000002   PAD
    0x08009068   0x08009068   0x00000022   Code   RO         1977    .text.USBD_CtlReceiveStatus  usbd_ioreq.o
    0x0800908a   0x0800908a   0x00000002   PAD
    0x0800908c   0x0800908c   0x00000032   Code   RO         1967    .text.USBD_CtlSendData  usbd_ioreq.o
    0x080090be   0x080090be   0x00000002   PAD
    0x080090c0   0x080090c0   0x00000022   Code   RO         1975    .text.USBD_CtlSendStatus  usbd_ioreq.o
    0x080090e2   0x080090e2   0x00000002   PAD
    0x080090e4   0x080090e4   0x00000064   Code   RO         1937    .text.USBD_GetConfig  usbd_ctlreq.o
    0x08009148   0x08009148   0x0000031e   Code   RO         1931    .text.USBD_GetDescriptor  usbd_ctlreq.o
    0x08009466   0x08009466   0x00000002   PAD
    0x08009468   0x08009468   0x00000032   Code   RO         1957    .text.USBD_GetLen   usbd_ctlreq.o
    0x0800949a   0x0800949a   0x00000002   PAD
    0x0800949c   0x0800949c   0x00000062   Code   RO         1939    .text.USBD_GetStatus  usbd_ctlreq.o
    0x080094fe   0x080094fe   0x00000002   PAD
    0x08009500   0x08009500   0x00000098   Code   RO         1955    .text.USBD_GetString  usbd_ctlreq.o
    0x08009598   0x08009598   0x00000052   Code   RO          394    .text.USBD_Get_USB_Status  usbd_conf.o
    0x080095ea   0x080095ea   0x00000002   PAD
    0x080095ec   0x080095ec   0x0000006a   Code   RO         1882    .text.USBD_Init     usbd_core.o
    0x08009656   0x08009656   0x00000002   PAD
    0x08009658   0x08009658   0x0000003a   Code   RO          408    .text.USBD_LL_ClearStallEP  usbd_conf.o
    0x08009692   0x08009692   0x00000002   PAD
    0x08009694   0x08009694   0x0000003a   Code   RO          402    .text.USBD_LL_CloseEP  usbd_conf.o
    0x080096ce   0x080096ce   0x00000002   PAD
    0x080096d0   0x080096d0   0x0000014c   Code   RO         1902    .text.USBD_LL_DataInStage  usbd_core.o
    0x0800981c   0x0800981c   0x000000f6   Code   RO         1900    .text.USBD_LL_DataOutStage  usbd_core.o
    0x08009912   0x08009912   0x00000002   PAD
    0x08009914   0x08009914   0x0000001c   Code   RO          418    .text.USBD_LL_GetRxDataSize  usbd_conf.o
    0x08009930   0x08009930   0x000000a4   Code   RO          390    .text.USBD_LL_Init  usbd_conf.o
    0x080099d4   0x080099d4   0x0000005c   Code   RO          410    .text.USBD_LL_IsStallEP  usbd_conf.o
    0x08009a30   0x08009a30   0x0000004a   Code   RO          400    .text.USBD_LL_OpenEP  usbd_conf.o
    0x08009a7a   0x08009a7a   0x00000002   PAD
    0x08009a7c   0x08009a7c   0x00000042   Code   RO          416    .text.USBD_LL_PrepareReceive  usbd_conf.o
    0x08009abe   0x08009abe   0x00000002   PAD
    0x08009ac0   0x08009ac0   0x000000a0   Code   RO         1904    .text.USBD_LL_Reset  usbd_core.o
    0x08009b60   0x08009b60   0x00000024   Code   RO         1910    .text.USBD_LL_Resume  usbd_core.o
    0x08009b84   0x08009b84   0x0000004e   Code   RO         1912    .text.USBD_LL_SOF   usbd_core.o
    0x08009bd2   0x08009bd2   0x00000002   PAD
    0x08009bd4   0x08009bd4   0x00000016   Code   RO         1906    .text.USBD_LL_SetSpeed  usbd_core.o
    0x08009bea   0x08009bea   0x00000002   PAD
    0x08009bec   0x08009bec   0x0000003a   Code   RO          412    .text.USBD_LL_SetUSBAddress  usbd_conf.o
    0x08009c26   0x08009c26   0x00000002   PAD
    0x08009c28   0x08009c28   0x00000094   Code   RO         1898    .text.USBD_LL_SetupStage  usbd_core.o
    0x08009cbc   0x08009cbc   0x0000003a   Code   RO          406    .text.USBD_LL_StallEP  usbd_conf.o
    0x08009cf6   0x08009cf6   0x00000002   PAD
    0x08009cf8   0x08009cf8   0x00000032   Code   RO          396    .text.USBD_LL_Start  usbd_conf.o
    0x08009d2a   0x08009d2a   0x00000002   PAD
    0x08009d2c   0x08009d2c   0x0000001e   Code   RO         1908    .text.USBD_LL_Suspend  usbd_core.o
    0x08009d4a   0x08009d4a   0x00000002   PAD
    0x08009d4c   0x08009d4c   0x00000042   Code   RO          414    .text.USBD_LL_Transmit  usbd_conf.o
    0x08009d8e   0x08009d8e   0x00000002   PAD
    0x08009d90   0x08009d90   0x00000062   Code   RO         1951    .text.USBD_ParseSetupRequest  usbd_ctlreq.o
    0x08009df2   0x08009df2   0x00000002   PAD
    0x08009df4   0x08009df4   0x00000056   Code   RO         1886    .text.USBD_RegisterClass  usbd_core.o
    0x08009e4a   0x08009e4a   0x00000002   PAD
    0x08009e4c   0x08009e4c   0x0000000a   Code   RO         1892    .text.USBD_RunTestMode  usbd_core.o
    0x08009e56   0x08009e56   0x00000002   PAD
    0x08009e58   0x08009e58   0x0000008c   Code   RO         1933    .text.USBD_SetAddress  usbd_ctlreq.o
    0x08009ee4   0x08009ee4   0x00000036   Code   RO         1894    .text.USBD_SetClassConfig  usbd_core.o
    0x08009f1a   0x08009f1a   0x00000002   PAD
    0x08009f1c   0x08009f1c   0x00000176   Code   RO         1935    .text.USBD_SetConfig  usbd_ctlreq.o
    0x0800a092   0x0800a092   0x00000002   PAD
    0x0800a094   0x0800a094   0x00000026   Code   RO         1941    .text.USBD_SetFeature  usbd_ctlreq.o
    0x0800a0ba   0x0800a0ba   0x00000002   PAD
    0x0800a0bc   0x0800a0bc   0x00000010   Code   RO         1888    .text.USBD_Start    usbd_core.o
    0x0800a0cc   0x0800a0cc   0x000000c4   Code   RO         1929    .text.USBD_StdDevReq  usbd_ctlreq.o
    0x0800a190   0x0800a190   0x00000318   Code   RO         1949    .text.USBD_StdEPReq  usbd_ctlreq.o
    0x0800a4a8   0x0800a4a8   0x0000009a   Code   RO         1947    .text.USBD_StdItfReq  usbd_ctlreq.o
    0x0800a542   0x0800a542   0x00000002   PAD
    0x0800a544   0x0800a544   0x00000008   Code   RO          426    .text.USBD_static_free  usbd_conf.o
    0x0800a54c   0x0800a54c   0x00000010   Code   RO          424    .text.USBD_static_malloc  usbd_conf.o
    0x0800a55c   0x0800a55c   0x00000040   Code   RO          489    .text.USBVcom_printf  usbd_cdc_if.o
    0x0800a59c   0x0800a59c   0x0000064c   Code   RO          859    .text.USB_ActivateEndpoint  stm32g4xx_ll_usb.o
    0x0800abe8   0x0800abe8   0x00000360   Code   RO          861    .text.USB_DeactivateEndpoint  stm32g4xx_ll_usb.o
    0x0800af48   0x0800af48   0x00000018   Code   RO          875    .text.USB_DevConnect  stm32g4xx_ll_usb.o
    0x0800af60   0x0800af60   0x00000048   Code   RO          857    .text.USB_DevInit   stm32g4xx_ll_usb.o
    0x0800afa8   0x0800afa8   0x0000001e   Code   RO          853    .text.USB_DisableGlobalInt  stm32g4xx_ll_usb.o
    0x0800afc6   0x0800afc6   0x00000002   PAD
    0x0800afc8   0x0800afc8   0x00000148   Code   RO          869    .text.USB_EPClearStall  stm32g4xx_ll_usb.o
    0x0800b110   0x0800b110   0x00000088   Code   RO          867    .text.USB_EPSetStall  stm32g4xx_ll_usb.o
    0x0800b198   0x0800b198   0x00000dd4   Code   RO          863    .text.USB_EPStartXfer  stm32g4xx_ll_usb.o
    0x0800bf6c   0x0800bf6c   0x0000001e   Code   RO          851    .text.USB_EnableGlobalInt  stm32g4xx_ll_usb.o
    0x0800bf8a   0x0800bf8a   0x00000002   PAD
    0x0800bf8c   0x0800bf8c   0x00000010   Code   RO          333    .text.USB_LP_IRQHandler  stm32g4xx_it.o
    0x0800bf9c   0x0800bf9c   0x00000012   Code   RO          879    .text.USB_ReadInterrupts  stm32g4xx_ll_usb.o
    0x0800bfae   0x0800bfae   0x00000002   PAD
    0x0800bfb0   0x0800bfb0   0x00000084   Code   RO          885    .text.USB_ReadPMA   stm32g4xx_ll_usb.o
    0x0800c034   0x0800c034   0x00000020   Code   RO          873    .text.USB_SetDevAddress  stm32g4xx_ll_usb.o
    0x0800c054   0x0800c054   0x00000074   Code   RO          865    .text.USB_WritePMA  stm32g4xx_ll_usb.o
    0x0800c0c8   0x0800c0c8   0x00000004   Code   RO          321    .text.UsageFault_Handler  stm32g4xx_it.o
    0x0800c0cc   0x0800c0cc   0x00000030   Code   RO          167    .text.__NVIC_EnableIRQ  dma.o
    0x0800c0fc   0x0800c0fc   0x00000030   Code   RO          280    .text.__NVIC_EnableIRQ  tim.o
    0x0800c12c   0x0800c12c   0x00000030   Code   RO         1392    .text.__NVIC_EnableIRQ  stm32g4xx_hal_cortex.o
    0x0800c15c   0x0800c15c   0x00000010   Code   RO          165    .text.__NVIC_GetPriorityGrouping  dma.o
    0x0800c16c   0x0800c16c   0x00000010   Code   RO          278    .text.__NVIC_GetPriorityGrouping  tim.o
    0x0800c17c   0x0800c17c   0x00000010   Code   RO         1384    .text.__NVIC_GetPriorityGrouping  stm32g4xx_hal_cortex.o
    0x0800c18c   0x0800c18c   0x00000042   Code   RO          161    .text.__NVIC_SetPriority  dma.o
    0x0800c1ce   0x0800c1ce   0x00000002   PAD
    0x0800c1d0   0x0800c1d0   0x00000042   Code   RO          274    .text.__NVIC_SetPriority  tim.o
    0x0800c212   0x0800c212   0x00000002   PAD
    0x0800c214   0x0800c214   0x00000042   Code   RO         1386    .text.__NVIC_SetPriority  stm32g4xx_hal_cortex.o
    0x0800c256   0x0800c256   0x00000002   PAD
    0x0800c258   0x0800c258   0x0000003c   Code   RO         1380    .text.__NVIC_SetPriorityGrouping  stm32g4xx_hal_cortex.o
    0x0800c294   0x0800c294   0x00000004   PAD
    0x0800c298   0x0800c298   0x000000b8   Code   RO         2096    .text._cos          foc.o
    0x0800c350   0x0800c350   0x00000478   Code   RO         2094    .text._sin          foc.o
    0x0800c7c8   0x0800c7c8   0x00000018   Code   RO           11    .text.delay_init    delay.o
    0x0800c7e0   0x0800c7e0   0x0000008a   Code   RO           13    .text.delay_us      delay.o
    0x0800c86a   0x0800c86a   0x00000002   PAD
    0x0800c86c   0x0800c86c   0x00000146   Code   RO           23    .text.main          main.o
    0x0800c9b2   0x0800c9b2   0x0000003e   Code   RO         2403    CL$$btod_d2e        c_w.l(btod.o)
    0x0800c9f0   0x0800c9f0   0x00000046   Code   RO         2405    CL$$btod_d2e_denorm_low  c_w.l(btod.o)
    0x0800ca36   0x0800ca36   0x00000060   Code   RO         2404    CL$$btod_d2e_norm_op1  c_w.l(btod.o)
    0x0800ca96   0x0800ca96   0x00000002   PAD
    0x0800ca98   0x0800ca98   0x00000338   Code   RO         2413    CL$$btod_div_common  c_w.l(btod.o)
    0x0800cdd0   0x0800cdd0   0x000000dc   Code   RO         2410    CL$$btod_e2e        c_w.l(btod.o)
    0x0800ceac   0x0800ceac   0x0000002a   Code   RO         2407    CL$$btod_ediv       c_w.l(btod.o)
    0x0800ced6   0x0800ced6   0x0000002a   Code   RO         2406    CL$$btod_emul       c_w.l(btod.o)
    0x0800cf00   0x0800cf00   0x00000244   Code   RO         2412    CL$$btod_mult_common  c_w.l(btod.o)
    0x0800d144   0x0800d144   0x00000030   Code   RO         2440    i.__ARM_fpclassify  m_wm.l(fpclassify.o)
    0x0800d174   0x0800d174   0x0000000e   Code   RO         2269    i._is_digit         c_w.l(__printf_wp.o)
    0x0800d182   0x0800d182   0x00000002   PAD
    0x0800d184   0x0800d184   0x0000002c   Code   RO         2428    locale$$code        c_w.l(lc_numeric_c.o)
    0x0800d1b0   0x0800d1b0   0x0000002c   Code   RO         2447    locale$$code        c_w.l(lc_ctype_c.o)
    0x0800d1dc   0x0800d1dc   0x00000062   Code   RO         2174    x$fpl$d2f           fz_wm.l(d2f.o)
    0x0800d23e   0x0800d23e   0x00000002   PAD
    0x0800d240   0x0800d240   0x00000150   Code   RO         2176    x$fpl$dadd          fz_wm.l(daddsub_clz.o)
    0x0800d390   0x0800d390   0x00000018   Code   RO         2384    x$fpl$dcmpinf       fz_wm.l(dcmpi.o)
    0x0800d3a8   0x0800d3a8   0x000002b4   Code   RO         2185    x$fpl$ddiv          fz_wm.l(ddiv.o)
    0x0800d65c   0x0800d65c   0x00000078   Code   RO         2302    x$fpl$deqf          fz_wm.l(deqf.o)
    0x0800d6d4   0x0800d6d4   0x0000005e   Code   RO         2188    x$fpl$dfix          fz_wm.l(dfix.o)
    0x0800d732   0x0800d732   0x0000002e   Code   RO         2193    x$fpl$dflt          fz_wm.l(dflt_clz.o)
    0x0800d760   0x0800d760   0x00000078   Code   RO         2304    x$fpl$dgeqf         fz_wm.l(dgeqf.o)
    0x0800d7d8   0x0800d7d8   0x00000078   Code   RO         2306    x$fpl$dleqf         fz_wm.l(dleqf.o)
    0x0800d850   0x0800d850   0x00000154   Code   RO         2198    x$fpl$dmul          fz_wm.l(dmul.o)
    0x0800d9a4   0x0800d9a4   0x0000009c   Code   RO         2308    x$fpl$dnaninf       fz_wm.l(dnaninf.o)
    0x0800da40   0x0800da40   0x0000000c   Code   RO         2310    x$fpl$dretinf       fz_wm.l(dretinf.o)
    0x0800da4c   0x0800da4c   0x000001dc   Code   RO         2178    x$fpl$dsub          fz_wm.l(daddsub_clz.o)
    0x0800dc28   0x0800dc28   0x00000056   Code   RO         2200    x$fpl$f2d           fz_wm.l(f2d.o)
    0x0800dc7e   0x0800dc7e   0x00000054   Code   RO         2182    x$fpl$fcmp          fz_wm.l(dcmp.o)
    0x0800dcd2   0x0800dcd2   0x0000008c   Code   RO         2312    x$fpl$fnaninf       fz_wm.l(fnaninf.o)
    0x0800dd5e   0x0800dd5e   0x0000001a   Code   RO         2509    x$fpl$fpinit        fz_wm.l(fpinit.o)
    0x0800dd78   0x0800dd78   0x0000000a   Code   RO         2314    x$fpl$fretinf       fz_wm.l(fretinf.o)
    0x0800dd82   0x0800dd82   0x00000004   Code   RO         2316    x$fpl$printf1       fz_wm.l(printf1.o)
    0x0800dd86   0x0800dd86   0x00000004   Code   RO         2318    x$fpl$printf2       fz_wm.l(printf2.o)
    0x0800dd8a   0x0800dd8a   0x00000000   Code   RO         2324    x$fpl$usenofp       fz_wm.l(usenofp.o)
    0x0800dd8a   0x0800dd8a   0x00000002   PAD
    0x0800dd8c   0x0800dd8c   0x00000008   Data   RO         2228    .constdata          c_w.l(_printf_wctomb.o)
    0x0800dd94   0x0800dd94   0x00000028   Data   RO         2257    .constdata          c_w.l(_printf_hex_int_ll_ptr.o)
    0x0800ddbc   0x0800ddbc   0x00000011   Data   RO         2277    .constdata          c_w.l(__printf_flags_ss_wp.o)
    0x0800ddcd   0x0800ddcd   0x00000026   Data   RO         2373    .constdata          c_w.l(_printf_fp_hex.o)
    0x0800ddf3   0x0800ddf3   0x00000001   PAD
    0x0800ddf4   0x0800ddf4   0x00000094   Data   RO         2401    .constdata          c_w.l(bigflt0.o)
    0x0800de88   0x0800de88   0x00000006   Data   RO           91    .rodata.CHANNEL_OFFSET_TAB  main.o
    0x0800de8e   0x0800de8e   0x00000006   Data   RO          149    .rodata.CHANNEL_OFFSET_TAB  adc.o
    0x0800de94   0x0800de94   0x0000000a   Data   RO          304    .rodata.OFFSET_TAB_CCMRx  tim.o
    0x0800de9e   0x0800de9e   0x0000000a   Data   RO          305    .rodata.SHIFT_TAB_OCxx  tim.o
    0x0800dea8   0x0800dea8   0x00000009   Data   RO          344    .rodata.str1.1      stm32g4xx_it.o
    0x0800deb1   0x0800deb1   0x00000042   Data   RO          468    .rodata.str1.1      usbd_desc.o
    0x0800def3   0x0800def3   0x0000000d   Data   RO         2074    .rodata.str1.1      as5600.o
    0x0800df00   0x0800df00   0x00000020   Data   RO         2584    Region$$Table       anon$$obj.o
    0x0800df20   0x0800df20   0x0000001c   Data   RO         2427    locale$$data        c_w.l(lc_numeric_c.o)
    0x0800df3c   0x0800df3c   0x00000110   Data   RO         2446    locale$$data        c_w.l(lc_ctype_c.o)


    Execution Region RW_IRAM1 (Exec base: 0x20000000, Load base: 0x0800e050, Size: 0x00001cb8, Max: 0x00008000, ABSOLUTE, COMPRESSED[0x00000260])

    Exec Addr    Load Addr    Size         Type   Attr      Idx    E Section Name        Object

    0x20000000   COMPRESSED   0x00000020   Data   RW          464    .data.CDC_Desc      usbd_desc.o
    0x20000020   COMPRESSED   0x00000004   Data   RW         2133    .data.FOC_MOTOR     foc.o
    0x20000024   COMPRESSED   0x00000004   Data   RW         1872    .data.SystemCoreClock  system_stm32g4xx.o
    0x20000028   COMPRESSED   0x00000038   Data   RW         2018    .data.USBD_CDC      usbd_cdc.o
    0x20000060   COMPRESSED   0x00000043   Data   RW         2020    .data.USBD_CDC_CfgFSDesc  usbd_cdc.o
    0x200000a3   COMPRESSED   0x00000001   PAD
    0x200000a4   COMPRESSED   0x00000043   Data   RW         2021    .data.USBD_CDC_CfgHSDesc  usbd_cdc.o
    0x200000e7   COMPRESSED   0x00000001   PAD
    0x200000e8   COMPRESSED   0x00000012   Data   RW          465    .data.USBD_CDC_DeviceDesc  usbd_desc.o
    0x200000fa   COMPRESSED   0x00000002   PAD
    0x200000fc   COMPRESSED   0x0000000a   Data   RW         2019    .data.USBD_CDC_DeviceQualifierDesc  usbd_cdc.o
    0x20000106   COMPRESSED   0x00000002   PAD
    0x20000108   COMPRESSED   0x00000043   Data   RW         2022    .data.USBD_CDC_OtherSpeedCfgDesc  usbd_cdc.o
    0x2000014b   COMPRESSED   0x00000001   PAD
    0x2000014c   COMPRESSED   0x00000014   Data   RW          491    .data.USBD_Interface_fops_FS  usbd_cdc_if.o
    0x20000160   COMPRESSED   0x00000004   Data   RW          466    .data.USBD_LangIDDesc  usbd_desc.o
    0x20000164   COMPRESSED   0x0000001a   Data   RW          467    .data.USBD_StringSerial  usbd_desc.o
    0x2000017e   COMPRESSED   0x00000002   PAD
    0x20000180   COMPRESSED   0x00000004   Data   RW         2135    .data.foc_pid_iq    foc.o
    0x20000184   COMPRESSED   0x00000190   Data   RW         2138    .data.sine_array    foc.o
    0x20000314   COMPRESSED   0x00000004   Data   RW          965    .data.uwTickFreq    stm32g4xx_hal.o
    0x20000318   COMPRESSED   0x00000004   Data   RW          964    .data.uwTickPrio    stm32g4xx_hal.o
    0x2000031c   COMPRESSED   0x00000004   PAD
    0x20000320        -       0x00000060   Zero   RW         2387    .bss                c_w.l(libspace.o)
    0x20000380        -       0x00000018   Zero   RW          169    .bss.ADC_ConvertedValue  dma.o
    0x20000398        -       0x00000004   Zero   RW         2147    .bss.DA             foc.o
    0x2000039c        -       0x00000004   Zero   RW         2148    .bss.DB             foc.o
    0x200003a0        -       0x00000004   Zero   RW         2149    .bss.DC             foc.o
    0x200003a4        -       0x0000004c   Zero   RW         2132    .bss.FOC_MOTOR__    foc.o
    0x200003f0        -       0x00000001   Zero   RW         1959    .bss.USBD_SetConfig.cfgidx  usbd_ctlreq.o
    0x200003f1   COMPRESSED   0x00000003   PAD
    0x200003f4        -       0x00000200   Zero   RW          469    .bss.USBD_StrDesc   usbd_desc.o
    0x200005f4        -       0x00000220   Zero   RW          429    .bss.USBD_static_malloc.mem  usbd_conf.o
    0x20000814        -       0x0000000c   Zero   RW         2139    .bss.U_bias         foc.o
    0x20000820        -       0x00000400   Zero   RW          493    .bss.UserRxBufferFS  usbd_cdc_if.o
    0x20000c20        -       0x00000400   Zero   RW          492    .bss.UserTxBufferFS  usbd_cdc_if.o
    0x20001020        -       0x00000006   Zero   RW         2075    .bss.angle          as5600.o
    0x20001026        -       0x00000001   Zero   RW         2140    .bss.current_judge  foc.o
    0x20001027   COMPRESSED   0x00000001   PAD
    0x20001028        -       0x00000004   Zero   RW         2156    .bss.d1             foc.o
    0x2000102c        -       0x00000004   Zero   RW         2154    .bss.d2             foc.o
    0x20001030        -       0x00000004   Zero   RW         2155    .bss.d3             foc.o
    0x20001034        -       0x00000004   Zero   RW         2151    .bss.d4             foc.o
    0x20001038        -       0x00000004   Zero   RW         2157    .bss.d5             foc.o
    0x2000103c        -       0x00000004   Zero   RW         2152    .bss.d6             foc.o
    0x20001040        -       0x00000004   Zero   RW         2153    .bss.d7             foc.o
    0x20001044        -       0x00000004   Zero   RW           15    .bss.fac_us         delay.o
    0x20001048        -       0x00000044   Zero   RW         2134    .bss.foc_pid_iq__   foc.o
    0x2000108c        -       0x000002d0   Zero   RW          439    .bss.hUsbDeviceFS   usb_device.o
    0x2000135c        -       0x00000064   Zero   RW          185    .bss.hfdcan1        fdcan.o
    0x200013c0        -       0x000002f4   Zero   RW          428    .bss.hpcd_USB_FS    usbd_conf.o
    0x200016b4        -       0x00000004   Zero   RW          966    .bss.uwTick         stm32g4xx_hal.o
    0x200016b8        -       0x00000200   Zero   RW            2    HEAP                startup_stm32g431xx.o
    0x200018b8        -       0x00000400   Zero   RW            1    STACK               startup_stm32g431xx.o


==============================================================================

Image component sizes


      Code (inc. data)   RO Data    RW Data    ZI Data      Debug   Object Name

      1342          0          6          0          0       7047   adc.o
      1416         24         13          0          6       4562   as5600.o
       162          0          0          0          4       1249   delay.o
       320          0          0          0         24       5606   dma.o
       258          0          0          0        100       5070   fdcan.o
      7790        364          0        408        197       8806   foc.o
       272          0          0          0          0       2639   gpio.o
       450          0          0          0          0       3933   i2c.o
       444          0          0          0          0       3987   lptim.o
      1382          0          6          0          0       9368   main.o
        68          0          0          0          0       1348   pid.o
       578          0          0          0          0       3753   spi.o
        64         26        472          0       1536        848   startup_stm32g431xx.o
       356          0          0          8          4       8428   stm32g4xx_hal.o
       478          0          0          0          0       9423   stm32g4xx_hal_cortex.o
       874          0          0          0          0      18603   stm32g4xx_hal_fdcan.o
       872          0          0          0          0       5516   stm32g4xx_hal_gpio.o
        88          0          0          0          0       1696   stm32g4xx_hal_msp.o
      6342          0          0          0          0      13636   stm32g4xx_hal_pcd.o
       180          0          0          0          0       5343   stm32g4xx_hal_pcd_ex.o
        18          0          0          0          0       8063   stm32g4xx_hal_pwr_ex.o
       338          4          9          0          0       3088   stm32g4xx_it.o
       424          0          0          0          0       7406   stm32g4xx_ll_adc.o
       874          0          0          0          0       5389   stm32g4xx_ll_gpio.o
       310          0          0          0          0       4419   stm32g4xx_ll_i2c.o
       244          0          0          0          0       5292   stm32g4xx_ll_spi.o
      2514          0          0          0          0      10922   stm32g4xx_ll_tim.o
      6934          4          0          0          0      10867   stm32g4xx_ll_usb.o
        98          0          0          0          0       8051   stm32g4xx_ll_utils.o
        18          0          0          4          0       2793   system_stm32g4xx.o
      1656          0         20          0          0       9472   tim.o
       118          0          0          0        720       3083   usb_device.o
      1622         12          0        267          0       9998   usbd_cdc.o
       366         36          0         20       2048       3087   usbd_cdc_if.o
      1386          4          0          0       1300      14570   usbd_conf.o
      1366          0          0          0          0       7384   usbd_core.o
      3136         46          0          0          1       8327   usbd_ctlreq.o
       572          0         66         80        512       3345   usbd_desc.o
       232          0          0          0          0       4239   usbd_ioreq.o

    ----------------------------------------------------------------------
     46318        520        624        796       6460     250656   Object Totals
         0          0         32          0          0          0   (incl. Generated)
       356          0          0          9          8          0   (incl. Padding)

    ----------------------------------------------------------------------

      Code (inc. data)   RO Data    RW Data    ZI Data      Debug   Library Member Name

        90          0          0          0          0          0   __dczerorl2.o
         8          0          0          0          0         68   __main.o
       392          4         17          0          0         92   __printf_flags_ss_wp.o
        14          0          0          0          0         68   __printf_wp.o
         0          0          0          0          0          0   __rtentry.o
        12          0          0          0          0          0   __rtentry2.o
         6          0          0          0          0          0   __rtentry4.o
        52          8          0          0          0          0   __scatter.o
        28          0          0          0          0          0   __scatter_zi.o
        72          0          0          0          0         96   _c16rtomb.o
         6          0          0          0          0          0   _printf_a.o
         6          0          0          0          0          0   _printf_c.o
        44          0          0          0          0        108   _printf_char.o
        48          6          0          0          0         96   _printf_char_common.o
        40          0          0          0          0         68   _printf_charcount.o
         6          0          0          0          0          0   _printf_d.o
       120         16          0          0          0         92   _printf_dec.o
         6          0          0          0          0          0   _printf_e.o
         6          0          0          0          0          0   _printf_f.o
      1052          0          0          0          0        148   _printf_fp_dec.o
       764          8         38          0          0        100   _printf_fp_hex.o
       128         16          0          0          0         84   _printf_fp_infnan.o
         6          0          0          0          0          0   _printf_g.o
       148          4         40          0          0        160   _printf_hex_int_ll_ptr.o
         6          0          0          0          0          0   _printf_i.o
       178          0          0          0          0         88   _printf_intcommon.o
        10          0          0          0          0          0   _printf_l.o
         6          0          0          0          0          0   _printf_lc.o
        10          0          0          0          0          0   _printf_ll.o
         6          0          0          0          0          0   _printf_lld.o
         6          0          0          0          0          0   _printf_lli.o
         6          0          0          0          0          0   _printf_llo.o
         6          0          0          0          0          0   _printf_llu.o
         6          0          0          0          0          0   _printf_llx.o
       124         16          0          0          0         92   _printf_longlong_dec.o
         6          0          0          0          0          0   _printf_ls.o
         6          0          0          0          0          0   _printf_n.o
         6          0          0          0          0          0   _printf_o.o
       112          8          0          0          0        124   _printf_oct_int_ll.o
         6          0          0          0          0          0   _printf_p.o
        78          0          0          0          0        108   _printf_pad.o
         0          0          0          0          0          0   _printf_percent.o
         4          0          0          0          0          0   _printf_percent_end.o
         6          0          0          0          0          0   _printf_s.o
        82          0          0          0          0         80   _printf_str.o
        36          0          0          0          0         84   _printf_truncate.o
         6          0          0          0          0          0   _printf_u.o
        44          0          0          0          0        108   _printf_wchar.o
       188          6          8          0          0         92   _printf_wctomb.o
         6          0          0          0          0          0   _printf_x.o
        16          0          0          0          0         68   _snputc.o
       228          4        148          0          0         96   bigflt0.o
      1936        128          0          0          0        668   btod.o
        18          0          0          0          0         80   exit.o
         6          0          0          0          0        152   heapauxi.o
         0          0          0          0          0          0   indicate_semi.o
        44         10        272          0          0         76   lc_ctype_c.o
        44         10         28          0          0         76   lc_numeric_c.o
         2          0          0          0          0          0   libinit.o
        34          0          0          0          0          0   libinit2.o
         2          0          0          0          0          0   libshutdown.o
         2          0          0          0          0          0   libshutdown2.o
         8          4          0          0         96         68   libspace.o
       138          0          0          0          0         80   lludiv10.o
        16          4          0          0          0         76   rt_ctype_table.o
         8          4          0          0          0         68   rt_locale_intlibspace.o
        78          0          0          0          0         80   rt_memclr_w.o
         2          0          0          0          0          0   rtexit.o
        10          0          0          0          0          0   rtexit2.o
       124          0          0          0          0         88   strcmpv7em.o
        12          4          0          0          0         68   sys_exit.o
        74          0          0          0          0         80   sys_stackheap_outer.o
         2          0          0          0          0         68   use_no_semi.o
        60          4          0          0          0         80   vsnprintf.o
        98          4          0          0          0        140   d2f.o
       812         16          0          0          0        392   daddsub_clz.o
        84          0          0          0          0        244   dcmp.o
        24          0          0          0          0        116   dcmpi.o
       692        140          0          0          0        264   ddiv.o
       120          4          0          0          0        140   deqf.o
        94          4          0          0          0        140   dfix.o
        46          0          0          0          0        116   dflt_clz.o
       120          4          0          0          0        140   dgeqf.o
       120          4          0          0          0        140   dleqf.o
       340         12          0          0          0        152   dmul.o
       156          4          0          0          0        140   dnaninf.o
        12          0          0          0          0        116   dretinf.o
        86          4          0          0          0        132   f2d.o
       140          4          0          0          0        132   fnaninf.o
        26          0          0          0          0        116   fpinit.o
        10          0          0          0          0        116   fretinf.o
         4          0          0          0          0        116   printf1.o
         4          0          0          0          0        116   printf2.o
         0          0          0          0          0          0   usenofp.o
        48          0          0          0          0        124   fpclassify.o

    ----------------------------------------------------------------------
      9926        464        552          0         96       7020   Library Totals
        22          0          1          0          0          0   (incl. Padding)

    ----------------------------------------------------------------------

      Code (inc. data)   RO Data    RW Data    ZI Data      Debug   Library Name

      6868        264        551          0         96       3928   c_w.l
      2988        200          0          0          0       2968   fz_wm.l
        48          0          0          0          0        124   m_wm.l

    ----------------------------------------------------------------------
      9926        464        552          0         96       7020   Library Totals

    ----------------------------------------------------------------------

==============================================================================


      Code (inc. data)   RO Data    RW Data    ZI Data      Debug   

     56244        984       1176        796       6556     252956   Grand Totals
     56244        984       1176        608       6556     252956   ELF Image Totals (compressed)
     56244        984       1176        608          0          0   ROM Totals

==============================================================================

    Total RO  Size (Code + RO Data)                57420 (  56.07kB)
    Total RW  Size (RW Data + ZI Data)              7352 (   7.18kB)
    Total ROM Size (Code + RO Data + RW Data)      58028 (  56.67kB)

==============================================================================

